 Image review-stress-migrate Building 
 Image review-stress-web Building 
 Image review-stress-api Building 
#1 [internal] load local bake definitions
#1 reading from stdin 1.55kB done
#1 DONE 0.0s

#2 [web internal] load build definition from Dockerfile
#2 transferring dockerfile: 3.98kB done
#2 DONE 0.0s

#3 [api] resolve image config for docker-image://docker.io/docker/dockerfile:1
#3 DONE 0.1s

#4 [api] docker-image://docker.io/docker/dockerfile:1@sha256:4edf897a3ffa55b89f906fc8cc78afdb3f1834cc9c7083565e611a8a7d5fe99e
#4 resolve docker.io/docker/dockerfile:1@sha256:4edf897a3ffa55b89f906fc8cc78afdb3f1834cc9c7083565e611a8a7d5fe99e 0.0s done
#4 CACHED

#5 [web internal] load metadata for docker.io/nginxinc/nginx-unprivileged:1.31-alpine
#5 DONE 0.1s

#6 [migrate internal] load metadata for docker.io/library/node:24.21-alpine
#6 DONE 0.1s

#7 [api internal] load .dockerignore
#7 transferring context: 135B done
#7 DONE 0.0s

#8 [api base 1/2] FROM docker.io/library/node:24.21-alpine@sha256:ebfe2f90462722a7a4de65e91990e97fe0d401c70e0e762c5b53302f905ec1c1
#8 resolve docker.io/library/node:24.21-alpine@sha256:ebfe2f90462722a7a4de65e91990e97fe0d401c70e0e762c5b53302f905ec1c1 0.0s done
#8 DONE 0.0s

#9 [web web 1/3] FROM docker.io/nginxinc/nginx-unprivileged:1.31-alpine@sha256:26b0bf6fbf07297983cb341998d79c831508787de26627dd2a112321b9c3a4af
#9 resolve docker.io/nginxinc/nginx-unprivileged:1.31-alpine@sha256:26b0bf6fbf07297983cb341998d79c831508787de26627dd2a112321b9c3a4af done
#9 DONE 0.0s

#10 [api internal] load build context
#10 transferring context: 18.14kB 0.0s done
#10 DONE 0.0s

#11 [web manifests 5/5] COPY apps/web/package.json apps/web/
#11 CACHED

#12 [web manifests 1/5] COPY package.json package-lock.json ./
#12 CACHED

#13 [web manifests 3/5] COPY packages/diagrams/package.json packages/diagrams/
#13 CACHED

#14 [web source 1/1] COPY . .
#14 CACHED

#15 [web base 2/2] WORKDIR /repo
#15 CACHED

#16 [web web 2/3] COPY apps/web/nginx.conf /etc/nginx/conf.d/default.conf
#16 CACHED

#17 [web deps 1/1] RUN --mount=type=cache,target=/root/.npm npm ci --no-audit --no-fund
#17 CACHED

#18 [web build-web 1/1] RUN npm run build -w @foci/web
#18 CACHED

#19 [web manifests 2/5] COPY packages/shared/package.json packages/shared/
#19 CACHED

#20 [web manifests 4/5] COPY apps/api/package.json apps/api/
#20 CACHED

#21 [web web 3/3] COPY --from=build-web /repo/apps/web/dist /usr/share/nginx/html
#21 CACHED

#15 [api base 2/2] WORKDIR /repo
#15 CACHED

#17 [api deps 1/1] RUN --mount=type=cache,target=/root/.npm npm ci --no-audit --no-fund
#17 CACHED

#20 [api manifests 4/5] COPY apps/api/package.json apps/api/
#20 CACHED

#22 [api api 4/9] COPY --chown=node:node packages/shared/package.json packages/shared/
#22 CACHED

#23 [api api 5/9] COPY --from=build-api --chown=node:node /repo/packages/shared/dist packages/shared/dist
#23 CACHED

#19 [api manifests 2/5] COPY packages/shared/package.json packages/shared/
#19 CACHED

#24 [api api-prod-deps 1/1] RUN --mount=type=cache,target=/root/.npm     npm ci --omit=dev --no-audit --no-fund -w @foci/api -w @foci/shared
#24 CACHED

#25 [api build-api 1/1] RUN npm run build -w @foci/shared -w @foci/api
#25 CACHED

#26 [api api 7/9] COPY --from=build-api --chown=node:node /repo/apps/api/dist apps/api/dist
#26 CACHED

#11 [api manifests 5/5] COPY apps/web/package.json apps/web/
#11 CACHED

#27 [api api 3/9] COPY --from=api-prod-deps --chown=node:node /repo/node_modules ./node_modules
#27 CACHED

#14 [api source 1/1] COPY . .
#14 CACHED

#12 [api manifests 1/5] COPY package.json package-lock.json ./
#12 CACHED

#28 [api api 8/9] COPY --chown=node:node apps/api/migrations apps/api/migrations
#28 CACHED

#29 [api api 6/9] COPY --chown=node:node apps/api/package.json apps/api/
#29 CACHED

#13 [api manifests 3/5] COPY packages/diagrams/package.json packages/diagrams/
#13 CACHED

#30 [migrate api 9/9] RUN rm -rf     /usr/local/bin/npm /usr/local/bin/npx /usr/local/bin/corepack     /usr/local/bin/yarn /usr/local/bin/yarnpkg     /usr/local/lib/node_modules/npm /usr/local/lib/node_modules/corepack     /opt/yarn-v*   && ! command -v npm && ! command -v npx && ! command -v corepack   && ! command -v yarn && ! command -v yarnpkg
#30 CACHED

#31 [web] exporting to image
#31 exporting layers done
#31 exporting manifest sha256:a34647c4f74587a672ad2b57fc4dc76a9ce97c3a73ce60e8f028d9b19283fbc4 done
#31 exporting config sha256:31a4be0d475b55a9a85ad1afb4d141715788b97d8cd0b778911ed004e24260ec done
#31 exporting attestation manifest sha256:b933c9edfc9665c94c4de9d2958e99b82a0ddeac7b89d5a96b8e3d678df534da 0.0s done
#31 exporting manifest list sha256:91c97312f555651d28114703e025ba5f50fa44adaec99df60824ad18def96816 done
#31 naming to docker.io/library/review-stress-web:latest done
#31 unpacking to docker.io/library/review-stress-web:latest done
#31 DONE 0.1s

#32 [migrate] exporting to image
#32 exporting layers done
#32 exporting manifest sha256:9460a3e26ac420e55da7067c8c48ad5dae80b9ea2b43b9f48d6052cec93d7136 done
#32 exporting config sha256:8f3b96376a7a417e83a6da0d42754122f5b4d7735e238e63190a5bb2941f1629 done
#32 exporting attestation manifest sha256:cdbc992220b4b2eaefd594f0ee9e0a6cd427edb383007e91f6bbdbca0175915b 0.0s done
#32 exporting manifest list sha256:6f8fb97e32e64d79a933ad4d24ca1d4ae754edb72a9eaaf07375cdb764ad1b49 done
#32 naming to docker.io/library/review-stress-migrate:latest done
#32 unpacking to docker.io/library/review-stress-migrate:latest done
#32 DONE 0.1s

#33 [api] exporting to image
#33 exporting layers done
#33 exporting manifest sha256:8ec69fedf6a884c868c3390f7dc82e79ba332dada055cc1aa7941bcdb3ea7fae done
#33 exporting config sha256:ea55cdb419a6468eacfa5d7b550bbaed5e494f63e377ffa5b1f64bcdb4d9300a done
#33 exporting attestation manifest sha256:272f171b9b68ae7312f3f8de6a56a780b9d28d528aa9dbe4bd4f955f9307036d 0.0s done
#33 exporting manifest list sha256:bf2c49d6d9a6c17730a2940cccd5d1176c31b286748a2164f0a38d2281617dc0 done
#33 naming to docker.io/library/review-stress-api:latest done
#33 unpacking to docker.io/library/review-stress-api:latest done
#33 DONE 0.1s

#34 [web] resolving provenance for metadata file
#34 DONE 0.0s

#35 [migrate] resolving provenance for metadata file
#35 DONE 0.0s

#36 [api] resolving provenance for metadata file
#36 DONE 0.0s
 Image review-stress-migrate Built 
 Image review-stress-api Built 
 Image review-stress-web Built 
 Network review-stress_default Creating 
 Network review-stress_default Creating 
 Volume review-stress_pgdata Creating 
 Volume review-stress_pgdata Creating 
 Volume review-stress_pgdata Created 
 Volume review-stress_pgdata Created 
 Network review-stress_default Created 
 Network review-stress_default Created 
 Container review-stress-db-1 Creating 
 Container review-stress-db-1 Created 
 Container review-stress-migrate-1 Creating 
 Container review-stress-migrate-1 Created 
 Container review-stress-api-1 Creating 
 Container review-stress-api-1 Created 
 Container review-stress-web-1 Creating 
 Container review-stress-web-1 Created 
 Container review-stress-db-1 Starting 
 Container review-stress-db-1 Started 
 Container review-stress-db-1 Waiting 
 Container review-stress-db-1 Healthy 
 Container review-stress-migrate-1 Starting 
 Container review-stress-migrate-1 Started 
 Container review-stress-migrate-1 Waiting 
 Container review-stress-migrate-1 Exited 
 Container review-stress-api-1 Starting 
 Container review-stress-api-1 Started 
 Container review-stress-api-1 Waiting 
 Container review-stress-api-1 Healthy 
 Container review-stress-web-1 Starting 
 Container review-stress-web-1 Started 
