

  █ THRESHOLDS 

    checks
    ✓ 'rate==1' rate=100.00%


  █ TOTAL RESULTS 

    checks_total.......: 600     2689.411196/s
    checks_succeeded...: 100.00% 600 out of 600
    checks_failed......: 0.00%   0 out of 600

    ✓ DELETE is 204 or 404

    CUSTOM
    deleted........................: 20     89.64704/s

    HTTP
    http_req_duration..............: avg=9.01ms min=709.47µs med=7.79ms max=53.96ms p(90)=10.52ms p(95)=12.64ms
      { expected_response:true }...: avg=9.01ms min=709.47µs med=7.79ms max=53.96ms p(90)=10.52ms p(95)=12.64ms
    http_req_failed................: 0.00%  0 out of 620
    http_reqs......................: 620    2779.058236/s

    EXECUTION
    iteration_duration.............: avg=9.39ms min=2.86ms   med=7.93ms max=55.75ms p(90)=10.62ms p(95)=13.22ms
    iterations.....................: 600    2689.411196/s

    NETWORK
    data_received..................: 229 kB 1.0 MB/s
    data_sent......................: 80 kB  357 kB/s



