

  █ THRESHOLDS 

    checks
    ✓ 'rate==1' rate=100.00%

    http_req_duration{name:GET /todos}
    ✓ 'p(95)<250' p(95)=9.93ms

    http_req_failed
    ✓ 'rate==0' rate=0.00%


  █ TOTAL RESULTS 

    checks_total.......: 259172  5186.112895/s
    checks_succeeded...: 100.00% 259172 out of 259172
    checks_failed......: 0.00%   0 out of 259172

    ✓ list 200
    ✓ edit 200
    ✓ complete 200
    ✓ delete 204

    HTTP
    http_req_duration..............: avg=6.33ms  min=-409767038ns med=6.28ms  max=426.55ms p(90)=8.96ms  p(95)=10.29ms
      { expected_response:true }...: avg=6.33ms  min=-409767038ns med=6.28ms  max=426.55ms p(90)=8.96ms  p(95)=10.29ms
      { name:GET /todos }..........: avg=6.06ms  min=11.5µs       med=6.04ms  max=425.51ms p(90)=8.7ms   p(95)=9.93ms 
    http_req_failed................: 0.00%  0 out of 323965
    http_reqs......................: 323965 6482.641119/s

    EXECUTION
    iteration_duration.............: avg=30.93ms min=2.44ms       med=33.27ms max=89.22ms  p(90)=43.01ms p(95)=47.22ms
    iterations.....................: 64793  1296.528224/s
    vus............................: 1      min=1           max=50
    vus_max........................: 50     min=50          max=50

    NETWORK
    data_received..................: 516 MB 10 MB/s
    data_sent......................: 49 MB  970 kB/s



