

  █ THRESHOLDS 

    checks
    ✓ 'rate==1' rate=100.00%

    http_req_failed
    ✓ 'rate==0' rate=0.00%


  █ TOTAL RESULTS 

    checks_total.......: 108965  3631.505778/s
    checks_succeeded...: 100.00% 108965 out of 108965
    checks_failed......: 0.00%   0 out of 108965

    ✓ PATCH is 200 or 412

    CUSTOM
    successful_patches.............: 21332  710.937285/s

    HTTP
    http_req_duration..............: avg=7.02ms  min=-401066239ns med=5.94ms  max=435.93ms p(90)=9.95ms  p(95)=11.38ms
      { expected_response:true }...: avg=7.02ms  min=-401066239ns med=5.94ms  max=435.93ms p(90)=9.95ms  p(95)=11.38ms
    http_req_failed................: 0.00%  0 out of 217935
    http_reqs......................: 217935 7263.178191/s

    EXECUTION
    iteration_duration.............: avg=13.75ms min=1.91ms       med=13.25ms max=182.73ms p(90)=17.49ms p(95)=20.01ms
    iterations.....................: 108965 3631.505778/s
    vus............................: 50     min=50          max=50
    vus_max........................: 50     min=50          max=50

    NETWORK
    data_received..................: 89 MB  3.0 MB/s
    data_sent......................: 34 MB  1.1 MB/s



