 Image review-acceptance-web Building 
 Image review-acceptance-api Building 
 Image review-acceptance-migrate Building 
#1 [internal] load local bake definitions
#1 reading from stdin 1.64kB done
#1 DONE 0.0s

#2 [api internal] load build definition from Dockerfile
#2 transferring dockerfile: 3.98kB done
#2 DONE 0.0s

#3 [api] resolve image config for docker-image://docker.io/docker/dockerfile:1
#3 DONE 0.3s

#4 [api] docker-image://docker.io/docker/dockerfile:1@sha256:4edf897a3ffa55b89f906fc8cc78afdb3f1834cc9c7083565e611a8a7d5fe99e
#4 resolve docker.io/docker/dockerfile:1@sha256:4edf897a3ffa55b89f906fc8cc78afdb3f1834cc9c7083565e611a8a7d5fe99e done
#4 CACHED

#5 [api internal] load metadata for docker.io/library/node:24.21-alpine
#5 ...

#6 [web internal] load metadata for docker.io/nginxinc/nginx-unprivileged:1.31-alpine
#6 DONE 0.2s

#5 [migrate internal] load metadata for docker.io/library/node:24.21-alpine
#5 DONE 0.2s

#7 [migrate internal] load .dockerignore
#7 transferring context: 135B done
#7 DONE 0.0s

#8 [migrate base 1/2] FROM docker.io/library/node:24.21-alpine@sha256:ebfe2f90462722a7a4de65e91990e97fe0d401c70e0e762c5b53302f905ec1c1
#8 resolve docker.io/library/node:24.21-alpine@sha256:ebfe2f90462722a7a4de65e91990e97fe0d401c70e0e762c5b53302f905ec1c1 0.0s done
#8 DONE 0.0s

#9 [web web 1/3] FROM docker.io/nginxinc/nginx-unprivileged:1.31-alpine@sha256:26b0bf6fbf07297983cb341998d79c831508787de26627dd2a112321b9c3a4af
#9 resolve docker.io/nginxinc/nginx-unprivileged:1.31-alpine@sha256:26b0bf6fbf07297983cb341998d79c831508787de26627dd2a112321b9c3a4af 0.0s done
#9 DONE 0.0s

#10 [web internal] load build context
#10 transferring context: 1.99MB 0.1s done
#10 transferring context: 1.99MB 0.1s done
#10 DONE 0.1s

#11 [web base 2/2] WORKDIR /repo
#11 CACHED

#12 [web manifests 1/5] COPY package.json package-lock.json ./
#12 CACHED

#13 [web manifests 3/5] COPY packages/diagrams/package.json packages/diagrams/
#13 CACHED

#14 [web manifests 4/5] COPY apps/api/package.json apps/api/
#14 CACHED

#15 [web manifests 2/5] COPY packages/shared/package.json packages/shared/
#15 CACHED

#16 [web manifests 5/5] COPY apps/web/package.json apps/web/
#16 CACHED

#17 [api deps 1/1] RUN --mount=type=cache,target=/root/.npm npm ci --no-audit --no-fund
#17 CACHED

#18 [web source 1/1] COPY . .
#18 DONE 0.1s

#19 [api build-api 1/1] RUN npm run build -w @foci/shared -w @foci/api
#19 0.438 
#19 0.438 > @foci/shared@1.0.0 build
#19 0.438 > tsc -p tsconfig.build.json
#19 0.438 
#19 ...

#20 [web build-web 1/1] RUN npm run build -w @foci/web
#20 0.435 
#20 0.435 > @foci/web@1.0.0 build
#20 0.435 > vite build
#20 0.435 
#20 0.651 vite v8.3.2 building client environment for production...
#20 0.661 transforming...
#20 0.832 ✓ 240 modules transformed.
#20 0.876 rendering chunks...
#20 0.941 computing gzip size...
#20 0.947 dist/index.html                   0.39 kB │ gzip:   0.26 kB
#20 0.947 dist/assets/index-C9oxDQ5v.css    2.93 kB │ gzip:   0.98 kB
#20 0.947 dist/assets/index-Dhb3rBmD.js   390.51 kB │ gzip: 119.23 kB
#20 0.947 
#20 0.950 ✓ built in 298ms
#20 0.971 npm notice
#20 0.971 npm notice New major version of npm available! 11.19.0 -> 12.2.0
#20 0.971 npm notice Changelog: https://github.com/npm/cli/releases/tag/v12.2.0
#20 0.971 npm notice To update run: npm install -g npm@12.2.0
#20 0.971 npm notice
#20 DONE 1.0s

#21 [web web 2/3] COPY apps/web/nginx.conf /etc/nginx/conf.d/default.conf
#21 CACHED

#22 [web web 3/3] COPY --from=build-web /repo/apps/web/dist /usr/share/nginx/html
#22 CACHED

#23 [web] exporting to image
#23 exporting layers done
#23 exporting manifest sha256:c9b4ceb2320d81f2199fa11e851163d6ebbc7e16d930a31c8efa2b1559d1cefc done
#23 exporting config sha256:104f17c414898f500352a7f52550928cc71360b4cbf6221ddf9930469b563d92 0.0s done
#23 exporting attestation manifest sha256:50319c83e43191fbb5abebe9964d0b01ea8b8bb19e8eb672b7b235375ec23584 0.0s done
#23 exporting manifest list sha256:f3fe9efbf3eeae047d390a0bf0670050c111084801093344e535702f0e45ff7c done
#23 naming to docker.io/library/review-acceptance-web:latest done
#23 unpacking to docker.io/library/review-acceptance-web:latest 0.0s done
#23 DONE 0.1s

#24 [web] resolving provenance for metadata file
#24 DONE 0.0s

#19 [api build-api 1/1] RUN npm run build -w @foci/shared -w @foci/api
#19 1.156 
#19 1.156 > @foci/api@1.0.0 build
#19 1.156 > tsc -p tsconfig.build.json
#19 1.156 
#19 2.477 npm notice
#19 2.477 npm notice New major version of npm available! 11.19.0 -> 12.2.0
#19 2.477 npm notice Changelog: https://github.com/npm/cli/releases/tag/v12.2.0
#19 2.477 npm notice To update run: npm install -g npm@12.2.0
#19 2.477 npm notice
#19 DONE 2.5s

#25 [migrate api-prod-deps 1/1] RUN --mount=type=cache,target=/root/.npm     npm ci --omit=dev --no-audit --no-fund -w @foci/api -w @foci/shared
#25 CACHED

#26 [migrate api 7/9] COPY --from=build-api --chown=node:node /repo/apps/api/dist apps/api/dist
#26 CACHED

#27 [migrate api 8/9] COPY --chown=node:node apps/api/migrations apps/api/migrations
#27 CACHED

#28 [migrate api 6/9] COPY --chown=node:node apps/api/package.json apps/api/
#28 CACHED

#29 [migrate api 3/9] COPY --from=api-prod-deps --chown=node:node /repo/node_modules ./node_modules
#29 CACHED

#30 [migrate api 5/9] COPY --from=build-api --chown=node:node /repo/packages/shared/dist packages/shared/dist
#30 CACHED

#31 [migrate api 4/9] COPY --chown=node:node packages/shared/package.json packages/shared/
#31 CACHED

#32 [migrate api 9/9] RUN rm -rf     /usr/local/bin/npm /usr/local/bin/npx /usr/local/bin/corepack     /usr/local/bin/yarn /usr/local/bin/yarnpkg     /usr/local/lib/node_modules/npm /usr/local/lib/node_modules/corepack     /opt/yarn-v*   && ! command -v npm && ! command -v npx && ! command -v corepack   && ! command -v yarn && ! command -v yarnpkg
#32 CACHED

#33 [api] exporting to image
#33 exporting layers done
#33 exporting manifest sha256:2de230375039db153e900e604280f082ec888757dcc33c177a41d26aec07aecb done
#33 exporting config sha256:c9d476afe700063e6f48784a15c1a25ede9f0ff35e57cd3d4545912da2d47402 done
#33 exporting attestation manifest sha256:3f4a5bcbe7f57a778c97bb7e06ea495bb20d29157024adbbe65d7f9494ea708c 0.0s done
#33 exporting manifest list sha256:e224e490d89a03d88bec9785ac4af154cfc9ce6c30693395dc706cc808c75766 done
#33 naming to docker.io/library/review-acceptance-api:latest done
#33 unpacking to docker.io/library/review-acceptance-api:latest done
#33 DONE 0.1s

#34 [migrate] exporting to image
#34 exporting layers done
#34 exporting manifest sha256:00731b3b60ab89999444fea2b3a433adc2ec6b88785063db4248908caa8f845c done
#34 exporting config sha256:869187258b215779f0100f2a1b407b019e85bd1b8dd9d261bd252bc263f9d1f5 done
#34 exporting attestation manifest sha256:d3e59c44698205a8fc7a4be6779c2d5fef412e7291263842ed716d4d3ff3e892 0.0s done
#34 exporting manifest list sha256:513356bd8b37ef8befd5dbedb8cf1929d07ab6c114fb06c59c4f1f3b5f458004 done
#34 naming to docker.io/library/review-acceptance-migrate:latest done
#34 unpacking to docker.io/library/review-acceptance-migrate:latest done
#34 DONE 0.1s

#35 [api] resolving provenance for metadata file
#35 DONE 0.0s

#36 [migrate] resolving provenance for metadata file
#36 DONE 0.0s
 Image review-acceptance-migrate Built 
 Image review-acceptance-api Built 
 Image review-acceptance-web Built 
 Network review-acceptance_default Creating 
 Network review-acceptance_default Creating 
 Volume review-acceptance_pgdata Creating 
 Volume review-acceptance_pgdata Creating 
 Volume review-acceptance_pgdata Created 
 Volume review-acceptance_pgdata Created 
 Network review-acceptance_default Created 
 Network review-acceptance_default Created 
 Container review-acceptance-db-1 Creating 
 Container review-acceptance-db-1 Created 
 Container review-acceptance-migrate-1 Creating 
 Container review-acceptance-migrate-1 Created 
 Container review-acceptance-api-1 Creating 
 Container review-acceptance-api-1 Created 
 Container review-acceptance-web-1 Creating 
 Container review-acceptance-web-1 Created 
 Container review-acceptance-db-1 Starting 
 Container review-acceptance-db-1 Started 
 Container review-acceptance-db-1 Waiting 
 Container review-acceptance-db-1 Healthy 
 Container review-acceptance-migrate-1 Starting 
 Container review-acceptance-migrate-1 Started 
 Container review-acceptance-migrate-1 Waiting 
 Container review-acceptance-migrate-1 Exited 
 Container review-acceptance-api-1 Starting 
 Container review-acceptance-api-1 Started 
 Container review-acceptance-api-1 Waiting 
 Container review-acceptance-api-1 Healthy 
 Container review-acceptance-web-1 Starting 
 Container review-acceptance-web-1 Started 
