

  █ THRESHOLDS 

    checks
    ✓ 'rate==1' rate=100.00%


  █ TOTAL RESULTS 

    checks_total.......: 600     2332.208755/s
    checks_succeeded...: 100.00% 600 out of 600
    checks_failed......: 0.00%   0 out of 600

    ✓ DELETE is 204 or 404

    CUSTOM
    deleted........................: 20     77.740292/s

    HTTP
    http_req_duration..............: avg=10.52ms min=816.7µs med=8.42ms max=68.74ms p(90)=13.97ms p(95)=17.24ms
      { expected_response:true }...: avg=10.52ms min=816.7µs med=8.42ms max=68.74ms p(90)=13.97ms p(95)=17.24ms
    http_req_failed................: 0.00%  0 out of 620
    http_reqs......................: 620    2409.949047/s

    EXECUTION
    iteration_duration.............: avg=10.9ms  min=3.12ms  med=8.61ms max=69.01ms p(90)=14.11ms p(95)=17.51ms
    iterations.....................: 600    2332.208755/s

    NETWORK
    data_received..................: 229 kB 890 kB/s
    data_sent......................: 80 kB  310 kB/s



