 Image review-stress-migrate Building 
 Image review-stress-api Building 
 Image review-stress-web Building 
#1 [internal] load local bake definitions
#1 reading from stdin 1.66kB done
#1 DONE 0.0s

#2 [migrate internal] load build definition from Dockerfile
#2 transferring dockerfile: 3.67kB done
#2 DONE 0.0s

#3 [web] resolve image config for docker-image://docker.io/docker/dockerfile:1
#3 DONE 0.2s

#4 [api] docker-image://docker.io/docker/dockerfile:1@sha256:4edf897a3ffa55b89f906fc8cc78afdb3f1834cc9c7083565e611a8a7d5fe99e
#4 resolve docker.io/docker/dockerfile:1@sha256:4edf897a3ffa55b89f906fc8cc78afdb3f1834cc9c7083565e611a8a7d5fe99e 0.0s done
#4 CACHED

#5 [api internal] load metadata for docker.io/library/node:24.21-alpine
#5 ...

#6 [web internal] load metadata for docker.io/nginxinc/nginx-unprivileged:1.31-alpine
#6 DONE 0.2s

#5 [api internal] load metadata for docker.io/library/node:24.21-alpine
#5 DONE 0.2s

#7 [migrate internal] load .dockerignore
#7 transferring context: 135B done
#7 DONE 0.0s

#8 [api base 1/2] FROM docker.io/library/node:24.21-alpine@sha256:ebfe2f90462722a7a4de65e91990e97fe0d401c70e0e762c5b53302f905ec1c1
#8 resolve docker.io/library/node:24.21-alpine@sha256:ebfe2f90462722a7a4de65e91990e97fe0d401c70e0e762c5b53302f905ec1c1 0.0s done
#8 DONE 0.0s

#9 [web web 1/3] FROM docker.io/nginxinc/nginx-unprivileged:1.31-alpine@sha256:26b0bf6fbf07297983cb341998d79c831508787de26627dd2a112321b9c3a4af
#9 resolve docker.io/nginxinc/nginx-unprivileged:1.31-alpine@sha256:26b0bf6fbf07297983cb341998d79c831508787de26627dd2a112321b9c3a4af 0.0s done
#9 DONE 0.0s

#10 [migrate internal] load build context
#10 transferring context: 14.04kB 0.0s done
#10 DONE 0.0s

#11 [web manifests 3/4] COPY apps/api/package.json apps/api/
#11 CACHED

#12 [web source 1/1] COPY . .
#12 CACHED

#13 [web build-web 1/1] RUN BUILD_DATE="$(date -u +%Y-%m-%d)" npm run build -w @foci/web
#13 CACHED

#14 [web deps 1/1] RUN --mount=type=cache,target=/root/.npm npm ci --no-audit --no-fund
#14 CACHED

#15 [web base 2/2] WORKDIR /repo
#15 CACHED

#16 [web manifests 1/4] COPY package.json package-lock.json ./
#16 CACHED

#17 [web manifests 2/4] COPY packages/shared/package.json packages/shared/
#17 CACHED

#18 [web manifests 4/4] COPY apps/web/package.json apps/web/
#18 CACHED

#19 [web web 2/3] COPY apps/web/nginx.conf /etc/nginx/conf.d/default.conf
#19 CACHED

#20 [web web 3/3] COPY --from=build-web /repo/apps/web/dist /usr/share/nginx/html
#20 CACHED

#18 [migrate manifests 4/4] COPY apps/web/package.json apps/web/
#18 CACHED

#21 [migrate build-api 1/1] RUN npm run build -w @foci/shared -w @foci/api
#21 CACHED

#22 [migrate api 5/9] COPY --from=build-api --chown=node:node /repo/packages/shared/dist packages/shared/dist
#22 CACHED

#23 [migrate api 6/9] COPY --chown=node:node apps/api/package.json apps/api/
#23 CACHED

#14 [migrate deps 1/1] RUN --mount=type=cache,target=/root/.npm npm ci --no-audit --no-fund
#14 CACHED

#11 [migrate manifests 3/4] COPY apps/api/package.json apps/api/
#11 CACHED

#24 [migrate api 3/9] COPY --from=api-prod-deps --chown=node:node /repo/node_modules ./node_modules
#24 CACHED

#25 [migrate api 8/9] COPY --chown=node:node apps/api/migrations apps/api/migrations
#25 CACHED

#16 [migrate manifests 1/4] COPY package.json package-lock.json ./
#16 CACHED

#15 [migrate base 2/2] WORKDIR /repo
#15 CACHED

#26 [migrate api 7/9] COPY --from=build-api --chown=node:node /repo/apps/api/dist apps/api/dist
#26 CACHED

#12 [migrate source 1/1] COPY . .
#12 CACHED

#17 [migrate manifests 2/4] COPY packages/shared/package.json packages/shared/
#17 CACHED

#27 [migrate api-prod-deps 1/1] RUN --mount=type=cache,target=/root/.npm     npm ci --omit=dev --no-audit --no-fund -w @foci/api -w @foci/shared
#27 CACHED

#28 [migrate api 4/9] COPY --chown=node:node packages/shared/package.json packages/shared/
#28 CACHED

#29 [api api 9/9] RUN rm -rf     /usr/local/bin/npm /usr/local/bin/npx /usr/local/bin/corepack     /usr/local/bin/yarn /usr/local/bin/yarnpkg     /usr/local/lib/node_modules/npm /usr/local/lib/node_modules/corepack     /opt/yarn-v*   && ! command -v npm && ! command -v npx && ! command -v corepack   && ! command -v yarn && ! command -v yarnpkg
#29 CACHED

#30 [api] exporting to image
#30 exporting layers done
#30 exporting manifest sha256:b509aff6c9afd4c6f7dd3605afc0c46150acdcf26f8cb2330bb95b41cf22d8c3 done
#30 exporting config sha256:b094523d2be04eb295884d1014f2b3bd15443a4f5dd1ac1e6780b0f52cca725e done
#30 exporting attestation manifest sha256:481ef01697088ce915c403edf091b670c1ad98c6a9dd9f93b5bb57368e78638b 0.0s done
#30 exporting manifest list sha256:c20673e7337af12d15453857ae78947588d0c1dac57f43ef2f421719eb82ff73 done
#30 naming to docker.io/library/review-stress-api:latest done
#30 unpacking to docker.io/library/review-stress-api:latest 0.0s done
#30 DONE 0.1s

#31 [web] exporting to image
#31 exporting layers done
#31 exporting manifest sha256:b5153b870bf4d0614325b49e4b564eda43ac51e4e1459230a29184f91603b27e done
#31 exporting config sha256:6b83d23be35f28247c6ae966ae520a854b7cba5995aa90264253d224c9c60889 done
#31 exporting attestation manifest sha256:27639cfd17fe1ff816c1a6463ab31963c0ceb8f502cb9d38081d841f9f333257 0.0s done
#31 exporting manifest list sha256:913cf59d3d8aa56a20c3afa4a7f9281e4f0d6f2478189f97d306b641705a9673 0.0s done
#31 naming to docker.io/library/review-stress-web:latest done
#31 unpacking to docker.io/library/review-stress-web:latest 0.0s done
#31 DONE 0.1s

#32 [migrate] exporting to image
#32 exporting layers done
#32 exporting manifest sha256:d9fcd6221aa098b786f7d24060475b4e5e90e38358e56480ad9778c1a390b81e done
#32 exporting config sha256:3963c19dee9652643b193637b19bd4bea4f0b7522907d7b3276247b39be65607 done
#32 exporting attestation manifest sha256:3ab84c6e5ac47e193f2e690a0eab3c5f65b892ba0d780ae1beb552320c26b952 0.0s done
#32 exporting manifest list sha256:422c48b98b0db365a0f8ead74c297b967692e3179c818de782e4e2ec2e27c275 done
#32 naming to docker.io/library/review-stress-migrate:latest done
#32 unpacking to docker.io/library/review-stress-migrate:latest 0.0s done
#32 DONE 0.1s

#33 [migrate] resolving provenance for metadata file
#33 DONE 0.0s

#34 [api] resolving provenance for metadata file
#34 DONE 0.0s

#35 [web] resolving provenance for metadata file
#35 DONE 0.0s
 Image review-stress-migrate Built 
 Image review-stress-api Built 
 Image review-stress-web Built 
 Network review-stress_default Creating 
 Network review-stress_default Creating 
 Volume review-stress_pgdata Creating 
 Volume review-stress_pgdata Creating 
 Volume review-stress_pgdata Created 
 Volume review-stress_pgdata Created 
 Network review-stress_default Created 
 Network review-stress_default Created 
 Container review-stress-db-1 Creating 
 Container review-stress-db-1 Created 
 Container review-stress-migrate-1 Creating 
 Container review-stress-migrate-1 Created 
 Container review-stress-api-1 Creating 
 Container review-stress-api-1 Created 
 Container review-stress-web-1 Creating 
 Container review-stress-web-1 Created 
 Container review-stress-db-1 Starting 
 Container review-stress-db-1 Started 
 Container review-stress-db-1 Waiting 
 Container review-stress-db-1 Healthy 
 Container review-stress-migrate-1 Starting 
 Container review-stress-migrate-1 Started 
 Container review-stress-migrate-1 Waiting 
 Container review-stress-migrate-1 Exited 
 Container review-stress-api-1 Starting 
 Container review-stress-api-1 Started 
 Container review-stress-api-1 Waiting 
 Container review-stress-api-1 Healthy 
 Container review-stress-web-1 Starting 
 Container review-stress-web-1 Started 
