 Image review-stress-api Building 
 Image review-stress-web Building 
 Image review-stress-migrate Building 
#1 [internal] load local bake definitions
#1 reading from stdin 1.66kB done
#1 DONE 0.0s

#2 [api internal] load build definition from Dockerfile
#2 transferring dockerfile: 3.67kB done
#2 DONE 0.0s

#3 [api] resolve image config for docker-image://docker.io/docker/dockerfile:1
#3 DONE 0.1s

#4 [api] docker-image://docker.io/docker/dockerfile:1@sha256:4edf897a3ffa55b89f906fc8cc78afdb3f1834cc9c7083565e611a8a7d5fe99e
#4 resolve docker.io/docker/dockerfile:1@sha256:4edf897a3ffa55b89f906fc8cc78afdb3f1834cc9c7083565e611a8a7d5fe99e done
#4 CACHED

#5 [migrate internal] load metadata for docker.io/library/node:24.21-alpine
#5 DONE 0.1s

#6 [web internal] load metadata for docker.io/nginxinc/nginx-unprivileged:1.31-alpine
#6 DONE 0.1s

#7 [api internal] load .dockerignore
#7 transferring context: 135B done
#7 DONE 0.0s

#8 [migrate base 1/2] FROM docker.io/library/node:24.21-alpine@sha256:ebfe2f90462722a7a4de65e91990e97fe0d401c70e0e762c5b53302f905ec1c1
#8 resolve docker.io/library/node:24.21-alpine@sha256:ebfe2f90462722a7a4de65e91990e97fe0d401c70e0e762c5b53302f905ec1c1 done
#8 DONE 0.0s

#9 [web web 1/3] FROM docker.io/nginxinc/nginx-unprivileged:1.31-alpine@sha256:26b0bf6fbf07297983cb341998d79c831508787de26627dd2a112321b9c3a4af
#9 resolve docker.io/nginxinc/nginx-unprivileged:1.31-alpine@sha256:26b0bf6fbf07297983cb341998d79c831508787de26627dd2a112321b9c3a4af done
#9 DONE 0.0s

#10 [api internal] load build context
#10 transferring context: 1.19MB 0.0s done
#10 DONE 0.1s

#11 [web build-web 1/1] RUN BUILD_DATE="$(date -u +%Y-%m-%d)" npm run build -w @foci/web
#11 CACHED

#12 [web source 1/1] COPY . .
#12 CACHED

#13 [web manifests 4/4] COPY apps/web/package.json apps/web/
#13 CACHED

#14 [web deps 1/1] RUN --mount=type=cache,target=/root/.npm npm ci --no-audit --no-fund
#14 CACHED

#15 [web manifests 1/4] COPY package.json package-lock.json ./
#15 CACHED

#16 [web web 2/3] COPY apps/web/nginx.conf /etc/nginx/conf.d/default.conf
#16 CACHED

#17 [web manifests 2/4] COPY packages/shared/package.json packages/shared/
#17 CACHED

#18 [web manifests 3/4] COPY apps/api/package.json apps/api/
#18 CACHED

#19 [web base 2/2] WORKDIR /repo
#19 CACHED

#20 [web web 3/3] COPY --from=build-web /repo/apps/web/dist /usr/share/nginx/html
#20 CACHED

#21 [api build-api 1/1] RUN npm run build -w @foci/shared -w @foci/api
#21 CACHED

#15 [api manifests 1/4] COPY package.json package-lock.json ./
#15 CACHED

#22 [api api 6/9] COPY --chown=node:node apps/api/package.json apps/api/
#22 CACHED

#18 [api manifests 3/4] COPY apps/api/package.json apps/api/
#18 CACHED

#13 [api manifests 4/4] COPY apps/web/package.json apps/web/
#13 CACHED

#19 [api base 2/2] WORKDIR /repo
#19 CACHED

#23 [api api-prod-deps 1/1] RUN --mount=type=cache,target=/root/.npm     npm ci --omit=dev --no-audit --no-fund -w @foci/api -w @foci/shared
#23 CACHED

#24 [api api 4/9] COPY --chown=node:node packages/shared/package.json packages/shared/
#24 CACHED

#12 [api source 1/1] COPY . .
#12 CACHED

#25 [api api 5/9] COPY --from=build-api --chown=node:node /repo/packages/shared/dist packages/shared/dist
#25 CACHED

#26 [api api 3/9] COPY --from=api-prod-deps --chown=node:node /repo/node_modules ./node_modules
#26 CACHED

#14 [api deps 1/1] RUN --mount=type=cache,target=/root/.npm npm ci --no-audit --no-fund
#14 CACHED

#27 [api api 7/9] COPY --from=build-api --chown=node:node /repo/apps/api/dist apps/api/dist
#27 CACHED

#17 [api manifests 2/4] COPY packages/shared/package.json packages/shared/
#17 CACHED

#28 [api api 8/9] COPY --chown=node:node apps/api/migrations apps/api/migrations
#28 CACHED

#29 [api api 9/9] RUN rm -rf     /usr/local/bin/npm /usr/local/bin/npx /usr/local/bin/corepack     /usr/local/bin/yarn /usr/local/bin/yarnpkg     /usr/local/lib/node_modules/npm /usr/local/lib/node_modules/corepack     /opt/yarn-v*   && ! command -v npm && ! command -v npx && ! command -v corepack   && ! command -v yarn && ! command -v yarnpkg
#29 CACHED

#30 [api] exporting to image
#30 exporting layers done
#30 exporting manifest sha256:b509aff6c9afd4c6f7dd3605afc0c46150acdcf26f8cb2330bb95b41cf22d8c3 done
#30 exporting config sha256:b094523d2be04eb295884d1014f2b3bd15443a4f5dd1ac1e6780b0f52cca725e done
#30 exporting attestation manifest sha256:05c28063134e9a909c3b7d59eec73d4dd1e804be40aa692c4ddb1894b3ad956d 0.0s done
#30 exporting manifest list sha256:d2e7080b4344d95f6fe35cb6888ce8df0cd83a7a8f37953ab413d01c3563ae68 done
#30 naming to docker.io/library/review-stress-api:latest done
#30 unpacking to docker.io/library/review-stress-api:latest done
#30 DONE 0.1s

#31 [migrate] exporting to image
#31 exporting layers done
#31 exporting manifest sha256:d9fcd6221aa098b786f7d24060475b4e5e90e38358e56480ad9778c1a390b81e done
#31 exporting config sha256:3963c19dee9652643b193637b19bd4bea4f0b7522907d7b3276247b39be65607 done
#31 exporting attestation manifest sha256:275ef6cca71ec4e52ad06bad4a4df0a7c360ff2b64be0c533dadde90b0e8dfaa 0.0s done
#31 exporting manifest list sha256:403ff67a22dd2d1d4b0fe768a4e2e3b124ce94d7749e2c32e63637c87a217af4 done
#31 naming to docker.io/library/review-stress-migrate:latest done
#31 unpacking to docker.io/library/review-stress-migrate:latest done
#31 DONE 0.1s

#32 [web] exporting to image
#32 exporting layers done
#32 exporting manifest sha256:b5153b870bf4d0614325b49e4b564eda43ac51e4e1459230a29184f91603b27e done
#32 exporting config sha256:6b83d23be35f28247c6ae966ae520a854b7cba5995aa90264253d224c9c60889 done
#32 exporting attestation manifest sha256:9c4a36524b12622804fe8e2fe48cdf8cf7af69b72d2a077000243a1b8b97d697 0.0s done
#32 exporting manifest list sha256:a85224e214eb1cac56178f196bf95ade36b6833fcbc82315ec3980d1d2e46613 done
#32 naming to docker.io/library/review-stress-web:latest done
#32 unpacking to docker.io/library/review-stress-web:latest done
#32 DONE 0.1s

#33 [api] resolving provenance for metadata file
#33 DONE 0.0s

#34 [migrate] resolving provenance for metadata file
#34 DONE 0.0s

#35 [web] resolving provenance for metadata file
#35 DONE 0.0s
 Image review-stress-migrate Built 
 Image review-stress-api Built 
 Image review-stress-web Built 
 Network review-stress_default Creating 
 Network review-stress_default Creating 
 Volume review-stress_pgdata Creating 
 Volume review-stress_pgdata Creating 
 Volume review-stress_pgdata Created 
 Volume review-stress_pgdata Created 
 Network review-stress_default Created 
 Network review-stress_default Created 
 Container review-stress-db-1 Creating 
 Container review-stress-db-1 Created 
 Container review-stress-migrate-1 Creating 
 Container review-stress-migrate-1 Created 
 Container review-stress-api-1 Creating 
 Container review-stress-api-1 Created 
 Container review-stress-web-1 Creating 
 Container review-stress-web-1 Created 
 Container review-stress-db-1 Starting 
 Container review-stress-db-1 Started 
 Container review-stress-db-1 Waiting 
 Container review-stress-db-1 Healthy 
 Container review-stress-migrate-1 Starting 
 Container review-stress-migrate-1 Started 
 Container review-stress-migrate-1 Waiting 
 Container review-stress-migrate-1 Exited 
 Container review-stress-api-1 Starting 
 Container review-stress-api-1 Started 
 Container review-stress-api-1 Waiting 
 Container review-stress-api-1 Healthy 
 Container review-stress-web-1 Starting 
 Container review-stress-web-1 Started 
