

  █ THRESHOLDS 

    checks
    ✓ 'rate==1' rate=100.00%

    http_req_failed
    ✓ 'rate==0' rate=0.00%


  █ TOTAL RESULTS 

    checks_total.......: 107184  3569.206808/s
    checks_succeeded...: 100.00% 107184 out of 107184
    checks_failed......: 0.00%   0 out of 107184

    ✓ PATCH is 200 or 412

    CUSTOM
    successful_patches.............: 20976  698.496809/s

    HTTP
    http_req_duration..............: avg=6.87ms  min=294.33µs med=6.03ms  max=162.79ms p(90)=10.22ms p(95)=11.85ms
      { expected_response:true }...: avg=6.87ms  min=294.33µs med=6.03ms  max=162.79ms p(90)=10.22ms p(95)=11.85ms
    http_req_failed................: 0.00%  0 out of 214373
    http_reqs......................: 214373 7138.580116/s

    EXECUTION
    iteration_duration.............: avg=13.98ms min=1.66ms   med=13.36ms max=183.31ms p(90)=18.17ms p(95)=20.82ms
    iterations.....................: 107184 3569.206808/s
    vus............................: 50     min=50          max=50
    vus_max........................: 50     min=50          max=50

    NETWORK
    data_received..................: 87 MB  2.9 MB/s
    data_sent......................: 34 MB  1.1 MB/s



