 Image review-verify-web Building 
 Image review-verify-migrate Building 
 Image review-verify-api Building 
#1 [internal] load local bake definitions
#1 reading from stdin 1.69kB done
#1 DONE 0.0s

#2 [migrate internal] load build definition from Dockerfile
#2 transferring dockerfile: 3.98kB done
#2 DONE 0.0s

#3 [web] resolve image config for docker-image://docker.io/docker/dockerfile:1
#3 DONE 0.2s

#4 [web] docker-image://docker.io/docker/dockerfile:1@sha256:4edf897a3ffa55b89f906fc8cc78afdb3f1834cc9c7083565e611a8a7d5fe99e
#4 resolve docker.io/docker/dockerfile:1@sha256:4edf897a3ffa55b89f906fc8cc78afdb3f1834cc9c7083565e611a8a7d5fe99e done
#4 CACHED

#5 [migrate internal] load metadata for docker.io/library/node:24.21-alpine
#5 DONE 0.2s

#6 [web internal] load metadata for docker.io/nginxinc/nginx-unprivileged:1.31-alpine
#6 DONE 0.2s

#7 [api internal] load .dockerignore
#7 transferring context: 135B done
#7 DONE 0.0s

#8 [migrate base 1/2] FROM docker.io/library/node:24.21-alpine@sha256:ebfe2f90462722a7a4de65e91990e97fe0d401c70e0e762c5b53302f905ec1c1
#8 resolve docker.io/library/node:24.21-alpine@sha256:ebfe2f90462722a7a4de65e91990e97fe0d401c70e0e762c5b53302f905ec1c1 0.0s done
#8 DONE 0.0s

#9 [web base 2/2] WORKDIR /repo
#9 CACHED

#10 [web web 1/3] FROM docker.io/nginxinc/nginx-unprivileged:1.31-alpine@sha256:26b0bf6fbf07297983cb341998d79c831508787de26627dd2a112321b9c3a4af
#10 resolve docker.io/nginxinc/nginx-unprivileged:1.31-alpine@sha256:26b0bf6fbf07297983cb341998d79c831508787de26627dd2a112321b9c3a4af 0.0s done
#10 CACHED

#11 [api internal] load build context
#11 transferring context: 1.99MB 0.1s done
#11 transferring context: 1.99MB 0.1s done
#11 DONE 0.1s

#12 [web web 2/3] COPY apps/web/nginx.conf /etc/nginx/conf.d/default.conf
#12 DONE 0.0s

#13 [migrate manifests 1/5] COPY package.json package-lock.json ./
#13 DONE 0.0s

#14 [migrate manifests 2/5] COPY packages/shared/package.json packages/shared/
#14 DONE 0.0s

#15 [migrate manifests 3/5] COPY packages/diagrams/package.json packages/diagrams/
#15 DONE 0.0s

#16 [api manifests 4/5] COPY apps/api/package.json apps/api/
#16 DONE 0.0s

#17 [api manifests 5/5] COPY apps/web/package.json apps/web/
#17 DONE 0.0s

#18 [api deps 1/1] RUN --mount=type=cache,target=/root/.npm npm ci --no-audit --no-fund
#18 ...

#19 [api api-prod-deps 1/1] RUN --mount=type=cache,target=/root/.npm     npm ci --omit=dev --no-audit --no-fund -w @foci/api -w @foci/shared
#19 2.830 
#19 2.830 added 127 packages in 3s
#19 2.831 npm warn install-scripts 1 package has install scripts not yet covered by allowScripts:
#19 2.831 npm warn install-scripts   @scarf/scarf@1.4.0 (postinstall: node ./report.js)
#19 2.831 npm warn install-scripts
#19 2.831 npm warn install-scripts Run `npm install-scripts ls` to review, or `npm install-scripts approve <pkg>` to allow.
#19 2.833 npm notice
#19 2.833 npm notice New major version of npm available! 11.19.0 -> 12.2.0
#19 2.833 npm notice Changelog: https://github.com/npm/cli/releases/tag/v12.2.0
#19 2.833 npm notice To update run: npm install -g npm@12.2.0
#19 2.833 npm notice
#19 DONE 3.0s

#20 [migrate api 3/9] COPY --from=api-prod-deps --chown=node:node /repo/node_modules ./node_modules
#20 DONE 0.4s

#21 [api api 4/9] COPY --chown=node:node packages/shared/package.json packages/shared/
#21 DONE 0.1s

#18 [api deps 1/1] RUN --mount=type=cache,target=/root/.npm npm ci --no-audit --no-fund
#18 5.688 
#18 5.688 added 435 packages in 5s
#18 5.690 npm warn install-scripts 2 packages have install scripts not yet covered by allowScripts:
#18 5.690 npm warn install-scripts   @scarf/scarf@1.4.0 (postinstall: node ./report.js)
#18 5.690 npm warn install-scripts   unrs-resolver@1.12.2 (postinstall: node postinstall.js)
#18 5.690 npm warn install-scripts
#18 5.690 npm warn install-scripts Run `npm install-scripts ls` to review, or `npm install-scripts approve <pkg>` to allow.
#18 5.691 npm notice
#18 5.691 npm notice New major version of npm available! 11.19.0 -> 12.2.0
#18 5.691 npm notice Changelog: https://github.com/npm/cli/releases/tag/v12.2.0
#18 5.691 npm notice To update run: npm install -g npm@12.2.0
#18 5.691 npm notice
#18 DONE 5.9s

#22 [api source 1/1] COPY . .
#22 DONE 0.1s

#23 [migrate build-api 1/1] RUN npm run build -w @foci/shared -w @foci/api
#23 0.345 
#23 0.345 > @foci/shared@1.0.0 build
#23 0.345 > tsc -p tsconfig.build.json
#23 0.345 
#23 ...

#24 [web build-web 1/1] RUN npm run build -w @foci/web
#24 0.336 
#24 0.336 > @foci/web@1.0.0 build
#24 0.336 > vite build
#24 0.336 
#24 0.517 vite v8.3.2 building client environment for production...
#24 0.525 transforming...
#24 0.649 ✓ 240 modules transformed.
#24 0.677 rendering chunks...
#24 0.742 computing gzip size...
#24 0.750 dist/index.html                   0.39 kB │ gzip:   0.26 kB
#24 0.750 dist/assets/index-C9oxDQ5v.css    2.93 kB │ gzip:   0.98 kB
#24 0.750 dist/assets/index-Dhb3rBmD.js   390.51 kB │ gzip: 119.23 kB
#24 0.750 
#24 0.754 ✓ built in 236ms
#24 0.773 npm notice
#24 0.773 npm notice New major version of npm available! 11.19.0 -> 12.2.0
#24 0.773 npm notice Changelog: https://github.com/npm/cli/releases/tag/v12.2.0
#24 0.773 npm notice To update run: npm install -g npm@12.2.0
#24 0.773 npm notice
#24 DONE 0.8s

#25 [web web 3/3] COPY --from=build-web /repo/apps/web/dist /usr/share/nginx/html
#25 DONE 0.0s

#26 [web] exporting to image
#26 exporting layers 0.2s done
#26 exporting manifest sha256:a142c82bc33b800da4fe722090f1d0322c0479a10d3b0e6514f47568adaf986c
#26 exporting manifest sha256:a142c82bc33b800da4fe722090f1d0322c0479a10d3b0e6514f47568adaf986c done
#26 exporting config sha256:e69dc954becf9bf1f07adaf53a3e1151abc73303d54ef99c41cff9cf949fadce done
#26 exporting attestation manifest sha256:fdf81ff91cb36ed0b7843095819b01a02c4c70ee02ebfd327b2f9332c871e294 done
#26 exporting manifest list sha256:ced9fb31a292bb9ee04c55db0cd076bc483722629a7f1657d55dc3fa174dfd48 done
#26 naming to docker.io/library/review-verify-web:latest done
#26 unpacking to docker.io/library/review-verify-web:latest 0.0s done
#26 DONE 0.3s

#27 [web] resolving provenance for metadata file
#27 DONE 0.0s

#23 [migrate build-api 1/1] RUN npm run build -w @foci/shared -w @foci/api
#23 1.029 
#23 1.029 > @foci/api@1.0.0 build
#23 1.029 > tsc -p tsconfig.build.json
#23 1.029 
#23 2.353 npm notice
#23 2.353 npm notice New major version of npm available! 11.19.0 -> 12.2.0
#23 2.353 npm notice Changelog: https://github.com/npm/cli/releases/tag/v12.2.0
#23 2.353 npm notice To update run: npm install -g npm@12.2.0
#23 2.353 npm notice
#23 DONE 2.4s

#28 [api api 5/9] COPY --from=build-api --chown=node:node /repo/packages/shared/dist packages/shared/dist
#28 DONE 0.0s

#29 [migrate api 6/9] COPY --chown=node:node apps/api/package.json apps/api/
#29 DONE 0.1s

#30 [api api 7/9] COPY --from=build-api --chown=node:node /repo/apps/api/dist apps/api/dist
#30 DONE 0.0s

#31 [migrate api 8/9] COPY --chown=node:node apps/api/migrations apps/api/migrations
#31 DONE 0.0s

#32 [migrate api 9/9] RUN rm -rf     /usr/local/bin/npm /usr/local/bin/npx /usr/local/bin/corepack     /usr/local/bin/yarn /usr/local/bin/yarnpkg     /usr/local/lib/node_modules/npm /usr/local/lib/node_modules/corepack     /opt/yarn-v*   && ! command -v npm && ! command -v npx && ! command -v corepack   && ! command -v yarn && ! command -v yarnpkg
#32 DONE 0.4s

#33 [migrate] exporting to image
#33 exporting layers 1.0s done
#33 exporting manifest sha256:23de48118b83c6c0367b19a59087d9dd8dfd7d1503ef227a215d8190fcaf1f56 done
#33 exporting config sha256:ac883be3a53d829069590f759892bfe777bc844a0f042dec5a3aae30c8c05be4 done
#33 exporting attestation manifest sha256:158dc1aeeb72e70a92fa17005db976274ad02b54b88e65e32aed3ad9db195646 0.0s done
#33 exporting manifest list sha256:ef8c731ce1136db3da9bf9a57409fde609a9e702ba296840730d417700b538c1 0.0s done
#33 naming to docker.io/library/review-verify-migrate:latest done
#33 unpacking to docker.io/library/review-verify-migrate:latest
#33 unpacking to docker.io/library/review-verify-migrate:latest 0.3s done
#33 DONE 1.4s

#34 [api] exporting to image
#34 exporting layers 1.0s done
#34 exporting manifest sha256:2df6e61b75b114575ef688d9f9fe05d63256ae7dbfdee192f03c63976525a276 done
#34 exporting config sha256:3b2535b55ca0abcd5910fc1d3f0b727a5ee2935d7b02c79228dd49c506c56830 done
#34 exporting attestation manifest sha256:2830a461ab607ef1e7a8380de6efd6820aa27ab4906802a813b420d545cd289c 0.1s done
#34 exporting manifest list sha256:754132d474588a724876b77dff774129b7baf436623ed5c6e9973172e0902e58 done
#34 naming to docker.io/library/review-verify-api:latest done
#34 unpacking to docker.io/library/review-verify-api:latest 0.3s done
#34 DONE 1.4s

#35 [api] resolving provenance for metadata file
#35 DONE 0.0s

#36 [migrate] resolving provenance for metadata file
#36 DONE 0.0s
 Image review-verify-api Built 
 Image review-verify-migrate Built 
 Image review-verify-web Built 
