 Image review-e2e-api Building 
 Image review-e2e-migrate Building 
 Image review-e2e-web Building 
#1 [internal] load local bake definitions
#1 reading from stdin 1.53kB done
#1 DONE 0.0s

#2 [web internal] load build definition from Dockerfile
#2 transferring dockerfile: 3.98kB done
#2 DONE 0.0s

#3 [api] resolve image config for docker-image://docker.io/docker/dockerfile:1
#3 DONE 0.2s

#4 [api] docker-image://docker.io/docker/dockerfile:1@sha256:4edf897a3ffa55b89f906fc8cc78afdb3f1834cc9c7083565e611a8a7d5fe99e
#4 resolve docker.io/docker/dockerfile:1@sha256:4edf897a3ffa55b89f906fc8cc78afdb3f1834cc9c7083565e611a8a7d5fe99e 0.0s done
#4 CACHED

#5 [web internal] load metadata for docker.io/library/node:24.21-alpine
#5 DONE 0.2s

#6 [web internal] load metadata for docker.io/nginxinc/nginx-unprivileged:1.31-alpine
#6 DONE 0.2s

#7 [api internal] load .dockerignore
#7 transferring context: 135B done
#7 DONE 0.0s

#8 [migrate base 1/2] FROM docker.io/library/node:24.21-alpine@sha256:ebfe2f90462722a7a4de65e91990e97fe0d401c70e0e762c5b53302f905ec1c1
#8 resolve docker.io/library/node:24.21-alpine@sha256:ebfe2f90462722a7a4de65e91990e97fe0d401c70e0e762c5b53302f905ec1c1 0.0s done
#8 DONE 0.0s

#9 [web web 1/3] FROM docker.io/nginxinc/nginx-unprivileged:1.31-alpine@sha256:26b0bf6fbf07297983cb341998d79c831508787de26627dd2a112321b9c3a4af
#9 resolve docker.io/nginxinc/nginx-unprivileged:1.31-alpine@sha256:26b0bf6fbf07297983cb341998d79c831508787de26627dd2a112321b9c3a4af done
#9 DONE 0.0s

#10 [web internal] load build context
#10 transferring context: 18.14kB 0.0s done
#10 transferring context: 18.14kB 0.0s done
#10 DONE 0.0s

#11 [web build-web 1/1] RUN npm run build -w @foci/web
#11 CACHED

#12 [web web 2/3] COPY apps/web/nginx.conf /etc/nginx/conf.d/default.conf
#12 CACHED

#13 [web web 3/3] COPY --from=build-web /repo/apps/web/dist /usr/share/nginx/html
#13 CACHED

#14 [api manifests 4/5] COPY apps/api/package.json apps/api/
#14 CACHED

#15 [api api 3/9] COPY --from=api-prod-deps --chown=node:node /repo/node_modules ./node_modules
#15 CACHED

#16 [api build-api 1/1] RUN npm run build -w @foci/shared -w @foci/api
#16 CACHED

#17 [api api 6/9] COPY --chown=node:node apps/api/package.json apps/api/
#17 CACHED

#18 [api api 8/9] COPY --chown=node:node apps/api/migrations apps/api/migrations
#18 CACHED

#19 [api manifests 3/5] COPY packages/diagrams/package.json packages/diagrams/
#19 CACHED

#20 [api base 2/2] WORKDIR /repo
#20 CACHED

#21 [api deps 1/1] RUN --mount=type=cache,target=/root/.npm npm ci --no-audit --no-fund
#21 CACHED

#22 [api manifests 5/5] COPY apps/web/package.json apps/web/
#22 CACHED

#23 [api source 1/1] COPY . .
#23 CACHED

#24 [api api-prod-deps 1/1] RUN --mount=type=cache,target=/root/.npm     npm ci --omit=dev --no-audit --no-fund -w @foci/api -w @foci/shared
#24 CACHED

#25 [api api 4/9] COPY --chown=node:node packages/shared/package.json packages/shared/
#25 CACHED

#26 [api manifests 2/5] COPY packages/shared/package.json packages/shared/
#26 CACHED

#27 [api api 5/9] COPY --from=build-api --chown=node:node /repo/packages/shared/dist packages/shared/dist
#27 CACHED

#28 [api api 7/9] COPY --from=build-api --chown=node:node /repo/apps/api/dist apps/api/dist
#28 CACHED

#29 [api manifests 1/5] COPY package.json package-lock.json ./
#29 CACHED

#30 [migrate api 9/9] RUN rm -rf     /usr/local/bin/npm /usr/local/bin/npx /usr/local/bin/corepack     /usr/local/bin/yarn /usr/local/bin/yarnpkg     /usr/local/lib/node_modules/npm /usr/local/lib/node_modules/corepack     /opt/yarn-v*   && ! command -v npm && ! command -v npx && ! command -v corepack   && ! command -v yarn && ! command -v yarnpkg
#30 CACHED

#31 [web] exporting to image
#31 exporting layers done
#31 exporting manifest sha256:1a2c12ceb62fe4e094ee6051532c0b537c669a048acfa41e805828ffa50520c7 done
#31 exporting config sha256:431ca52172b1ea69a934096aff1f96da6973bc04b5c51cb44c28fe43e272d424 0.0s done
#31 exporting attestation manifest sha256:0a39104647d18390c22876493c0e06f67abedacbd44679abcbc973e5fb46548e 0.0s done
#31 exporting manifest list sha256:cf5b1614efcbd1d5a10d8d37e3086ce318aede491f8110820b021c8fb31f9e79 done
#31 naming to docker.io/library/review-e2e-web:latest
#31 naming to docker.io/library/review-e2e-web:latest done
#31 unpacking to docker.io/library/review-e2e-web:latest done
#31 DONE 0.1s

#32 [migrate] exporting to image
#32 exporting layers done
#32 exporting manifest sha256:a0748695c022eb9835d09ddec8174e6b47bdb89ac54140ebaf1f86ac3f63c50f done
#32 exporting config sha256:7ed05d4491f08338aecc7443381f86617c1f62306d5c74a39b0cc4df7b68e2f2 done
#32 exporting attestation manifest sha256:84f556096981c53f9ccb8b8bd27b9ef76555b72e9f7c3c320602e01365ad2e8f 0.0s done
#32 exporting manifest list sha256:ceb4ebcea57d4dad24cf0421e8de85f211af12280ea49eeff413bc9deaf2d918 done
#32 naming to docker.io/library/review-e2e-migrate:latest done
#32 unpacking to docker.io/library/review-e2e-migrate:latest done
#32 DONE 0.1s

#33 [api] exporting to image
#33 exporting layers done
#33 exporting manifest sha256:3e272f9df13c995f82c2b3f59d7ce5adf4778cbd9e1121ded4655ce0bad16492 done
#33 exporting config sha256:53e6a10f76e7859fc739b8ec3eaaf14026bea9586644cf010b767f1283c95647 done
#33 exporting attestation manifest sha256:5a1b6e99f4176ad36d8c7dc7e132c0482a88722a23895580eb15c49f1ec8e5be 0.0s done
#33 exporting manifest list sha256:0a996676b6c47dd731f889425290c79ef99704fba9907970b837e445af0c7e10 done
#33 naming to docker.io/library/review-e2e-api:latest done
#33 unpacking to docker.io/library/review-e2e-api:latest done
#33 DONE 0.1s

#34 [web] resolving provenance for metadata file
#34 DONE 0.1s

#35 [migrate] resolving provenance for metadata file
#35 DONE 0.0s

#36 [api] resolving provenance for metadata file
#36 DONE 0.1s
 Image review-e2e-api Built 
 Image review-e2e-migrate Built 
 Image review-e2e-web Built 
 Network review-e2e_default Creating 
 Network review-e2e_default Creating 
 Volume review-e2e_pgdata Creating 
 Volume review-e2e_pgdata Creating 
 Volume review-e2e_pgdata Created 
 Volume review-e2e_pgdata Created 
 Network review-e2e_default Created 
 Network review-e2e_default Created 
 Container review-e2e-db-1 Creating 
 Container review-e2e-db-1 Created 
 Container review-e2e-migrate-1 Creating 
 Container review-e2e-migrate-1 Created 
 Container review-e2e-api-1 Creating 
 Container review-e2e-api-1 Created 
 Container review-e2e-web-1 Creating 
 Container review-e2e-web-1 Created 
 Container review-e2e-db-1 Starting 
 Container review-e2e-db-1 Started 
 Container review-e2e-db-1 Waiting 
 Container review-e2e-db-1 Healthy 
 Container review-e2e-migrate-1 Starting 
 Container review-e2e-migrate-1 Started 
 Container review-e2e-migrate-1 Waiting 
 Container review-e2e-migrate-1 Exited 
 Container review-e2e-api-1 Starting 
 Container review-e2e-api-1 Started 
 Container review-e2e-api-1 Waiting 
 Container review-e2e-api-1 Healthy 
 Container review-e2e-web-1 Starting 
 Container review-e2e-web-1 Started 
 Image review-e2e-e2e Building 
#1 [internal] load local bake definitions
#1 reading from stdin 1.96kB done
#1 DONE 0.0s

#2 [internal] load build definition from Dockerfile
#2 transferring dockerfile: 3.98kB done
#2 DONE 0.0s

#3 resolve image config for docker-image://docker.io/docker/dockerfile:1
#3 DONE 0.1s

#4 docker-image://docker.io/docker/dockerfile:1@sha256:4edf897a3ffa55b89f906fc8cc78afdb3f1834cc9c7083565e611a8a7d5fe99e
#4 resolve docker.io/docker/dockerfile:1@sha256:4edf897a3ffa55b89f906fc8cc78afdb3f1834cc9c7083565e611a8a7d5fe99e 0.0s done
#4 CACHED

#5 [internal] load metadata for mcr.microsoft.com/playwright:v1.63.0-noble
#5 DONE 0.2s

#6 [internal] load .dockerignore
#6 transferring context: 135B done
#6 DONE 0.0s

#7 [internal] load build context
#7 transferring context: 212B done
#7 DONE 0.0s

#8 [e2e 1/4] FROM mcr.microsoft.com/playwright:v1.63.0-noble@sha256:eff16c30e6f3f4af0a03fa4b706120d5e9b0891c344a27d64559aff5900a4a27
#8 resolve mcr.microsoft.com/playwright:v1.63.0-noble@sha256:eff16c30e6f3f4af0a03fa4b706120d5e9b0891c344a27d64559aff5900a4a27 0.0s done
#8 DONE 0.0s

#9 [e2e 2/4] WORKDIR /e2e
#9 CACHED

#10 [e2e 3/4] RUN npm init -y >/dev/null   && npm install --no-audit --no-fund --save-exact @playwright/test@1.63.0
#10 CACHED

#11 [e2e 4/4] COPY e2e/ ./
#11 CACHED

#12 exporting to image
#12 exporting layers done
#12 exporting manifest sha256:4655982fe9616c5a3b10810f1eaae81015fe869c4bd72c870200084dc981fb06 done
#12 exporting config sha256:a851612b094d2c2dd4fd7d28964354f5d656ae4cce90e2f2ebf3add29045256d done
#12 exporting attestation manifest sha256:327243c66767a7aec42526d3f0de8773ec2cc208fc594cfb70a8bdeec43381f4 done
#12 exporting manifest list sha256:2b276b693484a4693eccfddd836d7788d9f3a21ab38188d0077aed0f3d12111f done
#12 naming to docker.io/library/review-e2e-e2e:latest done
#12 unpacking to docker.io/library/review-e2e-e2e:latest done
#12 DONE 0.0s

#13 resolving provenance for metadata file
#13 DONE 0.0s
 Image review-e2e-e2e Built 
 Container review-e2e-web-1 Waiting 
 Container review-e2e-web-1 Healthy 
 Container review-e2e-e2e-run-e9908028f69f Creating 
 Container review-e2e-e2e-run-e9908028f69f Created 

Running 8 tests using 2 workers

  ✓  2 [chromium] › api.spec.ts:5:7 › API through the nginx proxy › passes problem details through unchanged (40ms)
  ✓  3 [chromium] › api.spec.ts:15:7 › API through the nginx proxy › passes ETag, If-Match and Location headers (26ms)
  ✓  4 [chromium] › api.spec.ts:27:7 › API through the nginx proxy › passes the Idempotency-Key header (replay) (20ms)
  ✓  5 [chromium] › api.spec.ts:42:7 › API through the nginx proxy › serves the API explorer and deep links (14ms)
  ✓  1 [chromium] › todos.spec.ts:4:5 › create, view, edit, complete, filter and delete a task (747ms)
  ✓  6 [chromium] › todos.spec.ts:42:5 › an empty title is rejected before anything is created (249ms)
  ✓  7 [chromium] › todos.spec.ts:51:5 › a concurrent edit shows a conflict notice and keeps my edits (424ms)
  ✓  8 [chromium] › todos.spec.ts:78:5 › tasks persist across a reload (329ms)

  8 passed (2.3s)
