 Network review-verify_default Creating 
 Network review-verify_default Creating 
 Volume review-verify_pgdata Creating 
 Volume review-verify_pgdata Creating 
 Volume review-verify_pgdata Created 
 Volume review-verify_pgdata Created 
 Network review-verify_default Created 
 Network review-verify_default Created 
 Container review-verify-db-1 Creating 
 Container review-verify-db-1 Created 
 Container review-verify-migrate-1 Creating 
 Container review-verify-migrate-1 Created 
 Container review-verify-api-1 Creating 
 Container review-verify-api-1 Created 
 Container review-verify-web-1 Creating 
 Container review-verify-web-1 Created 
 Container review-verify-db-1 Starting 
 Container review-verify-db-1 Started 
 Container review-verify-db-1 Waiting 
 Container review-verify-db-1 Healthy 
 Container review-verify-migrate-1 Starting 
 Container review-verify-migrate-1 Started 
 Container review-verify-migrate-1 Waiting 
 Container review-verify-migrate-1 Exited 
 Container review-verify-api-1 Starting 
 Container review-verify-api-1 Started 
 Container review-verify-api-1 Waiting 
 Container review-verify-api-1 Healthy 
 Container review-verify-web-1 Starting 
 Container review-verify-web-1 Started 
