 Image review-verify-api Building 
 Image review-verify-web Building 
 Image review-verify-migrate Building 
#1 [internal] load local bake definitions
#1 reading from stdin 1.79kB done
#1 DONE 0.0s

#2 [api internal] load build definition from Dockerfile
#2 transferring dockerfile: 3.08kB done
#2 DONE 0.0s

#3 [migrate] resolve image config for docker-image://docker.io/docker/dockerfile:1
#3 DONE 0.4s

#4 [web] docker-image://docker.io/docker/dockerfile:1@sha256:4edf897a3ffa55b89f906fc8cc78afdb3f1834cc9c7083565e611a8a7d5fe99e
#4 resolve docker.io/docker/dockerfile:1@sha256:4edf897a3ffa55b89f906fc8cc78afdb3f1834cc9c7083565e611a8a7d5fe99e 0.0s done
#4 CACHED

#5 [web internal] load metadata for docker.io/library/node:24.21-alpine
#5 ...

#6 [web internal] load metadata for docker.io/nginxinc/nginx-unprivileged:1.31-alpine
#6 DONE 0.3s

#5 [web internal] load metadata for docker.io/library/node:24.21-alpine
#5 DONE 0.3s

#7 [migrate internal] load .dockerignore
#7 transferring context: 135B done
#7 DONE 0.0s

#8 [api base 1/2] FROM docker.io/library/node:24.21-alpine@sha256:ebfe2f90462722a7a4de65e91990e97fe0d401c70e0e762c5b53302f905ec1c1
#8 resolve docker.io/library/node:24.21-alpine@sha256:ebfe2f90462722a7a4de65e91990e97fe0d401c70e0e762c5b53302f905ec1c1 0.0s done
#8 DONE 0.0s

#9 [api base 2/2] WORKDIR /repo
#9 CACHED

#10 [web web 1/3] FROM docker.io/nginxinc/nginx-unprivileged:1.31-alpine@sha256:26b0bf6fbf07297983cb341998d79c831508787de26627dd2a112321b9c3a4af
#10 resolve docker.io/nginxinc/nginx-unprivileged:1.31-alpine@sha256:26b0bf6fbf07297983cb341998d79c831508787de26627dd2a112321b9c3a4af 0.0s done
#10 CACHED

#11 [api internal] load build context
#11 transferring context: 1.19MB 0.1s done
#11 transferring context: 1.19MB 0.1s done
#11 DONE 0.1s

#12 [web web 2/3] COPY apps/web/nginx.conf /etc/nginx/conf.d/default.conf
#12 DONE 0.0s

#13 [migrate manifests 1/4] COPY package.json package-lock.json ./
#13 DONE 0.0s

#14 [api manifests 2/4] COPY packages/shared/package.json packages/shared/
#14 DONE 0.0s

#15 [migrate manifests 3/4] COPY apps/api/package.json apps/api/
#15 DONE 0.0s

#16 [migrate manifests 4/4] COPY apps/web/package.json apps/web/
#16 DONE 0.0s

#17 [api deps 1/1] RUN --mount=type=cache,target=/root/.npm npm ci --no-audit --no-fund
#17 ...

#18 [migrate api-prod-deps 1/1] RUN --mount=type=cache,target=/root/.npm     npm ci --omit=dev --no-audit --no-fund -w @foci/api -w @foci/shared
#18 2.227 npm warn install-scripts 1 package has install scripts not yet covered by allowScripts:
#18 2.227 npm warn install-scripts   @scarf/scarf@1.4.0 (postinstall: node ./report.js)
#18 2.227 npm warn install-scripts
#18 2.227 npm warn install-scripts Run `npm install-scripts ls` to review, or `npm install-scripts approve <pkg>` to allow.
#18 2.228 npm notice
#18 2.228 npm notice New major version of npm available! 11.19.0 -> 12.2.0
#18 2.228 npm notice Changelog: https://github.com/npm/cli/releases/tag/v12.2.0
#18 2.228 npm notice To update run: npm install -g npm@12.2.0
#18 2.228 npm notice
#18 2.229 
#18 2.229 added 127 packages in 2s
#18 DONE 2.4s

#19 [migrate api 3/8] COPY --from=api-prod-deps --chown=node:node /repo/node_modules ./node_modules
#19 DONE 0.2s

#20 [api api 4/8] COPY --chown=node:node packages/shared/package.json packages/shared/
#20 DONE 0.1s

#17 [api deps 1/1] RUN --mount=type=cache,target=/root/.npm npm ci --no-audit --no-fund
#17 7.272 
#17 7.272 added 646 packages in 7s
#17 7.273 npm warn install-scripts 2 packages have install scripts not yet covered by allowScripts:
#17 7.273 npm warn install-scripts   @scarf/scarf@1.4.0 (postinstall: node ./report.js)
#17 7.273 npm warn install-scripts   unrs-resolver@1.12.2 (postinstall: node postinstall.js)
#17 7.273 npm warn install-scripts
#17 7.273 npm warn install-scripts Run `npm install-scripts ls` to review, or `npm install-scripts approve <pkg>` to allow.
#17 DONE 7.7s

#21 [web source 1/1] COPY . .
#21 DONE 0.1s

#22 [api build-api 1/1] RUN npm run build -w @foci/shared -w @foci/api
#22 0.332 
#22 0.332 > @foci/shared@1.0.0 build
#22 0.332 > tsc -p tsconfig.build.json
#22 0.332 
#22 1.152 
#22 1.152 > @foci/api@1.0.0 build
#22 1.152 > tsc -p tsconfig.build.json
#22 1.152 
#22 ...

#23 [web build-web 1/1] RUN BUILD_DATE="$(date -u +%Y-%m-%d)" npm run build -w @foci/web
#23 0.316 
#23 0.316 > @foci/web@1.0.0 build
#23 0.316 > vite build
#23 0.316 
#23 0.515 vite v8.3.2 building client environment for production...
#23 0.522 transforming...
#23 1.101 ✓ 2635 modules transformed.
#23 1.255 rendering chunks...
#23 1.565 computing gzip size...
#23 1.593 dist/index.html                                           0.48 kB │ gzip:   0.29 kB
#23 1.593 dist/assets/screenshot-BmQ9WtAA.png                      24.10 kB
#23 1.593 dist/assets/DevPortal-CnR6kdae.css                        0.98 kB │ gzip:   0.41 kB
#23 1.593 dist/assets/index-Ds-ty4gC.css                            2.92 kB │ gzip:   0.98 kB
#23 1.593 dist/assets/array-BifhSqXX.js                             0.10 kB │ gzip:   0.11 kB
#23 1.593 dist/assets/channel-kTXooemU.js                           0.11 kB │ gzip:   0.12 kB
#23 1.593 dist/assets/pie-WAS4IAKB-CVcKd0zn.js                      0.12 kB │ gzip:   0.12 kB
#23 1.593 dist/assets/info-A6RAGUB7-CZD-tClj.js                     0.12 kB │ gzip:   0.12 kB
#23 1.593 dist/assets/radar-RG4KPBEZ-CDpLZebZ.js                    0.12 kB │ gzip:   0.12 kB
#23 1.593 dist/assets/packet-AYTQ26CC-B6ExFTVU.js                   0.12 kB │ gzip:   0.13 kB
#23 1.593 dist/assets/cynefin-OW5HDTMX-DUPlUcHr.js                  0.12 kB │ gzip:   0.13 kB
#23 1.593 dist/assets/treemap-WGGIJYW6-CtjLRzCz.js                  0.12 kB │ gzip:   0.13 kB
#23 1.593 dist/assets/wardley-WFR3VGLG-Bw1uSPZ1.js                  0.12 kB │ gzip:   0.13 kB
#23 1.593 dist/assets/gitGraph-4MIJSDKK-D2zXCzGp.js                 0.12 kB │ gzip:   0.13 kB
#23 1.593 dist/assets/railroad-74A4TZTK-D1y9C14p.js                 0.12 kB │ gzip:   0.13 kB
#23 1.593 dist/assets/treeView-Q6P3EWNA-DjljyVTz.js                 0.12 kB │ gzip:   0.13 kB
#23 1.593 dist/assets/railroad-peg-WCYAUIDC-Coee_vHd.js             0.13 kB │ gzip:   0.13 kB
#23 1.593 dist/assets/architecture-7GRP2DOG-DElti4Wl.js             0.13 kB │ gzip:   0.13 kB
#23 1.593 dist/assets/railroad-abnf-HS5TGJTU-DrllqkzW.js            0.13 kB │ gzip:   0.13 kB
#23 1.593 dist/assets/railroad-ebnf-LZEXJU2U-CSeUHd5b.js            0.13 kB │ gzip:   0.13 kB
#23 1.593 dist/assets/eventmodeling-NTZA5JFV-CMBWT0b2.js            0.13 kB │ gzip:   0.13 kB
#23 1.593 dist/assets/init-C-OQMol4.js                              0.14 kB │ gzip:   0.12 kB
#23 1.593 dist/assets/chunk-Y2CYZVJY-DsF7k-Jl.js                    0.15 kB │ gzip:   0.14 kB
#23 1.593 dist/assets/chunk-2Q5K7J3B-C1jixKkw.js                    0.19 kB │ gzip:   0.16 kB
#23 1.593 dist/assets/chunk-JWPE2WC7-DVXcaiue.js                    0.22 kB │ gzip:   0.17 kB
#23 1.593 dist/assets/chunk-XXDRQBXY-BvKO0v-W.js                    0.26 kB │ gzip:   0.22 kB
#23 1.593 dist/assets/chunk-5VM5RSS4-ZNzvKenW.js                    0.36 kB │ gzip:   0.27 kB
#23 1.593 dist/assets/chunk-WEXAMYUT-lCyXzvD4.js                    0.57 kB │ gzip:   0.40 kB
#23 1.593 dist/assets/flowDiagram-KWPJA3E3-DI1TeThR.js              0.57 kB │ gzip:   0.31 kB
#23 1.593 dist/assets/chunk-J5ZVWO5B-oDCd-gWO.js                    0.63 kB │ gzip:   0.43 kB
#23 1.593 dist/assets/infoDiagram-VRGFBTTK-BvwNXpw5.js              0.65 kB │ gzip:   0.41 kB
#23 1.593 dist/assets/swimlanesDiagram-TC7HE7FX-Dr_ggppu.js         0.83 kB │ gzip:   0.48 kB
#23 1.593 dist/assets/sizeCapture-INFHLROL-3uHXrFqA.js              0.87 kB │ gzip:   0.51 kB
#23 1.593 dist/assets/chunk-DUW6YSOI-Dgx8z5s3.js                    0.89 kB │ gzip:   0.46 kB
#23 1.593 dist/assets/line-CuztKTEg.js                              0.94 kB │ gzip:   0.47 kB
#23 1.593 dist/assets/rolldown-runtime-Dd_uD5pT.js                  1.10 kB │ gzip:   0.62 kB
#23 1.593 dist/assets/ordinal-BDEzSJ7C.js                           1.17 kB │ gzip:   0.56 kB
#23 1.593 dist/assets/chunk-5DYCD2WN-DcK4a5dj.js                    1.41 kB │ gzip:   0.79 kB
#23 1.593 dist/assets/railroadDiagram-XR7U4H2S-CLzAFKJI.js          1.65 kB │ gzip:   0.76 kB
#23 1.593 dist/assets/abnfDiagram-O67JEVCF-CzdzRtk5.js              1.84 kB │ gzip:   0.89 kB
#23 1.593 dist/assets/chunk-7PRAP22T-CUmOJt_g.js                    1.95 kB │ gzip:   0.95 kB
#23 1.593 dist/assets/chunk-GWA4HPMP-arp0tGOg.js                    1.97 kB │ gzip:   0.88 kB
#23 1.593 dist/assets/pegDiagram-GJSIUBJH-DT2oPcyV.js               2.01 kB │ gzip:   0.94 kB
#23 1.593 dist/assets/ebnfDiagram-ZINNZB2B-cb_cDyCo.js              2.05 kB │ gzip:   0.89 kB
#23 1.593 dist/assets/dist-B_J_HbC0.js                              2.17 kB │ gzip:   0.97 kB
#23 1.593 dist/assets/path-fybaL0A-.js                              2.27 kB │ gzip:   0.98 kB
#23 1.593 dist/assets/arc-DgcGdgmL.js                               3.47 kB │ gzip:   1.46 kB
#23 1.593 dist/assets/diagram-MLGK6HIB-BxMSXIei.js                  4.28 kB │ gzip:   1.84 kB
#23 1.593 dist/assets/defaultLocale-BFoDCU3G.js                     4.63 kB │ gzip:   2.12 kB
#23 1.593 dist/assets/chunk-NETBCI7D-kr4yrJpi.js                    5.43 kB │ gzip:   2.50 kB
#23 1.593 dist/assets/linear-BUnzfXgk.js                            5.51 kB │ gzip:   2.25 kB
#23 1.593 dist/assets/chunk-742MDFTN-BffpytCx.js                    5.83 kB │ gzip:   2.68 kB
#23 1.593 dist/assets/graphlib-C9Tl7QrK.js                          5.85 kB │ gzip:   1.82 kB
#23 1.593 dist/assets/diagram-MPIPVDR6-CXMNLlWA.js                  6.06 kB │ gzip:   2.56 kB
#23 1.593 dist/assets/pieDiagram-5QR66LMP-BOO3AF4T.js               6.22 kB │ gzip:   2.59 kB
#23 1.593 dist/assets/_basePickBy-QJXUw_pr.js                       7.58 kB │ gzip:   3.15 kB
#23 1.593 dist/assets/diagram-CDSNMT55-BAxe67Ub.js                  8.19 kB │ gzip:   3.65 kB
#23 1.593 dist/assets/cynefinDiagram-VND7K2PF-FslvNUxH.js           9.93 kB │ gzip:   3.51 kB
#23 1.593 dist/assets/diagram-ATOU4E4O-3EdkxIAr.js                 10.65 kB │ gzip:   4.11 kB
#23 1.593 dist/assets/chunk-3FUC2YCW-BOly9sfW.js                   10.72 kB │ gzip:   4.31 kB
#23 1.593 dist/assets/chunk-UA2S7LBM-B5XZA0OC.js                   14.83 kB │ gzip:   4.19 kB
#23 1.593 dist/assets/chunk-GTNCS2PH-BAmnDraN.js                   15.64 kB │ gzip:   4.35 kB
#23 1.593 dist/assets/diagram-3UASUU5V-DsdNvImx.js                 15.75 kB │ gzip:   5.52 kB
#23 1.593 dist/assets/mermaid-parser.core-BjIOxS-0.js              16.58 kB │ gzip:   3.92 kB
#23 1.593 dist/assets/ishikawaDiagram-OU5B5YK6-DA7-G4mc.js         17.31 kB │ gzip:   6.53 kB
#23 1.593 dist/assets/_baseUniq-DR4vVjyC.js                        18.23 kB │ gzip:   6.72 kB
#23 1.593 dist/assets/kanban-definition-PNTS6WVX-Bp7_tXEt.js       20.26 kB │ gzip:   7.14 kB
#23 1.593 dist/assets/sankeyDiagram-IPEJSGJF-BfvQJZ5g.js           22.78 kB │ gzip:   8.25 kB
#23 1.593 dist/assets/journeyDiagram-ZHPQQLJL-BpD9Fscn.js          23.16 kB │ gzip:   8.16 kB
#23 1.593 dist/assets/mindmap-definition-NLK3R4M7-C1tlTlrR.js      23.44 kB │ gzip:   7.99 kB
#23 1.593 dist/assets/wardleyDiagram-VNRHLVJA-C28_UKo4.js          25.20 kB │ gzip:   6.54 kB
#23 1.593 dist/assets/rough.esm-Dy-Kn_BL.js                        27.10 kB │ gzip:   8.85 kB
#23 1.593 dist/assets/gitGraphDiagram-X574FWY7-t_bH0wwR.js         29.00 kB │ gzip:   8.55 kB
#23 1.593 dist/assets/timeline-definition-EJHVYXUP-XJ7ilqYr.js     30.45 kB │ gzip:  10.03 kB
#23 1.593 dist/assets/erDiagram-OPXOYQCR-BEfDMPpT.js               30.64 kB │ gzip:  10.56 kB
#23 1.593 dist/assets/chunk-ZIGJFQKS-BxxHLmWS.js                   30.74 kB │ gzip:   8.51 kB
#23 1.593 dist/assets/requirementDiagram-PLB6GJNP-Cd9pb8wn.js      31.06 kB │ gzip:   9.82 kB
#23 1.593 dist/assets/quadrantDiagram-O4NWA36T-B1R6MNNw.js         33.52 kB │ gzip:   9.74 kB
#23 1.593 dist/assets/chunk-Z7XXMR3K-ChA4IQfR.js                   37.41 kB │ gzip:   8.06 kB
#23 1.593 dist/assets/dagre-6A5THRUB-8jYmzT3Q.js                   40.76 kB │ gzip:  14.56 kB
#23 1.593 dist/assets/vennDiagram-UO4OBE2U-Dx2YouD9.js             41.18 kB │ gzip:  15.12 kB
#23 1.593 dist/assets/stateDiagram-v2-GCMORJYK-BoIMB6IO.js         41.54 kB │ gzip:  13.89 kB
#23 1.593 dist/assets/blockDiagram-BEXU5L5S-DULFXqsn.js            42.46 kB │ gzip:  13.87 kB
#23 1.593 dist/assets/xychartDiagram-PMCCYNJV-BaBY4du5.js          44.14 kB │ gzip:  12.21 kB
#23 1.593 dist/assets/src-oBChb5qS.js                              45.68 kB │ gzip:  16.00 kB
#23 1.593 dist/assets/classDiagram-v2-NBCMYWYE-D_qlZ24w.js         49.70 kB │ gzip:  16.14 kB
#23 1.593 dist/assets/chunk-MBY4JIJT-DdRnOb0C.js                   51.87 kB │ gzip:  16.63 kB
#23 1.593 dist/assets/chunk-7M6MHVWA-B97E4Jvp.js                   62.72 kB │ gzip:  20.33 kB
#23 1.593 dist/assets/c4Diagram-YGBWAQC7-BmddmE9g.js               65.08 kB │ gzip:  18.60 kB
#23 1.593 dist/assets/ganttDiagram-FUAMR5RP-BdUQq5wz.js            69.35 kB │ gzip:  22.74 kB
#23 1.593 dist/assets/diagram-22UHCM2B-DLuGjl_a.js                 80.49 kB │ gzip:  25.15 kB
#23 1.593 dist/assets/cose-bilkent-JH36ORCC-COXSdE6a.js            81.25 kB │ gzip:  21.54 kB
#23 1.593 dist/assets/mermaid.core-Dd_-CfCy.js                     84.17 kB │ gzip:  29.09 kB
#23 1.593 dist/assets/swimlanes-2SLR337P-CeVPshpw.js              106.24 kB │ gzip:  36.11 kB
#23 1.593 dist/assets/chunk-7INBJB4K-D3BMiXeY.js                  115.49 kB │ gzip:  29.18 kB
#23 1.593 dist/assets/sequenceDiagram-PO4LG4MO-5_udA3ht.js        117.31 kB │ gzip:  31.31 kB
#23 1.593 dist/assets/architectureDiagram-NJMV4G6O-DyCeKWif.js    148.90 kB │ gzip:  41.13 kB
#23 1.593 dist/assets/usecaseDiagram-POWQR4AR-CmybOlPd.js         186.67 kB │ gzip:  50.09 kB
#23 1.593 dist/assets/DevPortal-CAtTOouB.js                       203.11 kB │ gzip:  62.35 kB
#23 1.593 dist/assets/chunk-O7XYJQB3-B02RKNDR.js                  239.46 kB │ gzip:  39.57 kB
#23 1.593 dist/assets/katex-ZlcWpGUi.js                           258.68 kB │ gzip:  77.43 kB
#23 1.593 dist/assets/index-Gr86_CVm.js                           391.69 kB │ gzip: 119.75 kB
#23 1.593 dist/assets/cytoscape.esm-Yq6u8L66.js                   434.85 kB │ gzip: 137.78 kB
#23 1.593 dist/assets/chunk-FOHPRMQF-DzxwRta7.js                  662.10 kB │ gzip: 143.16 kB
#23 1.593 dist/assets/elk-276RUBZZ-DAZdFCqL.js                  1,456.41 kB │ gzip: 453.23 kB
#23 1.593 
#23 1.595 [plugin builtin:vite-reporter] 
#23 1.595 (!) Some chunks are larger than 500 kB after minification. Consider:
#23 1.595 - Using dynamic import() to code-split the application
#23 1.595 - Use build.rolldownOptions.output.codeSplitting to improve chunking: https://rolldown.rs/reference/OutputOptions.codeSplitting
#23 1.595 - Adjust chunk size limit for this warning via build.chunkSizeWarningLimit.
#23 1.597 ✓ built in 1.08s
#23 1.627 npm notice
#23 1.627 npm notice New major version of npm available! 11.19.0 -> 12.2.0
#23 1.627 npm notice Changelog: https://github.com/npm/cli/releases/tag/v12.2.0
#23 1.627 npm notice To update run: npm install -g npm@12.2.0
#23 1.627 npm notice
#23 DONE 1.7s

#24 [web web 3/3] COPY --from=build-web /repo/apps/web/dist /usr/share/nginx/html
#24 DONE 0.0s

#25 [web] exporting to image
#25 exporting layers
#25 exporting layers 0.2s done
#25 exporting manifest sha256:930bdf3ca10f6e4097b4e6611cd0b0976d9294b2fdc0d5060b6e75e70aa6cb4e done
#25 exporting config sha256:016086737a7462fe2b12046441415fac14e92d4e0c150e0567337dd04a58324d done
#25 exporting attestation manifest sha256:9788ac4f5adcc36e3cacbd2cdf3599cf1f7c7370f41b551752c35351cc96150d done
#25 exporting manifest list sha256:58d1862ff3b84feccbdbcf4373154980c3530c214db5a50d63524bb4379bd03d done
#25 naming to docker.io/library/review-verify-web:latest done
#25 unpacking to docker.io/library/review-verify-web:latest 0.0s done
#25 DONE 0.3s

#26 [web] resolving provenance for metadata file
#26 DONE 0.0s

#22 [api build-api 1/1] RUN npm run build -w @foci/shared -w @foci/api
#22 2.631 npm notice
#22 2.631 npm notice New major version of npm available! 11.19.0 -> 12.2.0
#22 2.631 npm notice Changelog: https://github.com/npm/cli/releases/tag/v12.2.0
#22 2.631 npm notice To update run: npm install -g npm@12.2.0
#22 2.631 npm notice
#22 DONE 2.6s

#27 [migrate api 5/8] COPY --from=build-api --chown=node:node /repo/packages/shared/dist packages/shared/dist
#27 DONE 0.0s

#28 [migrate api 6/8] COPY --chown=node:node apps/api/package.json apps/api/
#28 DONE 0.0s

#29 [migrate api 7/8] COPY --from=build-api --chown=node:node /repo/apps/api/dist apps/api/dist
#29 DONE 0.0s

#30 [api api 8/8] COPY --chown=node:node apps/api/migrations apps/api/migrations
#30 DONE 0.0s

#31 [api] exporting to image
#31 exporting layers 0.9s done
#31 exporting manifest sha256:edaceea78dc3f9284faa195a59102d11fb7400a0de1f32757429d6855d679809 done
#31 exporting config sha256:921ca0dbf6f0a4a02ab0fc01e3021d2aa7a1ccddac114eefba1149fc953af594 done
#31 exporting attestation manifest sha256:65facaee06b2d9432c800e58f94d1d69010aa961635738bd26417a035eac8e14 0.0s done
#31 exporting manifest list sha256:0de0989fe091834687eba5d0fc53ee34b35107d3c568f23660d2d50e66464a37 done
#31 naming to docker.io/library/review-verify-api:latest done
#31 unpacking to docker.io/library/review-verify-api:latest
#31 unpacking to docker.io/library/review-verify-api:latest 0.1s done
#31 DONE 1.0s

#32 [migrate] exporting to image
#32 exporting layers 0.9s done
#32 exporting manifest sha256:502ff8cc04e78f32dcd6e9757412ac78700699cf7e16ae8f4da1326e15212b5e done
#32 exporting config sha256:c17f9802392ae0588870c240a734dcf4c0a732c8cb1ab6831408dda5818492ba done
#32 exporting attestation manifest sha256:a6b152ae44679ee48fbc43321801aaf007b9ffc684af3b4f111dbfc597cf07dd 0.0s done
#32 exporting manifest list sha256:cad26b125a95e3ae2c0b91f4c46d1d9b81e22d128c7c40d40c1dae3355b1eada done
#32 naming to docker.io/library/review-verify-migrate:latest done
#32 unpacking to docker.io/library/review-verify-migrate:latest 0.1s done
#32 DONE 1.0s

#33 [migrate] resolving provenance for metadata file
#33 DONE 0.0s

#34 [api] resolving provenance for metadata file
#34 DONE 0.0s
 Image review-verify-api Built 
 Image review-verify-migrate Built 
 Image review-verify-web Built 
