 Image review-e2e-web Building 
 Image review-e2e-api Building 
 Image review-e2e-migrate Building 
#1 [internal] load local bake definitions
#1 reading from stdin 1.65kB done
#1 DONE 0.0s

#2 [web internal] load build definition from Dockerfile
#2 transferring dockerfile: 3.08kB done
#2 DONE 0.0s

#3 [web] resolve image config for docker-image://docker.io/docker/dockerfile:1
#3 DONE 0.2s

#4 [migrate] docker-image://docker.io/docker/dockerfile:1@sha256:4edf897a3ffa55b89f906fc8cc78afdb3f1834cc9c7083565e611a8a7d5fe99e
#4 resolve docker.io/docker/dockerfile:1@sha256:4edf897a3ffa55b89f906fc8cc78afdb3f1834cc9c7083565e611a8a7d5fe99e 0.0s done
#4 CACHED

#5 [web internal] load metadata for docker.io/library/node:24.21-alpine
#5 DONE 0.2s

#6 [web internal] load metadata for docker.io/nginxinc/nginx-unprivileged:1.31-alpine
#6 DONE 0.2s

#7 [migrate internal] load .dockerignore
#7 transferring context: 135B done
#7 DONE 0.0s

#8 [migrate base 1/2] FROM docker.io/library/node:24.21-alpine@sha256:ebfe2f90462722a7a4de65e91990e97fe0d401c70e0e762c5b53302f905ec1c1
#8 resolve docker.io/library/node:24.21-alpine@sha256:ebfe2f90462722a7a4de65e91990e97fe0d401c70e0e762c5b53302f905ec1c1 0.0s done
#8 DONE 0.0s

#9 [web web 1/3] FROM docker.io/nginxinc/nginx-unprivileged:1.31-alpine@sha256:26b0bf6fbf07297983cb341998d79c831508787de26627dd2a112321b9c3a4af
#9 resolve docker.io/nginxinc/nginx-unprivileged:1.31-alpine@sha256:26b0bf6fbf07297983cb341998d79c831508787de26627dd2a112321b9c3a4af 0.0s done
#9 DONE 0.0s

#10 [migrate internal] load build context
#10 transferring context: 14.04kB 0.0s done
#10 DONE 0.0s

#11 [web web 2/3] COPY apps/web/nginx.conf /etc/nginx/conf.d/default.conf
#11 CACHED

#12 [web build-web 1/1] RUN BUILD_DATE="$(date -u +%Y-%m-%d)" npm run build -w @foci/web
#12 CACHED

#13 [web web 3/3] COPY --from=build-web /repo/apps/web/dist /usr/share/nginx/html
#13 CACHED

#14 [migrate manifests 1/4] COPY package.json package-lock.json ./
#14 CACHED

#15 [migrate base 2/2] WORKDIR /repo
#15 CACHED

#16 [migrate api 7/8] COPY --from=build-api --chown=node:node /repo/apps/api/dist apps/api/dist
#16 CACHED

#17 [migrate manifests 2/4] COPY packages/shared/package.json packages/shared/
#17 CACHED

#18 [migrate manifests 3/4] COPY apps/api/package.json apps/api/
#18 CACHED

#19 [migrate api 3/8] COPY --from=api-prod-deps --chown=node:node /repo/node_modules ./node_modules
#19 CACHED

#20 [migrate api 5/8] COPY --from=build-api --chown=node:node /repo/packages/shared/dist packages/shared/dist
#20 CACHED

#21 [migrate deps 1/1] RUN --mount=type=cache,target=/root/.npm npm ci --no-audit --no-fund
#21 CACHED

#22 [migrate api 4/8] COPY --chown=node:node packages/shared/package.json packages/shared/
#22 CACHED

#23 [migrate api 6/8] COPY --chown=node:node apps/api/package.json apps/api/
#23 CACHED

#24 [migrate source 1/1] COPY . .
#24 CACHED

#25 [migrate build-api 1/1] RUN npm run build -w @foci/shared -w @foci/api
#25 CACHED

#26 [migrate api-prod-deps 1/1] RUN --mount=type=cache,target=/root/.npm     npm ci --omit=dev --no-audit --no-fund -w @foci/api -w @foci/shared
#26 CACHED

#27 [migrate manifests 4/4] COPY apps/web/package.json apps/web/
#27 CACHED

#28 [migrate api 8/8] COPY --chown=node:node apps/api/migrations apps/api/migrations
#28 CACHED

#29 [migrate] exporting to image
#29 exporting layers done
#29 exporting manifest sha256:0e31fd81c533b269b8eb2a1b9c8e2d8a5018ee7992ac271c5f8b56936cf0a678
#29 exporting manifest sha256:0e31fd81c533b269b8eb2a1b9c8e2d8a5018ee7992ac271c5f8b56936cf0a678 done
#29 exporting config sha256:fdd8ba355ffabe5a3812d2f8786f9716294156aab5036ff297fa3340279f559d done
#29 exporting attestation manifest sha256:7c5db4083b37a5130093a0d7c91f0d8b94fc3ece0743e309b86af243a6bd52a3 0.0s done
#29 exporting manifest list sha256:94a44a2571b97ad0a6a068a15eba5ca4c2b954b53cbaea9d0ed1f54d0c26719b done
#29 naming to docker.io/library/review-e2e-migrate:latest done
#29 unpacking to docker.io/library/review-e2e-migrate:latest done
#29 DONE 0.1s

#30 [api] exporting to image
#30 exporting layers done
#30 exporting manifest sha256:97408afd554028dabffcd351cdbd141abfc76457152d5b6e42d9ed16ce1f951d done
#30 exporting config sha256:b6ddbc941490a41c97b5577d41604bf7315d586de03fbe452887d0f697d6e6a9 done
#30 exporting attestation manifest sha256:6106477bd4c7881a8c77a5c68fa5a68d5d3a6afe27797675e4b4f2b7b8e8fdeb 0.0s done
#30 exporting manifest list sha256:bb579b8e1db9366427d64f3d16c3c95f5ef861bc07fb1aab1b8f6bdec1366293 done
#30 naming to docker.io/library/review-e2e-api:latest done
#30 unpacking to docker.io/library/review-e2e-api:latest done
#30 DONE 0.1s

#31 [web] exporting to image
#31 exporting layers done
#31 exporting manifest sha256:aac3db4c86dc28f9efea35d2022c00b324d6fa6fb4beb770b012b68006014c18 done
#31 exporting config sha256:472953f30029a6971b1398b24ee63c0268ceb57c231487cd79b7d8f5c2aab56f done
#31 exporting attestation manifest sha256:cf797854c4bd4b6f9a3cb94eae75bcb8b769ffb5460bfd8f7280ea9da20bf2e3 0.0s done
#31 exporting manifest list sha256:974e1958ac05453c90d396476eff03d090ec420480511941d3a65804c63fc1d6 done
#31 naming to docker.io/library/review-e2e-web:latest done
#31 unpacking to docker.io/library/review-e2e-web:latest done
#31 DONE 0.1s

#32 [api] resolving provenance for metadata file
#32 DONE 0.0s

#33 [migrate] resolving provenance for metadata file
#33 DONE 0.0s

#34 [web] resolving provenance for metadata file
#34 DONE 0.0s
 Image review-e2e-api Built 
 Image review-e2e-migrate Built 
 Image review-e2e-web Built 
 Network review-e2e_default Creating 
 Network review-e2e_default Creating 
 Volume review-e2e_pgdata Creating 
 Volume review-e2e_pgdata Creating 
 Volume review-e2e_pgdata Created 
 Volume review-e2e_pgdata Created 
 Network review-e2e_default Created 
 Network review-e2e_default Created 
 Container review-e2e-db-1 Creating 
 Container review-e2e-db-1 Created 
 Container review-e2e-migrate-1 Creating 
 Container review-e2e-migrate-1 Created 
 Container review-e2e-api-1 Creating 
 Container review-e2e-api-1 Created 
 Container review-e2e-web-1 Creating 
 Container review-e2e-web-1 Created 
 Container review-e2e-db-1 Starting 
 Container review-e2e-db-1 Started 
 Container review-e2e-db-1 Waiting 
 Container review-e2e-db-1 Healthy 
 Container review-e2e-migrate-1 Starting 
 Container review-e2e-migrate-1 Started 
 Container review-e2e-migrate-1 Waiting 
 Container review-e2e-migrate-1 Exited 
 Container review-e2e-api-1 Starting 
 Container review-e2e-api-1 Started 
 Container review-e2e-api-1 Waiting 
 Container review-e2e-api-1 Healthy 
 Container review-e2e-web-1 Starting 
 Container review-e2e-web-1 Started 
 Image review-e2e-e2e Building 
#1 [internal] load local bake definitions
#1 reading from stdin 2.07kB done
#1 DONE 0.0s

#2 [internal] load build definition from Dockerfile
#2 transferring dockerfile: 3.08kB done
#2 DONE 0.0s

#3 resolve image config for docker-image://docker.io/docker/dockerfile:1
#3 DONE 0.1s

#4 docker-image://docker.io/docker/dockerfile:1@sha256:4edf897a3ffa55b89f906fc8cc78afdb3f1834cc9c7083565e611a8a7d5fe99e
#4 resolve docker.io/docker/dockerfile:1@sha256:4edf897a3ffa55b89f906fc8cc78afdb3f1834cc9c7083565e611a8a7d5fe99e done
#4 CACHED

#5 [internal] load metadata for mcr.microsoft.com/playwright:v1.63.0-noble
#5 DONE 0.1s

#6 [internal] load .dockerignore
#6 transferring context: 135B done
#6 DONE 0.0s

#7 [internal] load build context
#7 transferring context: 212B done
#7 DONE 0.0s

#8 [e2e 1/4] FROM mcr.microsoft.com/playwright:v1.63.0-noble@sha256:eff16c30e6f3f4af0a03fa4b706120d5e9b0891c344a27d64559aff5900a4a27
#8 resolve mcr.microsoft.com/playwright:v1.63.0-noble@sha256:eff16c30e6f3f4af0a03fa4b706120d5e9b0891c344a27d64559aff5900a4a27 done
#8 DONE 0.0s

#9 [e2e 2/4] WORKDIR /e2e
#9 CACHED

#10 [e2e 3/4] RUN npm init -y >/dev/null   && npm install --no-audit --no-fund --save-exact @playwright/test@1.63.0
#10 CACHED

#11 [e2e 4/4] COPY e2e/ ./
#11 CACHED

#12 exporting to image
#12 exporting layers done
#12 exporting manifest sha256:34ce91c7af826d1a8b73a3fa3f39be3773dc3d75876a463a683aa10234cb2945 done
#12 exporting config sha256:344d47182a236ef4538758f3e8e987c01637316355b77be191a168ae966d17e7 done
#12 exporting attestation manifest sha256:1af5d3d6d2a659580de9cd765f144d1d9c7f04cfaa8aae2d43c76aa161b0ff66 done
#12 exporting manifest list sha256:eec8c998e38fa21ff3e7686924de931bc7d3651c690dac936b2289f6b641e202 done
#12 naming to docker.io/library/review-e2e-e2e:latest done
#12 unpacking to docker.io/library/review-e2e-e2e:latest done
#12 DONE 0.0s

#13 resolving provenance for metadata file
#13 DONE 0.0s
 Image review-e2e-e2e Built 
 Container review-e2e-web-1 Waiting 
 Container review-e2e-web-1 Healthy 
 Container review-e2e-e2e-run-79a8d27b6103 Creating 
 Container review-e2e-e2e-run-79a8d27b6103 Created 

Running 9 tests using 2 workers

  ✓  1 [chromium] › api.spec.ts:5:7 › API through the nginx proxy › passes problem details through unchanged (50ms)
  ✓  3 [chromium] › api.spec.ts:15:7 › API through the nginx proxy › passes ETag, If-Match and Location headers (24ms)
  ✓  4 [chromium] › api.spec.ts:27:7 › API through the nginx proxy › passes the Idempotency-Key header (replay) (18ms)
  ✓  5 [chromium] › api.spec.ts:42:7 › API through the nginx proxy › serves the API explorer and deep links (15ms)
  ✓  2 [chromium] › todos.spec.ts:4:5 › create, view, edit, complete, filter and delete a task (747ms)
  ✓  6 [chromium] › todos.spec.ts:42:5 › an empty title is rejected before anything is created (280ms)
  ✓  7 [chromium] › todos.spec.ts:51:5 › a concurrent edit shows a conflict notice and keeps my edits (422ms)
  ✓  8 [chromium] › todos.spec.ts:78:5 › tasks persist across a reload (307ms)
  ✓  9 [chromium] › todos.spec.ts:90:5 › the developer portal renders the docs with diagrams (1.1s)

  9 passed (3.4s)
