 Image review-acceptance-migrate Building 
 Image review-acceptance-api Building 
 Image review-acceptance-web Building 
#1 [internal] load local bake definitions
#1 reading from stdin 1.64kB done
#1 DONE 0.0s

#2 [api internal] load build definition from Dockerfile
#2 transferring dockerfile: 3.98kB done
#2 DONE 0.0s

#3 [api] resolve image config for docker-image://docker.io/docker/dockerfile:1
#3 DONE 0.2s

#4 [web] docker-image://docker.io/docker/dockerfile:1@sha256:4edf897a3ffa55b89f906fc8cc78afdb3f1834cc9c7083565e611a8a7d5fe99e
#4 resolve docker.io/docker/dockerfile:1@sha256:4edf897a3ffa55b89f906fc8cc78afdb3f1834cc9c7083565e611a8a7d5fe99e done
#4 CACHED

#5 [migrate internal] load metadata for docker.io/library/node:24.21-alpine
#5 ...

#6 [web internal] load metadata for docker.io/nginxinc/nginx-unprivileged:1.31-alpine
#6 DONE 0.1s

#5 [web internal] load metadata for docker.io/library/node:24.21-alpine
#5 DONE 0.2s

#7 [api internal] load .dockerignore
#7 transferring context: 135B done
#7 DONE 0.0s

#8 [api base 1/2] FROM docker.io/library/node:24.21-alpine@sha256:ebfe2f90462722a7a4de65e91990e97fe0d401c70e0e762c5b53302f905ec1c1
#8 resolve docker.io/library/node:24.21-alpine@sha256:ebfe2f90462722a7a4de65e91990e97fe0d401c70e0e762c5b53302f905ec1c1 0.0s done
#8 DONE 0.0s

#9 [web web 1/3] FROM docker.io/nginxinc/nginx-unprivileged:1.31-alpine@sha256:26b0bf6fbf07297983cb341998d79c831508787de26627dd2a112321b9c3a4af
#9 resolve docker.io/nginxinc/nginx-unprivileged:1.31-alpine@sha256:26b0bf6fbf07297983cb341998d79c831508787de26627dd2a112321b9c3a4af 0.0s done
#9 DONE 0.0s

#10 [api internal] load build context
#10 transferring context: 1.73MB 0.1s done
#10 transferring context: 1.73MB 0.1s done
#10 DONE 0.1s

#11 [web build-web 1/1] RUN npm run build -w @foci/web
#11 CACHED

#12 [web web 2/3] COPY apps/web/nginx.conf /etc/nginx/conf.d/default.conf
#12 CACHED

#13 [web web 3/3] COPY --from=build-web /repo/apps/web/dist /usr/share/nginx/html
#13 CACHED

#14 [api manifests 4/5] COPY apps/api/package.json apps/api/
#14 CACHED

#15 [api deps 1/1] RUN --mount=type=cache,target=/root/.npm npm ci --no-audit --no-fund
#15 CACHED

#16 [api manifests 3/5] COPY packages/diagrams/package.json packages/diagrams/
#16 CACHED

#17 [api manifests 1/5] COPY package.json package-lock.json ./
#17 CACHED

#18 [api base 2/2] WORKDIR /repo
#18 CACHED

#19 [api build-api 1/1] RUN npm run build -w @foci/shared -w @foci/api
#19 CACHED

#20 [api manifests 5/5] COPY apps/web/package.json apps/web/
#20 CACHED

#21 [api api-prod-deps 1/1] RUN --mount=type=cache,target=/root/.npm     npm ci --omit=dev --no-audit --no-fund -w @foci/api -w @foci/shared
#21 CACHED

#22 [api api 6/9] COPY --chown=node:node apps/api/package.json apps/api/
#22 CACHED

#23 [api source 1/1] COPY . .
#23 CACHED

#24 [api api 8/9] COPY --chown=node:node apps/api/migrations apps/api/migrations
#24 CACHED

#25 [api api 4/9] COPY --chown=node:node packages/shared/package.json packages/shared/
#25 CACHED

#26 [api manifests 2/5] COPY packages/shared/package.json packages/shared/
#26 CACHED

#27 [api api 3/9] COPY --from=api-prod-deps --chown=node:node /repo/node_modules ./node_modules
#27 CACHED

#28 [api api 5/9] COPY --from=build-api --chown=node:node /repo/packages/shared/dist packages/shared/dist
#28 CACHED

#29 [api api 7/9] COPY --from=build-api --chown=node:node /repo/apps/api/dist apps/api/dist
#29 CACHED

#30 [api api 9/9] RUN rm -rf     /usr/local/bin/npm /usr/local/bin/npx /usr/local/bin/corepack     /usr/local/bin/yarn /usr/local/bin/yarnpkg     /usr/local/lib/node_modules/npm /usr/local/lib/node_modules/corepack     /opt/yarn-v*   && ! command -v npm && ! command -v npx && ! command -v corepack   && ! command -v yarn && ! command -v yarnpkg
#30 CACHED

#31 [web] exporting to image
#31 exporting layers done
#31 exporting manifest sha256:315fe21b4cd6e7203d3849e658267c961c81dd6067a8e2c6c13b1a9518e5d237 done
#31 exporting config sha256:b22b8b60d58be8194a7b3e51941996e79e930f6a04b353432d0e5f7fa1e25bcd done
#31 exporting attestation manifest sha256:e7f970f3aafe4aa15036c21e2e00b005ade78c31e859298679e7ce4a1071257e 0.0s done
#31 exporting manifest list sha256:2c0b77536b1b91a3c717a63df01110e75d8a35fa1fd20313ec41a213a1370a20 0.0s done
#31 naming to docker.io/library/review-acceptance-web:latest done
#31 unpacking to docker.io/library/review-acceptance-web:latest
#31 unpacking to docker.io/library/review-acceptance-web:latest 0.0s done
#31 DONE 0.1s

#32 [migrate] exporting to image
#32 exporting layers done
#32 exporting manifest sha256:00731b3b60ab89999444fea2b3a433adc2ec6b88785063db4248908caa8f845c done
#32 exporting config sha256:869187258b215779f0100f2a1b407b019e85bd1b8dd9d261bd252bc263f9d1f5 done
#32 exporting attestation manifest sha256:101df7712e904ce3e20ec2333ea0ee8aaee966e0386ed39e59ebfc1e407a7c31 0.0s done
#32 exporting manifest list sha256:0bae22fbc6d58758f025d3578fe2eb63f398a34ef2734b170a515d72beeefd6b done
#32 naming to docker.io/library/review-acceptance-migrate:latest done
#32 unpacking to docker.io/library/review-acceptance-migrate:latest done
#32 DONE 0.1s

#33 [api] exporting to image
#33 exporting layers done
#33 exporting manifest sha256:2de230375039db153e900e604280f082ec888757dcc33c177a41d26aec07aecb done
#33 exporting config sha256:c9d476afe700063e6f48784a15c1a25ede9f0ff35e57cd3d4545912da2d47402 done
#33 exporting attestation manifest sha256:e4022ddd48c802152c448496073a5c2b8e0cc283099d6297196ac250a6fc9867 0.0s done
#33 exporting manifest list sha256:f411e63ce37be80c92fcb9a32605b04741d6a9628e74e92d2d8b994498b86a87 0.0s done
#33 naming to docker.io/library/review-acceptance-api:latest done
#33 unpacking to docker.io/library/review-acceptance-api:latest done
#33 DONE 0.1s

#34 [web] resolving provenance for metadata file
#34 DONE 0.0s

#35 [migrate] resolving provenance for metadata file
#35 DONE 0.0s

#36 [api] resolving provenance for metadata file
#36 DONE 0.0s
 Image review-acceptance-api Built 
 Image review-acceptance-web Built 
 Image review-acceptance-migrate Built 
 Network review-acceptance_default Creating 
 Network review-acceptance_default Creating 
 Volume review-acceptance_pgdata Creating 
 Volume review-acceptance_pgdata Creating 
 Volume review-acceptance_pgdata Created 
 Volume review-acceptance_pgdata Created 
 Network review-acceptance_default Created 
 Network review-acceptance_default Created 
 Container review-acceptance-db-1 Creating 
 Container review-acceptance-db-1 Created 
 Container review-acceptance-migrate-1 Creating 
 Container review-acceptance-migrate-1 Created 
 Container review-acceptance-api-1 Creating 
 Container review-acceptance-api-1 Created 
 Container review-acceptance-web-1 Creating 
 Container review-acceptance-web-1 Created 
 Container review-acceptance-db-1 Starting 
 Container review-acceptance-db-1 Started 
 Container review-acceptance-db-1 Waiting 
 Container review-acceptance-db-1 Healthy 
 Container review-acceptance-migrate-1 Starting 
 Container review-acceptance-migrate-1 Started 
 Container review-acceptance-migrate-1 Waiting 
 Container review-acceptance-migrate-1 Exited 
 Container review-acceptance-api-1 Starting 
 Container review-acceptance-api-1 Started 
 Container review-acceptance-api-1 Waiting 
 Container review-acceptance-api-1 Healthy 
 Container review-acceptance-web-1 Starting 
 Container review-acceptance-web-1 Started 
