 Image review-acceptance-api Building 
 Image review-acceptance-web Building 
 Image review-acceptance-migrate Building 
#1 [internal] load local bake definitions
#1 reading from stdin 1.64kB done
#1 DONE 0.0s

#2 [api internal] load build definition from Dockerfile
#2 transferring dockerfile: 4.26kB done
#2 DONE 0.0s

#3 [migrate] resolve image config for docker-image://docker.io/docker/dockerfile:1
#3 DONE 0.1s

#4 [web] docker-image://docker.io/docker/dockerfile:1@sha256:4edf897a3ffa55b89f906fc8cc78afdb3f1834cc9c7083565e611a8a7d5fe99e
#4 resolve docker.io/docker/dockerfile:1@sha256:4edf897a3ffa55b89f906fc8cc78afdb3f1834cc9c7083565e611a8a7d5fe99e done
#4 CACHED

#5 [web internal] load metadata for docker.io/library/node:24.21-alpine
#5 DONE 0.1s

#6 [web internal] load metadata for docker.io/nginxinc/nginx-unprivileged:1.31-alpine
#6 DONE 0.1s

#7 [migrate internal] load .dockerignore
#7 transferring context: 135B done
#7 DONE 0.0s

#8 [api base 1/2] FROM docker.io/library/node:24.21-alpine@sha256:ebfe2f90462722a7a4de65e91990e97fe0d401c70e0e762c5b53302f905ec1c1
#8 resolve docker.io/library/node:24.21-alpine@sha256:ebfe2f90462722a7a4de65e91990e97fe0d401c70e0e762c5b53302f905ec1c1 0.0s done
#8 DONE 0.0s

#9 [web web 1/4] FROM docker.io/nginxinc/nginx-unprivileged:1.31-alpine@sha256:26b0bf6fbf07297983cb341998d79c831508787de26627dd2a112321b9c3a4af
#9 resolve docker.io/nginxinc/nginx-unprivileged:1.31-alpine@sha256:26b0bf6fbf07297983cb341998d79c831508787de26627dd2a112321b9c3a4af 0.0s done
#9 DONE 0.0s

#10 [web internal] load build context
#10 transferring context: 1.99MB 0.1s done
#10 transferring context: 1.99MB 0.1s done
#10 DONE 0.1s

#11 [web web 3/4] COPY apps/web/nginx.conf /etc/nginx/conf.d/default.conf
#11 CACHED

#12 [web build-web 1/1] RUN npm run build -w @foci/web
#12 CACHED

#13 [web web 2/4] RUN apk upgrade --no-cache pcre2   && apk list -I pcre2 | grep -Eq '^pcre2-10\.(49|[5-9][0-9])-'
#13 CACHED

#14 [web web 4/4] COPY --from=build-web /repo/apps/web/dist /usr/share/nginx/html
#14 CACHED

#15 [api api 8/9] COPY --chown=node:node apps/api/migrations apps/api/migrations
#15 CACHED

#16 [api build-api 1/1] RUN npm run build -w @foci/shared -w @foci/api
#16 CACHED

#17 [api api-prod-deps 1/1] RUN --mount=type=cache,target=/root/.npm     npm ci --omit=dev --no-audit --no-fund -w @foci/api -w @foci/shared
#17 CACHED

#18 [api api 7/9] COPY --from=build-api --chown=node:node /repo/apps/api/dist apps/api/dist
#18 CACHED

#19 [api manifests 2/5] COPY packages/shared/package.json packages/shared/
#19 CACHED

#20 [api manifests 5/5] COPY apps/web/package.json apps/web/
#20 CACHED

#21 [api manifests 1/5] COPY package.json package-lock.json ./
#21 CACHED

#22 [api api 5/9] COPY --from=build-api --chown=node:node /repo/packages/shared/dist packages/shared/dist
#22 CACHED

#23 [api api 4/9] COPY --chown=node:node packages/shared/package.json packages/shared/
#23 CACHED

#24 [api base 2/2] WORKDIR /repo
#24 CACHED

#25 [api manifests 4/5] COPY apps/api/package.json apps/api/
#25 CACHED

#26 [api source 1/1] COPY . .
#26 CACHED

#27 [api deps 1/1] RUN --mount=type=cache,target=/root/.npm npm ci --no-audit --no-fund
#27 CACHED

#28 [api manifests 3/5] COPY packages/diagrams/package.json packages/diagrams/
#28 CACHED

#29 [api api 6/9] COPY --chown=node:node apps/api/package.json apps/api/
#29 CACHED

#30 [api api 3/9] COPY --from=api-prod-deps --chown=node:node /repo/node_modules ./node_modules
#30 CACHED

#31 [api api 9/9] RUN rm -rf     /usr/local/bin/npm /usr/local/bin/npx /usr/local/bin/corepack     /usr/local/bin/yarn /usr/local/bin/yarnpkg     /usr/local/lib/node_modules/npm /usr/local/lib/node_modules/corepack     /opt/yarn-v*   && ! command -v npm && ! command -v npx && ! command -v corepack   && ! command -v yarn && ! command -v yarnpkg
#31 CACHED

#32 [web] exporting to image
#32 exporting layers done
#32 exporting manifest sha256:492b497cd93412905c32d2bd539460c9380f9a65f544abc7e426a5101975a589 0.0s done
#32 exporting config sha256:76e37c4fba7501c52aa81684296e19c2403d1242edf4dd03e7748756f228f52a done
#32 exporting attestation manifest sha256:b2173dc53637fa35d4ef4130c7b3535292d71fa9a5df9f08fc5aa70ff6f92f25 0.0s done
#32 exporting manifest list sha256:e68367a9266306a4d8f9702d178a4f21ec70b3f20017e014fa08dd036f124b5c done
#32 naming to docker.io/library/review-acceptance-web:latest
#32 naming to docker.io/library/review-acceptance-web:latest done
#32 unpacking to docker.io/library/review-acceptance-web:latest 0.0s done
#32 DONE 0.1s

#33 [api] exporting to image
#33 exporting layers done
#33 exporting manifest sha256:fb55e959eab628c1c54ec1849c949171f9fd006dfdac707955eec041db1f4910 done
#33 exporting config sha256:b473c988a6a89336d048ee53661f774a7a91fe42d28de02540d37691aeccfc60 done
#33 exporting attestation manifest sha256:138a8f94a73efcd3fd1564b612b63385b0ec3e39f69bed7820b88b1e9676ba8e 0.0s done
#33 exporting manifest list sha256:82001a0de8be4ec4ab05a917e0c4a30872a0e6c34bb771e6f10f6eb1997e8a26 done
#33 naming to docker.io/library/review-acceptance-api:latest done
#33 unpacking to docker.io/library/review-acceptance-api:latest done
#33 DONE 0.1s

#34 [migrate] exporting to image
#34 exporting layers done
#34 exporting manifest sha256:ff96a22e2ca97d91018ac1dcf1361b41e36154b5a0c183acc71dd65ac75340e5 done
#34 exporting config sha256:6a20d79054809d31e9296511f72a839152d3e07c725c6dea2400a89f57086a2c done
#34 exporting attestation manifest sha256:38ebf4344794d6467abed0eb4dd28a5782ff4428364c6b72e96ec548f01f3309 0.0s done
#34 exporting manifest list sha256:e34127bf68370b1431931e08f712ce538923f5ea409af62063e3144785c18e26 done
#34 naming to docker.io/library/review-acceptance-migrate:latest done
#34 unpacking to docker.io/library/review-acceptance-migrate:latest done
#34 DONE 0.1s

#35 [api] resolving provenance for metadata file
#35 DONE 0.0s

#36 [migrate] resolving provenance for metadata file
#36 DONE 0.0s

#37 [web] resolving provenance for metadata file
#37 DONE 0.0s
 Image review-acceptance-migrate Built 
 Image review-acceptance-api Built 
 Image review-acceptance-web Built 
 Network review-acceptance_default Creating 
 Network review-acceptance_default Creating 
 Volume review-acceptance_pgdata Creating 
 Volume review-acceptance_pgdata Creating 
 Volume review-acceptance_pgdata Created 
 Volume review-acceptance_pgdata Created 
 Network review-acceptance_default Created 
 Network review-acceptance_default Created 
 Container review-acceptance-db-1 Creating 
 Container review-acceptance-db-1 Created 
 Container review-acceptance-migrate-1 Creating 
 Container review-acceptance-migrate-1 Created 
 Container review-acceptance-api-1 Creating 
 Container review-acceptance-api-1 Created 
 Container review-acceptance-web-1 Creating 
 Container review-acceptance-web-1 Created 
 Container review-acceptance-db-1 Starting 
 Container review-acceptance-db-1 Started 
 Container review-acceptance-db-1 Waiting 
 Container review-acceptance-db-1 Healthy 
 Container review-acceptance-migrate-1 Starting 
 Container review-acceptance-migrate-1 Started 
 Container review-acceptance-migrate-1 Waiting 
 Container review-acceptance-migrate-1 Exited 
 Container review-acceptance-api-1 Starting 
 Container review-acceptance-api-1 Started 
 Container review-acceptance-api-1 Waiting 
 Container review-acceptance-api-1 Healthy 
 Container review-acceptance-web-1 Starting 
 Container review-acceptance-web-1 Started 
