 Image review-e2e-web Building 
 Image review-e2e-api Building 
 Image review-e2e-migrate Building 
#1 [internal] load local bake definitions
#1 reading from stdin 1.65kB done
#1 DONE 0.0s

#2 [migrate internal] load build definition from Dockerfile
#2 transferring dockerfile: 3.67kB done
#2 DONE 0.0s

#3 [api] resolve image config for docker-image://docker.io/docker/dockerfile:1
#3 DONE 0.2s

#4 [migrate] docker-image://docker.io/docker/dockerfile:1@sha256:4edf897a3ffa55b89f906fc8cc78afdb3f1834cc9c7083565e611a8a7d5fe99e
#4 resolve docker.io/docker/dockerfile:1@sha256:4edf897a3ffa55b89f906fc8cc78afdb3f1834cc9c7083565e611a8a7d5fe99e 0.0s done
#4 CACHED

#5 [api internal] load metadata for docker.io/library/node:24.21-alpine
#5 DONE 0.2s

#6 [web internal] load metadata for docker.io/nginxinc/nginx-unprivileged:1.31-alpine
#6 DONE 0.2s

#7 [web internal] load .dockerignore
#7 transferring context: 135B done
#7 DONE 0.0s

#8 [api base 1/2] FROM docker.io/library/node:24.21-alpine@sha256:ebfe2f90462722a7a4de65e91990e97fe0d401c70e0e762c5b53302f905ec1c1
#8 resolve docker.io/library/node:24.21-alpine@sha256:ebfe2f90462722a7a4de65e91990e97fe0d401c70e0e762c5b53302f905ec1c1 done
#8 DONE 0.0s

#9 [web web 1/3] FROM docker.io/nginxinc/nginx-unprivileged:1.31-alpine@sha256:26b0bf6fbf07297983cb341998d79c831508787de26627dd2a112321b9c3a4af
#9 resolve docker.io/nginxinc/nginx-unprivileged:1.31-alpine@sha256:26b0bf6fbf07297983cb341998d79c831508787de26627dd2a112321b9c3a4af 0.0s done
#9 DONE 0.0s

#10 [migrate internal] load build context
#10 transferring context: 14.04kB 0.0s done
#10 DONE 0.0s

#11 [web base 2/2] WORKDIR /repo
#11 CACHED

#12 [web web 2/3] COPY apps/web/nginx.conf /etc/nginx/conf.d/default.conf
#12 CACHED

#13 [web manifests 1/4] COPY package.json package-lock.json ./
#13 CACHED

#14 [web build-web 1/1] RUN BUILD_DATE="$(date -u +%Y-%m-%d)" npm run build -w @foci/web
#14 CACHED

#15 [web source 1/1] COPY . .
#15 CACHED

#16 [web manifests 2/4] COPY packages/shared/package.json packages/shared/
#16 CACHED

#17 [web deps 1/1] RUN --mount=type=cache,target=/root/.npm npm ci --no-audit --no-fund
#17 CACHED

#18 [web manifests 4/4] COPY apps/web/package.json apps/web/
#18 CACHED

#19 [web manifests 3/4] COPY apps/api/package.json apps/api/
#19 CACHED

#20 [web web 3/3] COPY --from=build-web /repo/apps/web/dist /usr/share/nginx/html
#20 CACHED

#21 [api api 8/9] COPY --chown=node:node apps/api/migrations apps/api/migrations
#21 CACHED

#19 [api manifests 3/4] COPY apps/api/package.json apps/api/
#19 CACHED

#18 [api manifests 4/4] COPY apps/web/package.json apps/web/
#18 CACHED

#16 [api manifests 2/4] COPY packages/shared/package.json packages/shared/
#16 CACHED

#22 [api build-api 1/1] RUN npm run build -w @foci/shared -w @foci/api
#22 CACHED

#23 [api api 5/9] COPY --from=build-api --chown=node:node /repo/packages/shared/dist packages/shared/dist
#23 CACHED

#24 [api api 6/9] COPY --chown=node:node apps/api/package.json apps/api/
#24 CACHED

#25 [api api-prod-deps 1/1] RUN --mount=type=cache,target=/root/.npm     npm ci --omit=dev --no-audit --no-fund -w @foci/api -w @foci/shared
#25 CACHED

#13 [api manifests 1/4] COPY package.json package-lock.json ./
#13 CACHED

#26 [api api 7/9] COPY --from=build-api --chown=node:node /repo/apps/api/dist apps/api/dist
#26 CACHED

#11 [api base 2/2] WORKDIR /repo
#11 CACHED

#27 [api api 3/9] COPY --from=api-prod-deps --chown=node:node /repo/node_modules ./node_modules
#27 CACHED

#17 [api deps 1/1] RUN --mount=type=cache,target=/root/.npm npm ci --no-audit --no-fund
#17 CACHED

#15 [api source 1/1] COPY . .
#15 CACHED

#28 [api api 4/9] COPY --chown=node:node packages/shared/package.json packages/shared/
#28 CACHED

#29 [migrate api 9/9] RUN rm -rf     /usr/local/bin/npm /usr/local/bin/npx /usr/local/bin/corepack     /usr/local/bin/yarn /usr/local/bin/yarnpkg     /usr/local/lib/node_modules/npm /usr/local/lib/node_modules/corepack     /opt/yarn-v*   && ! command -v npm && ! command -v npx && ! command -v corepack   && ! command -v yarn && ! command -v yarnpkg
#29 CACHED

#30 [migrate] exporting to image
#30 exporting layers done
#30 exporting manifest sha256:6872347ae26c1988a166ab58b36d4a4624e1678c50e2346a3fe667db24b31177 done
#30 exporting config sha256:11ced0d7d68020413683ac36978293906882131b23b6d15c9ab234c047a5069b done
#30 exporting attestation manifest sha256:17f2332f465583c58b399082dd78b0608fff4ec0be67b4351208fd6fc0d10bb9 0.0s done
#30 exporting manifest list sha256:0d942601394f4cc1889460f90410fa57a8becb433e6cc204a0999f5159f7a1f8 done
#30 naming to docker.io/library/review-e2e-migrate:latest done
#30 unpacking to docker.io/library/review-e2e-migrate:latest done
#30 DONE 0.1s

#31 [api] exporting to image
#31 exporting layers done
#31 exporting manifest sha256:31bc75e6179b8abe14161702c851d7b4fb1e1661c88a7a18a70b526e25bf9476 done
#31 exporting config sha256:00f9556884e35a84bfb9a29f54e674a348b3d372a1b5e7485909281f2a89f112 done
#31 exporting attestation manifest sha256:baa81b5da5fdb83c99aa7948cae41ca219582d9f0b16d0e1777cd170fc323029 0.0s done
#31 exporting manifest list sha256:ccc5d90b81bbb89ef9a7f1b49e6a8cec936d32325b144a36eea74f1565254990 done
#31 naming to docker.io/library/review-e2e-api:latest done
#31 unpacking to docker.io/library/review-e2e-api:latest done
#31 DONE 0.1s

#32 [web] exporting to image
#32 exporting layers done
#32 exporting manifest sha256:210be568acbacbc66fc62db15500e7fc9b411c80b9343fe66a8b504fd4957ba8 done
#32 exporting config sha256:76e876e0b20d92188402ff7bcd6023681a6a43a90a773ef1ada1b9c1122c484e done
#32 exporting attestation manifest sha256:c20cc7091b982eea5a3e5d22990136ee625df74b028d980926a20a0a1715aff6 0.0s done
#32 exporting manifest list sha256:0442759c8952ff444b017c5df0d622ceaae1b508deaa5e014519265fbaa5f5ed done
#32 naming to docker.io/library/review-e2e-web:latest done
#32 unpacking to docker.io/library/review-e2e-web:latest done
#32 DONE 0.1s

#33 [migrate] resolving provenance for metadata file
#33 DONE 0.0s

#34 [web] resolving provenance for metadata file
#34 DONE 0.0s

#35 [api] resolving provenance for metadata file
#35 DONE 0.0s
 Image review-e2e-api Built 
 Image review-e2e-migrate Built 
 Image review-e2e-web Built 
 Network review-e2e_default Creating 
 Network review-e2e_default Creating 
 Volume review-e2e_pgdata Creating 
 Volume review-e2e_pgdata Creating 
 Volume review-e2e_pgdata Created 
 Volume review-e2e_pgdata Created 
 Network review-e2e_default Created 
 Network review-e2e_default Created 
 Container review-e2e-db-1 Creating 
 Container review-e2e-db-1 Created 
 Container review-e2e-migrate-1 Creating 
 Container review-e2e-migrate-1 Created 
 Container review-e2e-api-1 Creating 
 Container review-e2e-api-1 Created 
 Container review-e2e-web-1 Creating 
 Container review-e2e-web-1 Created 
 Container review-e2e-db-1 Starting 
 Container review-e2e-db-1 Started 
 Container review-e2e-db-1 Waiting 
 Container review-e2e-db-1 Healthy 
 Container review-e2e-migrate-1 Starting 
 Container review-e2e-migrate-1 Started 
 Container review-e2e-migrate-1 Waiting 
 Container review-e2e-migrate-1 Exited 
 Container review-e2e-api-1 Starting 
 Container review-e2e-api-1 Started 
 Container review-e2e-api-1 Waiting 
 Container review-e2e-api-1 Healthy 
 Container review-e2e-web-1 Starting 
 Container review-e2e-web-1 Started 
 Image review-e2e-e2e Building 
#1 [internal] load local bake definitions
#1 reading from stdin 2.07kB done
#1 DONE 0.0s

#2 [internal] load build definition from Dockerfile
#2 transferring dockerfile: 3.67kB done
#2 DONE 0.0s

#3 resolve image config for docker-image://docker.io/docker/dockerfile:1
#3 DONE 0.1s

#4 docker-image://docker.io/docker/dockerfile:1@sha256:4edf897a3ffa55b89f906fc8cc78afdb3f1834cc9c7083565e611a8a7d5fe99e
#4 resolve docker.io/docker/dockerfile:1@sha256:4edf897a3ffa55b89f906fc8cc78afdb3f1834cc9c7083565e611a8a7d5fe99e done
#4 CACHED

#5 [internal] load metadata for mcr.microsoft.com/playwright:v1.63.0-noble
#5 DONE 0.1s

#6 [internal] load .dockerignore
#6 transferring context: 135B done
#6 DONE 0.0s

#7 [internal] load build context
#7 transferring context: 212B done
#7 DONE 0.0s

#8 [e2e 1/4] FROM mcr.microsoft.com/playwright:v1.63.0-noble@sha256:eff16c30e6f3f4af0a03fa4b706120d5e9b0891c344a27d64559aff5900a4a27
#8 resolve mcr.microsoft.com/playwright:v1.63.0-noble@sha256:eff16c30e6f3f4af0a03fa4b706120d5e9b0891c344a27d64559aff5900a4a27 done
#8 DONE 0.0s

#9 [e2e 3/4] RUN npm init -y >/dev/null   && npm install --no-audit --no-fund --save-exact @playwright/test@1.63.0
#9 CACHED

#10 [e2e 2/4] WORKDIR /e2e
#10 CACHED

#11 [e2e 4/4] COPY e2e/ ./
#11 CACHED

#12 exporting to image
#12 exporting layers done
#12 exporting manifest sha256:1f113ae1b48713132681c3eb3b80ecaa8630fd6a6274f404ae85007e20e5d788 done
#12 exporting config sha256:600b59de9f0bc7b9828d787d4ff2a6ce7d01883b98626f91812ecdb6c110fbe4 done
#12 exporting attestation manifest sha256:5210c2b24e0bdc04bebcf8eb24c1dea8b3f2cd90807b8bcb0d0a8d88c008b674 done
#12 exporting manifest list sha256:dca74d9719afbe3994480fa49b1c69407540fa6d832e9b037359fcfc5c17ed06 done
#12 naming to docker.io/library/review-e2e-e2e:latest done
#12 unpacking to docker.io/library/review-e2e-e2e:latest done
#12 DONE 0.0s

#13 resolving provenance for metadata file
#13 DONE 0.0s
 Image review-e2e-e2e Built 
 Container review-e2e-web-1 Waiting 
 Container review-e2e-web-1 Healthy 
 Container review-e2e-e2e-run-97efb55a655c Creating 
 Container review-e2e-e2e-run-97efb55a655c Created 

Running 9 tests using 2 workers

  ✓  1 [chromium] › api.spec.ts:5:7 › API through the nginx proxy › passes problem details through unchanged (53ms)
  ✓  3 [chromium] › api.spec.ts:15:7 › API through the nginx proxy › passes ETag, If-Match and Location headers (32ms)
  ✓  4 [chromium] › api.spec.ts:27:7 › API through the nginx proxy › passes the Idempotency-Key header (replay) (22ms)
  ✓  5 [chromium] › api.spec.ts:42:7 › API through the nginx proxy › serves the API explorer and deep links (13ms)
  ✓  2 [chromium] › todos.spec.ts:4:5 › create, view, edit, complete, filter and delete a task (748ms)
  ✓  6 [chromium] › todos.spec.ts:42:5 › an empty title is rejected before anything is created (256ms)
  ✓  7 [chromium] › todos.spec.ts:51:5 › a concurrent edit shows a conflict notice and keeps my edits (427ms)
  ✓  8 [chromium] › todos.spec.ts:78:5 › tasks persist across a reload (305ms)
  ✓  9 [chromium] › todos.spec.ts:90:5 › the developer portal renders the docs with diagrams (1.1s)

  9 passed (3.5s)
