 Image review-storyboard-api Building 
 Image review-storyboard-migrate Building 
 Image review-storyboard-web Building 
#1 [internal] load local bake definitions
#1 reading from stdin 1.64kB done
#1 DONE 0.0s

#2 [migrate internal] load build definition from Dockerfile
#2 transferring dockerfile: 3.98kB done
#2 DONE 0.0s

#3 [web] resolve image config for docker-image://docker.io/docker/dockerfile:1
#3 DONE 0.2s

#4 [web] docker-image://docker.io/docker/dockerfile:1@sha256:4edf897a3ffa55b89f906fc8cc78afdb3f1834cc9c7083565e611a8a7d5fe99e
#4 resolve docker.io/docker/dockerfile:1@sha256:4edf897a3ffa55b89f906fc8cc78afdb3f1834cc9c7083565e611a8a7d5fe99e done
#4 CACHED

#5 [migrate internal] load metadata for docker.io/library/node:24.21-alpine
#5 DONE 0.2s

#6 [web internal] load metadata for docker.io/nginxinc/nginx-unprivileged:1.31-alpine
#6 DONE 0.2s

#7 [web internal] load .dockerignore
#7 transferring context: 135B done
#7 DONE 0.0s

#8 [migrate base 1/2] FROM docker.io/library/node:24.21-alpine@sha256:ebfe2f90462722a7a4de65e91990e97fe0d401c70e0e762c5b53302f905ec1c1
#8 resolve docker.io/library/node:24.21-alpine@sha256:ebfe2f90462722a7a4de65e91990e97fe0d401c70e0e762c5b53302f905ec1c1 0.0s done
#8 DONE 0.0s

#9 [web web 1/3] FROM docker.io/nginxinc/nginx-unprivileged:1.31-alpine@sha256:26b0bf6fbf07297983cb341998d79c831508787de26627dd2a112321b9c3a4af
#9 resolve docker.io/nginxinc/nginx-unprivileged:1.31-alpine@sha256:26b0bf6fbf07297983cb341998d79c831508787de26627dd2a112321b9c3a4af 0.0s done
#9 DONE 0.0s

#10 [api internal] load build context
#10 transferring context: 1.99MB 0.1s done
#10 transferring context: 1.99MB 0.1s done
#10 DONE 0.1s

#11 [web web 2/3] COPY apps/web/nginx.conf /etc/nginx/conf.d/default.conf
#11 CACHED

#12 [web build-web 1/1] RUN npm run build -w @foci/web
#12 CACHED

#13 [web web 3/3] COPY --from=build-web /repo/apps/web/dist /usr/share/nginx/html
#13 CACHED

#14 [migrate api 4/9] COPY --chown=node:node packages/shared/package.json packages/shared/
#14 CACHED

#15 [migrate deps 1/1] RUN --mount=type=cache,target=/root/.npm npm ci --no-audit --no-fund
#15 CACHED

#16 [migrate api 7/9] COPY --from=build-api --chown=node:node /repo/apps/api/dist apps/api/dist
#16 CACHED

#17 [migrate base 2/2] WORKDIR /repo
#17 CACHED

#18 [migrate manifests 2/5] COPY packages/shared/package.json packages/shared/
#18 CACHED

#19 [migrate api 5/9] COPY --from=build-api --chown=node:node /repo/packages/shared/dist packages/shared/dist
#19 CACHED

#20 [migrate manifests 1/5] COPY package.json package-lock.json ./
#20 CACHED

#21 [migrate manifests 3/5] COPY packages/diagrams/package.json packages/diagrams/
#21 CACHED

#22 [migrate api-prod-deps 1/1] RUN --mount=type=cache,target=/root/.npm     npm ci --omit=dev --no-audit --no-fund -w @foci/api -w @foci/shared
#22 CACHED

#23 [migrate api 8/9] COPY --chown=node:node apps/api/migrations apps/api/migrations
#23 CACHED

#24 [migrate manifests 4/5] COPY apps/api/package.json apps/api/
#24 CACHED

#25 [migrate api 6/9] COPY --chown=node:node apps/api/package.json apps/api/
#25 CACHED

#26 [migrate manifests 5/5] COPY apps/web/package.json apps/web/
#26 CACHED

#27 [migrate source 1/1] COPY . .
#27 CACHED

#28 [migrate api 3/9] COPY --from=api-prod-deps --chown=node:node /repo/node_modules ./node_modules
#28 CACHED

#29 [migrate build-api 1/1] RUN npm run build -w @foci/shared -w @foci/api
#29 CACHED

#30 [migrate api 9/9] RUN rm -rf     /usr/local/bin/npm /usr/local/bin/npx /usr/local/bin/corepack     /usr/local/bin/yarn /usr/local/bin/yarnpkg     /usr/local/lib/node_modules/npm /usr/local/lib/node_modules/corepack     /opt/yarn-v*   && ! command -v npm && ! command -v npx && ! command -v corepack   && ! command -v yarn && ! command -v yarnpkg
#30 CACHED

#31 [web] exporting to image
#31 exporting layers done
#31 exporting manifest sha256:31aecb278f3fcd85a9c6f5e1527e696aa40b68d41db0a3c824646a1131bc3aee done
#31 exporting config sha256:262d39d1c0c387ae3fd43fad562cafc7e427bdcde61c0dd60a38d63929b9a967 done
#31 exporting attestation manifest sha256:b25f359b83f5f579f26b7e8e60d6585a6e621110beff2eaf604fce9c397d830b 0.0s done
#31 exporting manifest list sha256:6da68715dbc48ac146c39100f96f4989db31fbb8463ef213f53799d39b714c24
#31 exporting manifest list sha256:6da68715dbc48ac146c39100f96f4989db31fbb8463ef213f53799d39b714c24 done
#31 naming to docker.io/library/review-storyboard-web:latest done
#31 unpacking to docker.io/library/review-storyboard-web:latest done
#31 DONE 0.1s

#32 [migrate] exporting to image
#32 exporting layers done
#32 exporting manifest sha256:b1cb38741a2554bc5c9bb771bef3d718d5e70affc20a3cb69784ea7e91559777 done
#32 exporting config sha256:c1b8af8aa42dad23ca404f6216066a4381cfe1bc496338f5eb2e5c849f991cbb done
#32 exporting attestation manifest sha256:ff50d15f48b63947bdd4be841332f0ab8206a5c41420217b4825c61d86fcc56b 0.0s done
#32 exporting manifest list sha256:34f3d73fe140ad0558a640bbec2e3858cf77f1143d265bfa5ddfa84bb316f984 done
#32 naming to docker.io/library/review-storyboard-migrate:latest done
#32 unpacking to docker.io/library/review-storyboard-migrate:latest done
#32 DONE 0.1s

#33 [api] exporting to image
#33 exporting layers done
#33 exporting manifest sha256:1331749b8ce977875ccd358f60d7844e732c27ad00fbd19f7bd7afbbb2c6213e done
#33 exporting config sha256:5c890e3384a814bf102f272e6ba1de2e290720686f910f8e79876b11e800ad42 done
#33 exporting attestation manifest sha256:3f41ad3ebb191fc99ab6b8abafc57bc966a63acb6b5e85787c18249b8423071f 0.0s done
#33 exporting manifest list sha256:bde1964027418aade8dc493a48a0ab7856b70c5dec3de5ee421ebf54b95efec4 done
#33 naming to docker.io/library/review-storyboard-api:latest done
#33 unpacking to docker.io/library/review-storyboard-api:latest done
#33 DONE 0.1s

#34 [migrate] resolving provenance for metadata file
#34 DONE 0.0s

#35 [web] resolving provenance for metadata file
#35 DONE 0.0s

#36 [api] resolving provenance for metadata file
#36 DONE 0.0s
 Image review-storyboard-migrate Built 
 Image review-storyboard-api Built 
 Image review-storyboard-web Built 
 Network review-storyboard_default Creating 
 Network review-storyboard_default Creating 
 Volume review-storyboard_pgdata Creating 
 Volume review-storyboard_pgdata Creating 
 Volume review-storyboard_pgdata Created 
 Volume review-storyboard_pgdata Created 
 Network review-storyboard_default Created 
 Network review-storyboard_default Created 
 Container review-storyboard-db-1 Creating 
 Container review-storyboard-db-1 Created 
 Container review-storyboard-migrate-1 Creating 
 Container review-storyboard-migrate-1 Created 
 Container review-storyboard-api-1 Creating 
 Container review-storyboard-api-1 Created 
 Container review-storyboard-web-1 Creating 
 Container review-storyboard-web-1 Created 
 Container review-storyboard-db-1 Starting 
 Container review-storyboard-db-1 Started 
 Container review-storyboard-db-1 Waiting 
 Container review-storyboard-db-1 Healthy 
 Container review-storyboard-migrate-1 Starting 
 Container review-storyboard-migrate-1 Started 
 Container review-storyboard-migrate-1 Waiting 
 Container review-storyboard-migrate-1 Exited 
 Container review-storyboard-api-1 Starting 
 Container review-storyboard-api-1 Started 
 Container review-storyboard-api-1 Waiting 
 Container review-storyboard-api-1 Healthy 
 Container review-storyboard-web-1 Starting 
 Container review-storyboard-web-1 Started 
