

  █ THRESHOLDS 

    checks
    ✓ 'rate==1' rate=100.00%

    http_req_duration{name:GET /todos}
    ✓ 'p(95)<250' p(95)=10.48ms

    http_req_failed
    ✓ 'rate==0' rate=0.00%


  █ TOTAL RESULTS 

    checks_total.......: 253336  5066.596587/s
    checks_succeeded...: 100.00% 253336 out of 253336
    checks_failed......: 0.00%   0 out of 253336

    ✓ list 200
    ✓ edit 200
    ✓ complete 200
    ✓ delete 204

    HTTP
    http_req_duration..............: avg=6.23ms  min=347.25µs med=6.35ms  max=53.49ms  p(90)=9.31ms  p(95)=10.9ms 
      { expected_response:true }...: avg=6.23ms  min=347.25µs med=6.35ms  max=53.49ms  p(90)=9.31ms  p(95)=10.9ms 
      { name:GET /todos }..........: avg=5.96ms  min=347.25µs med=6.08ms  max=49.29ms  p(90)=9.03ms  p(95)=10.48ms
    http_req_failed................: 0.00%  0 out of 316670
    http_reqs......................: 316670 6333.245733/s

    EXECUTION
    iteration_duration.............: avg=31.65ms min=2.29ms   med=33.78ms max=104.38ms p(90)=44.69ms p(95)=49.73ms
    iterations.....................: 63334  1266.649147/s
    vus............................: 1      min=1           max=50
    vus_max........................: 50     min=50          max=50

    NETWORK
    data_received..................: 503 MB 10 MB/s
    data_sent......................: 47 MB  947 kB/s



