 Image review-storyboard-migrate Building 
 Image review-storyboard-api Building 
 Image review-storyboard-web Building 
#1 [internal] load local bake definitions
#1 reading from stdin 1.64kB done
#1 DONE 0.0s

#2 [web internal] load build definition from Dockerfile
#2 transferring dockerfile: 3.98kB done
#2 DONE 0.0s

#3 [api] resolve image config for docker-image://docker.io/docker/dockerfile:1
#3 DONE 0.2s

#4 [migrate] docker-image://docker.io/docker/dockerfile:1@sha256:4edf897a3ffa55b89f906fc8cc78afdb3f1834cc9c7083565e611a8a7d5fe99e
#4 resolve docker.io/docker/dockerfile:1@sha256:4edf897a3ffa55b89f906fc8cc78afdb3f1834cc9c7083565e611a8a7d5fe99e 0.1s done
#4 resolve docker.io/docker/dockerfile:1@sha256:4edf897a3ffa55b89f906fc8cc78afdb3f1834cc9c7083565e611a8a7d5fe99e 0.1s done
#4 CACHED

#5 [api internal] load metadata for docker.io/library/node:24.21-alpine
#5 ...

#6 [web internal] load metadata for docker.io/nginxinc/nginx-unprivileged:1.31-alpine
#6 DONE 0.2s

#5 [migrate internal] load metadata for docker.io/library/node:24.21-alpine
#5 DONE 0.2s

#7 [web internal] load .dockerignore
#7 transferring context: 135B done
#7 DONE 0.0s

#8 [migrate base 1/2] FROM docker.io/library/node:24.21-alpine@sha256:ebfe2f90462722a7a4de65e91990e97fe0d401c70e0e762c5b53302f905ec1c1
#8 resolve docker.io/library/node:24.21-alpine@sha256:ebfe2f90462722a7a4de65e91990e97fe0d401c70e0e762c5b53302f905ec1c1 0.0s done
#8 DONE 0.0s

#9 [web web 1/3] FROM docker.io/nginxinc/nginx-unprivileged:1.31-alpine@sha256:26b0bf6fbf07297983cb341998d79c831508787de26627dd2a112321b9c3a4af
#9 resolve docker.io/nginxinc/nginx-unprivileged:1.31-alpine@sha256:26b0bf6fbf07297983cb341998d79c831508787de26627dd2a112321b9c3a4af 0.0s done
#9 DONE 0.0s

#10 [web internal] load build context
#10 transferring context: 1.99MB 0.1s done
#10 transferring context: 1.99MB 0.1s done
#10 DONE 0.1s

#11 [web web 2/3] COPY apps/web/nginx.conf /etc/nginx/conf.d/default.conf
#11 CACHED

#12 [web build-web 1/1] RUN npm run build -w @foci/web
#12 CACHED

#13 [web web 3/3] COPY --from=build-web /repo/apps/web/dist /usr/share/nginx/html
#13 CACHED

#14 [api deps 1/1] RUN --mount=type=cache,target=/root/.npm npm ci --no-audit --no-fund
#14 CACHED

#15 [api manifests 5/5] COPY apps/web/package.json apps/web/
#15 CACHED

#16 [api api 3/9] COPY --from=api-prod-deps --chown=node:node /repo/node_modules ./node_modules
#16 CACHED

#17 [api build-api 1/1] RUN npm run build -w @foci/shared -w @foci/api
#17 CACHED

#18 [api api 6/9] COPY --chown=node:node apps/api/package.json apps/api/
#18 CACHED

#19 [api manifests 3/5] COPY packages/diagrams/package.json packages/diagrams/
#19 CACHED

#20 [api api 5/9] COPY --from=build-api --chown=node:node /repo/packages/shared/dist packages/shared/dist
#20 CACHED

#21 [api api 8/9] COPY --chown=node:node apps/api/migrations apps/api/migrations
#21 CACHED

#22 [api base 2/2] WORKDIR /repo
#22 CACHED

#23 [api source 1/1] COPY . .
#23 CACHED

#24 [api api-prod-deps 1/1] RUN --mount=type=cache,target=/root/.npm     npm ci --omit=dev --no-audit --no-fund -w @foci/api -w @foci/shared
#24 CACHED

#25 [api api 7/9] COPY --from=build-api --chown=node:node /repo/apps/api/dist apps/api/dist
#25 CACHED

#26 [api api 4/9] COPY --chown=node:node packages/shared/package.json packages/shared/
#26 CACHED

#27 [api manifests 4/5] COPY apps/api/package.json apps/api/
#27 CACHED

#28 [api manifests 1/5] COPY package.json package-lock.json ./
#28 CACHED

#29 [api manifests 2/5] COPY packages/shared/package.json packages/shared/
#29 CACHED

#30 [api api 9/9] RUN rm -rf     /usr/local/bin/npm /usr/local/bin/npx /usr/local/bin/corepack     /usr/local/bin/yarn /usr/local/bin/yarnpkg     /usr/local/lib/node_modules/npm /usr/local/lib/node_modules/corepack     /opt/yarn-v*   && ! command -v npm && ! command -v npx && ! command -v corepack   && ! command -v yarn && ! command -v yarnpkg
#30 CACHED

#31 [api] exporting to image
#31 exporting layers done
#31 exporting manifest sha256:1331749b8ce977875ccd358f60d7844e732c27ad00fbd19f7bd7afbbb2c6213e done
#31 exporting config sha256:5c890e3384a814bf102f272e6ba1de2e290720686f910f8e79876b11e800ad42 done
#31 exporting attestation manifest sha256:8ef9c416ee5ee36775376f07857aa11d9a7cd19528819dc372946983cf7be5c1 0.0s done
#31 exporting manifest list sha256:981c2d843ea4ddd318552cf0cd8cb47eebaea5763f6ade082fa239eeaea34d15 done
#31 naming to docker.io/library/review-storyboard-api:latest done
#31 unpacking to docker.io/library/review-storyboard-api:latest done
#31 DONE 0.1s

#32 [migrate] exporting to image
#32 exporting layers done
#32 exporting manifest sha256:b1cb38741a2554bc5c9bb771bef3d718d5e70affc20a3cb69784ea7e91559777 done
#32 exporting config sha256:c1b8af8aa42dad23ca404f6216066a4381cfe1bc496338f5eb2e5c849f991cbb done
#32 exporting attestation manifest sha256:e9857cde2203f6327bc407c5a92b1ac2d4b0996ae13fe4356d4388f3c4bb435d 0.0s done
#32 exporting manifest list sha256:bae99eb5b66ffbb7cdb4f65a212b7f8d385ac45a46eec22beb45f2e0f38bea39 0.0s done
#32 naming to docker.io/library/review-storyboard-migrate:latest done
#32 unpacking to docker.io/library/review-storyboard-migrate:latest done
#32 DONE 0.1s

#33 [web] exporting to image
#33 exporting layers done
#33 exporting manifest sha256:639291e9a24bbc6cd3a8c6473b434a3f079e8f136846ec3f820f67209ee294dd done
#33 exporting config sha256:61f45d8ff528ab7e9cc9dd5ce2a8f5b689a2b544e616517742831cbe611524a1 done
#33 exporting attestation manifest sha256:50f15b3d0235107fe3709e468fdb9f9fadc96b8e756e0787e916c67311fea3cd 0.0s done
#33 exporting manifest list sha256:8738b74a2cf59c01930e5aa05488cfeeb50bf1d7dc4ba035b38ebbdbef6e1cbf done
#33 naming to docker.io/library/review-storyboard-web:latest done
#33 unpacking to docker.io/library/review-storyboard-web:latest done
#33 DONE 0.1s

#34 [migrate] resolving provenance for metadata file
#34 DONE 0.0s

#35 [api] resolving provenance for metadata file
#35 DONE 0.0s

#36 [web] resolving provenance for metadata file
#36 DONE 0.0s
 Image review-storyboard-migrate Built 
 Image review-storyboard-api Built 
 Image review-storyboard-web Built 
 Volume review-storyboard_pgdata Creating 
 Volume review-storyboard_pgdata Creating 
 Network review-storyboard_default Creating 
 Network review-storyboard_default Creating 
 Volume review-storyboard_pgdata Created 
 Volume review-storyboard_pgdata Created 
 Network review-storyboard_default Created 
 Network review-storyboard_default Created 
 Container review-storyboard-db-1 Creating 
 Container review-storyboard-db-1 Created 
 Container review-storyboard-migrate-1 Creating 
 Container review-storyboard-migrate-1 Created 
 Container review-storyboard-api-1 Creating 
 Container review-storyboard-api-1 Created 
 Container review-storyboard-web-1 Creating 
 Container review-storyboard-web-1 Created 
 Container review-storyboard-db-1 Starting 
 Container review-storyboard-db-1 Started 
 Container review-storyboard-db-1 Waiting 
 Container review-storyboard-db-1 Healthy 
 Container review-storyboard-migrate-1 Starting 
 Container review-storyboard-migrate-1 Started 
 Container review-storyboard-migrate-1 Waiting 
 Container review-storyboard-migrate-1 Exited 
 Container review-storyboard-api-1 Starting 
 Container review-storyboard-api-1 Started 
 Container review-storyboard-api-1 Waiting 
 Container review-storyboard-api-1 Healthy 
 Container review-storyboard-web-1 Starting 
 Container review-storyboard-web-1 Started 
