 Image review-acceptance-migrate Building 
 Image review-acceptance-web Building 
 Image review-acceptance-api Building 
#1 [internal] load local bake definitions
#1 reading from stdin 1.64kB done
#1 DONE 0.0s

#2 [migrate internal] load build definition from Dockerfile
#2 transferring dockerfile: 4.39kB done
#2 DONE 0.1s

#3 [web] resolve image config for docker-image://docker.io/docker/dockerfile:1
#3 DONE 0.3s

#4 [api] docker-image://docker.io/docker/dockerfile:1@sha256:4edf897a3ffa55b89f906fc8cc78afdb3f1834cc9c7083565e611a8a7d5fe99e
#4 resolve docker.io/docker/dockerfile:1@sha256:4edf897a3ffa55b89f906fc8cc78afdb3f1834cc9c7083565e611a8a7d5fe99e 0.0s done
#4 CACHED

#5 [web internal] load metadata for docker.io/nginxinc/nginx-unprivileged:1.31-alpine
#5 DONE 0.3s

#6 [web internal] load metadata for docker.io/library/node:24.21-alpine
#6 DONE 0.3s

#7 [web internal] load .dockerignore
#7 transferring context: 135B done
#7 DONE 0.0s

#8 [migrate base 1/2] FROM docker.io/library/node:24.21-alpine@sha256:ebfe2f90462722a7a4de65e91990e97fe0d401c70e0e762c5b53302f905ec1c1
#8 resolve docker.io/library/node:24.21-alpine@sha256:ebfe2f90462722a7a4de65e91990e97fe0d401c70e0e762c5b53302f905ec1c1 0.0s done
#8 DONE 0.0s

#9 [web web 1/4] FROM docker.io/nginxinc/nginx-unprivileged:1.31-alpine@sha256:26b0bf6fbf07297983cb341998d79c831508787de26627dd2a112321b9c3a4af
#9 resolve docker.io/nginxinc/nginx-unprivileged:1.31-alpine@sha256:26b0bf6fbf07297983cb341998d79c831508787de26627dd2a112321b9c3a4af 0.0s done
#9 DONE 0.0s

#10 [web internal] load build context
#10 transferring context: 3.91MB 0.1s done
#10 transferring context: 3.91MB 0.1s done
#10 DONE 0.1s

#11 [web build-web 1/1] RUN npm run build -w @foci/web
#11 CACHED

#12 [web web 3/4] COPY apps/web/nginx.conf /etc/nginx/conf.d/default.conf
#12 CACHED

#13 [web web 2/4] RUN apk upgrade --no-cache pcre2   && apk list -I pcre2 | grep -Eq '^pcre2-10\.(49|[5-9][0-9])-'
#13 CACHED

#14 [web web 4/4] COPY --from=build-web /repo/apps/web/dist /usr/share/nginx/html
#14 CACHED

#15 [migrate api 7/9] COPY --from=build-api --chown=node:node /repo/apps/api/dist apps/api/dist
#15 CACHED

#16 [migrate source 1/1] COPY . .
#16 CACHED

#17 [migrate api-prod-deps 1/1] RUN --mount=type=cache,target=/root/.npm     npm ci --omit=dev --no-audit --no-fund -w @foci/api -w @foci/shared
#17 CACHED

#18 [migrate deps 1/1] RUN --mount=type=cache,target=/root/.npm npm ci --no-audit --no-fund
#18 CACHED

#19 [migrate manifests 3/5] COPY packages/diagrams/package.json packages/diagrams/
#19 CACHED

#20 [migrate manifests 4/5] COPY apps/api/package.json apps/api/
#20 CACHED

#21 [migrate api 4/9] COPY --chown=node:node packages/shared/package.json packages/shared/
#21 CACHED

#22 [migrate api 8/9] COPY --chown=node:node apps/api/migrations apps/api/migrations
#22 CACHED

#23 [migrate manifests 2/5] COPY packages/shared/package.json packages/shared/
#23 CACHED

#24 [migrate api 6/9] COPY --chown=node:node apps/api/package.json apps/api/
#24 CACHED

#25 [migrate build-api 1/1] RUN npm run build -w @foci/shared -w @foci/api
#25 CACHED

#26 [migrate manifests 1/5] COPY package.json package-lock.json ./
#26 CACHED

#27 [migrate api 5/9] COPY --from=build-api --chown=node:node /repo/packages/shared/dist packages/shared/dist
#27 CACHED

#28 [migrate base 2/2] WORKDIR /repo
#28 CACHED

#29 [migrate api 3/9] COPY --from=api-prod-deps --chown=node:node /repo/node_modules ./node_modules
#29 CACHED

#30 [migrate manifests 5/5] COPY apps/web/package.json apps/web/
#30 CACHED

#31 [api api 9/9] RUN rm -rf     /usr/local/bin/npm /usr/local/bin/npx /usr/local/bin/corepack     /usr/local/bin/yarn /usr/local/bin/yarnpkg     /usr/local/lib/node_modules/npm /usr/local/lib/node_modules/corepack     /opt/yarn-v*   && ! command -v npm && ! command -v npx && ! command -v corepack   && ! command -v yarn && ! command -v yarnpkg
#31 CACHED

#32 [migrate] exporting to image
#32 exporting layers done
#32 exporting manifest sha256:f221d53b8c4fb7bf8740f85027b9c0f2c3ea2d7f83795acfdee2e70368723411 0.0s done
#32 exporting config sha256:262d4765ac39e8699aa51fafa5554926d49c8be638c16148f3793fa0f9a1bbf3 0.0s done
#32 exporting attestation manifest sha256:3b5f7a73182895e4a2080e1139f85f79c660602ba5dd57b08fc14382f1c56077 0.0s done
#32 exporting manifest list sha256:319df62c1691200547a388cd3069c2dccb2036bd9ceedc4d13cf899de08b5a7f
#32 exporting manifest list sha256:319df62c1691200547a388cd3069c2dccb2036bd9ceedc4d13cf899de08b5a7f 0.0s done
#32 naming to docker.io/library/review-acceptance-migrate:latest done
#32 unpacking to docker.io/library/review-acceptance-migrate:latest done
#32 DONE 0.1s

#33 [api] exporting to image
#33 exporting layers done
#33 exporting manifest sha256:705949a1fd0d1eafcac64b83524e12f1c33383186afebc22886bb86e1795e892 0.0s done
#33 exporting config sha256:5c9c2ab09ef23768c6a74abd1137b943280e5762d0e5bebe87e04929595785a3 0.0s done
#33 exporting attestation manifest sha256:303fdbf6e63f62848ff4eb657fae064451ad910f15b5a55bfeeca1c9efdb96cb 0.0s done
#33 exporting manifest list sha256:44e546b78f4b7a73c2060b2962019e2e71c83cd217bc1d5ede64854fdb9a9c92 0.0s done
#33 naming to docker.io/library/review-acceptance-api:latest done
#33 unpacking to docker.io/library/review-acceptance-api:latest done
#33 DONE 0.1s

#34 [web] exporting to image
#34 exporting layers done
#34 exporting manifest sha256:c199ee2338095fb56dbdfa51c363eb8cabb7253c1c73fc5afa39f9f8ee600132 0.0s done
#34 exporting config sha256:0df87f56e39cf012f4554a78a76ddeeeed1382bf57194bf43614807859f4e32c 0.0s done
#34 exporting attestation manifest sha256:1106b5046bfe9335020ae05b349c49b35683701c156c48a0b364cf01c1729225 0.0s done
#34 exporting manifest list sha256:e3df936a7f9514749a1be15742c7a686a69524028d5fe2e3a430fb636e141760 0.0s done
#34 naming to docker.io/library/review-acceptance-web:latest done
#34 unpacking to docker.io/library/review-acceptance-web:latest done
#34 DONE 0.1s

#35 [api] resolving provenance for metadata file
#35 DONE 0.0s

#36 [migrate] resolving provenance for metadata file
#36 DONE 0.0s

#37 [web] resolving provenance for metadata file
#37 DONE 0.0s
 Image review-acceptance-migrate Built 
 Image review-acceptance-api Built 
 Image review-acceptance-web Built 
 Network review-acceptance_default Creating 
 Network review-acceptance_default Creating 
 Volume review-acceptance_pgdata Creating 
 Volume review-acceptance_pgdata Creating 
 Volume review-acceptance_pgdata Created 
 Volume review-acceptance_pgdata Created 
 Network review-acceptance_default Created 
 Network review-acceptance_default Created 
 Container review-acceptance-db-1 Creating 
 Container review-acceptance-db-1 Created 
 Container review-acceptance-migrate-1 Creating 
 Container review-acceptance-migrate-1 Created 
 Container review-acceptance-api-1 Creating 
 Container review-acceptance-api-1 Created 
 Container review-acceptance-web-1 Creating 
 Container review-acceptance-web-1 Created 
 Container review-acceptance-db-1 Starting 
 Container review-acceptance-db-1 Started 
 Container review-acceptance-db-1 Waiting 
 Container review-acceptance-db-1 Healthy 
 Container review-acceptance-migrate-1 Starting 
 Container review-acceptance-migrate-1 Started 
 Container review-acceptance-migrate-1 Waiting 
 Container review-acceptance-migrate-1 Exited 
 Container review-acceptance-api-1 Starting 
 Container review-acceptance-api-1 Started 
 Container review-acceptance-api-1 Waiting 
 Container review-acceptance-api-1 Healthy 
 Container review-acceptance-web-1 Starting 
 Container review-acceptance-web-1 Started 
