 Image review-verify-web Building 
 Image review-verify-api Building 
 Image review-verify-migrate Building 
#1 [internal] load local bake definitions
#1 reading from stdin 1.69kB done
#1 DONE 0.0s

#2 [web internal] load build definition from Dockerfile
#2 transferring dockerfile: 3.98kB done
#2 DONE 0.0s

#3 [api] resolve image config for docker-image://docker.io/docker/dockerfile:1
#3 DONE 0.3s

#4 [migrate] docker-image://docker.io/docker/dockerfile:1@sha256:4edf897a3ffa55b89f906fc8cc78afdb3f1834cc9c7083565e611a8a7d5fe99e
#4 resolve docker.io/docker/dockerfile:1@sha256:4edf897a3ffa55b89f906fc8cc78afdb3f1834cc9c7083565e611a8a7d5fe99e 0.0s done
#4 CACHED

#5 [api internal] load metadata for docker.io/library/node:24.21-alpine
#5 ...

#6 [web internal] load metadata for docker.io/nginxinc/nginx-unprivileged:1.31-alpine
#6 DONE 0.2s

#5 [api internal] load metadata for docker.io/library/node:24.21-alpine
#5 DONE 0.3s

#7 [web internal] load .dockerignore
#7 transferring context: 135B done
#7 DONE 0.0s

#8 [migrate base 1/2] FROM docker.io/library/node:24.21-alpine@sha256:ebfe2f90462722a7a4de65e91990e97fe0d401c70e0e762c5b53302f905ec1c1
#8 resolve docker.io/library/node:24.21-alpine@sha256:ebfe2f90462722a7a4de65e91990e97fe0d401c70e0e762c5b53302f905ec1c1 done
#8 DONE 0.0s

#9 [web base 2/2] WORKDIR /repo
#9 CACHED

#10 [web web 1/3] FROM docker.io/nginxinc/nginx-unprivileged:1.31-alpine@sha256:26b0bf6fbf07297983cb341998d79c831508787de26627dd2a112321b9c3a4af
#10 resolve docker.io/nginxinc/nginx-unprivileged:1.31-alpine@sha256:26b0bf6fbf07297983cb341998d79c831508787de26627dd2a112321b9c3a4af 0.0s done
#10 CACHED

#11 [api internal] load build context
#11 transferring context: 1.73MB 0.1s done
#11 transferring context: 1.73MB 0.1s done
#11 DONE 0.1s

#12 [web web 2/3] COPY apps/web/nginx.conf /etc/nginx/conf.d/default.conf
#12 DONE 0.0s

#13 [web manifests 1/5] COPY package.json package-lock.json ./
#13 DONE 0.0s

#14 [migrate manifests 2/5] COPY packages/shared/package.json packages/shared/
#14 DONE 0.0s

#15 [web manifests 3/5] COPY packages/diagrams/package.json packages/diagrams/
#15 DONE 0.0s

#16 [web manifests 4/5] COPY apps/api/package.json apps/api/
#16 DONE 0.0s

#17 [web manifests 5/5] COPY apps/web/package.json apps/web/
#17 DONE 0.0s

#18 [migrate deps 1/1] RUN --mount=type=cache,target=/root/.npm npm ci --no-audit --no-fund
#18 ...

#19 [api api-prod-deps 1/1] RUN --mount=type=cache,target=/root/.npm     npm ci --omit=dev --no-audit --no-fund -w @foci/api -w @foci/shared
#19 2.838 
#19 2.838 added 127 packages in 3s
#19 2.840 npm warn install-scripts 1 package has install scripts not yet covered by allowScripts:
#19 2.840 npm warn install-scripts   @scarf/scarf@1.4.0 (postinstall: node ./report.js)
#19 2.840 npm warn install-scripts
#19 2.840 npm warn install-scripts Run `npm install-scripts ls` to review, or `npm install-scripts approve <pkg>` to allow.
#19 2.843 npm notice
#19 2.843 npm notice New major version of npm available! 11.19.0 -> 12.2.0
#19 2.843 npm notice Changelog: https://github.com/npm/cli/releases/tag/v12.2.0
#19 2.843 npm notice To update run: npm install -g npm@12.2.0
#19 2.843 npm notice
#19 DONE 3.2s

#18 [migrate deps 1/1] RUN --mount=type=cache,target=/root/.npm npm ci --no-audit --no-fund
#18 ...

#20 [api api 3/9] COPY --from=api-prod-deps --chown=node:node /repo/node_modules ./node_modules
#20 DONE 0.6s

#21 [api api 4/9] COPY --chown=node:node packages/shared/package.json packages/shared/
#21 DONE 0.1s

#18 [migrate deps 1/1] RUN --mount=type=cache,target=/root/.npm npm ci --no-audit --no-fund
#18 5.840 
#18 5.840 added 435 packages in 6s
#18 5.840 npm warn install-scripts 2 packages have install scripts not yet covered by allowScripts:
#18 5.840 npm warn install-scripts   @scarf/scarf@1.4.0 (postinstall: node ./report.js)
#18 5.840 npm warn install-scripts   unrs-resolver@1.12.2 (postinstall: node postinstall.js)
#18 5.840 npm warn install-scripts
#18 5.840 npm warn install-scripts Run `npm install-scripts ls` to review, or `npm install-scripts approve <pkg>` to allow.
#18 5.842 npm notice
#18 5.842 npm notice New major version of npm available! 11.19.0 -> 12.2.0
#18 5.842 npm notice Changelog: https://github.com/npm/cli/releases/tag/v12.2.0
#18 5.842 npm notice To update run: npm install -g npm@12.2.0
#18 5.842 npm notice
#18 DONE 6.0s

#22 [web source 1/1] COPY . .
#22 DONE 0.2s

#23 [api build-api 1/1] RUN npm run build -w @foci/shared -w @foci/api
#23 0.425 
#23 0.425 > @foci/shared@1.0.0 build
#23 0.425 > tsc -p tsconfig.build.json
#23 0.425 
#23 ...

#24 [web build-web 1/1] RUN npm run build -w @foci/web
#24 0.425 
#24 0.425 > @foci/web@1.0.0 build
#24 0.425 > vite build
#24 0.425 
#24 0.652 vite v8.3.2 building client environment for production...
#24 0.661 transforming...
#24 0.796 ✓ 240 modules transformed.
#24 0.824 rendering chunks...
#24 0.868 computing gzip size...
#24 0.873 dist/index.html                   0.39 kB │ gzip:   0.26 kB
#24 0.873 dist/assets/index-Ds-ty4gC.css    2.92 kB │ gzip:   0.98 kB
#24 0.873 dist/assets/index-CYWNGfdj.js   390.24 kB │ gzip: 119.19 kB
#24 0.873 
#24 0.875 ✓ built in 223ms
#24 0.893 npm notice
#24 0.893 npm notice New major version of npm available! 11.19.0 -> 12.2.0
#24 0.893 npm notice Changelog: https://github.com/npm/cli/releases/tag/v12.2.0
#24 0.893 npm notice To update run: npm install -g npm@12.2.0
#24 0.893 npm notice
#24 DONE 0.9s

#25 [web web 3/3] COPY --from=build-web /repo/apps/web/dist /usr/share/nginx/html
#25 DONE 0.0s

#26 [web] exporting to image
#26 exporting layers 0.1s done
#26 exporting manifest sha256:57e5c7eeff3d60f41de946a59b8ecfcc8b649423e9fc3ffa9bb6631b52242c03 done
#26 exporting config sha256:0fa02645670658f1814b06f019deb0f931f0bc8adeb9159011357927b9dab5f1 done
#26 exporting attestation manifest sha256:5d88b8b3c4cd8fa3a507d78f477ffa29271c75a9ecf8819558d5e62993111f21 0.0s done
#26 exporting manifest list sha256:efb44540fa4dce2916df36b90c640652f6e41be65aa3b88fbb149e8541366614 done
#26 naming to docker.io/library/review-verify-web:latest done
#26 unpacking to docker.io/library/review-verify-web:latest 0.0s done
#26 DONE 0.2s

#23 [api build-api 1/1] RUN npm run build -w @foci/shared -w @foci/api
#23 ...

#27 [web] resolving provenance for metadata file
#27 DONE 0.0s

#23 [api build-api 1/1] RUN npm run build -w @foci/shared -w @foci/api
#23 1.158 
#23 1.158 > @foci/api@1.0.0 build
#23 1.158 > tsc -p tsconfig.build.json
#23 1.158 
#23 2.488 npm notice
#23 2.488 npm notice New major version of npm available! 11.19.0 -> 12.2.0
#23 2.488 npm notice Changelog: https://github.com/npm/cli/releases/tag/v12.2.0
#23 2.488 npm notice To update run: npm install -g npm@12.2.0
#23 2.488 npm notice
#23 DONE 2.5s

#28 [migrate api 5/9] COPY --from=build-api --chown=node:node /repo/packages/shared/dist packages/shared/dist
#28 DONE 0.0s

#29 [migrate api 6/9] COPY --chown=node:node apps/api/package.json apps/api/
#29 DONE 0.0s

#30 [api api 7/9] COPY --from=build-api --chown=node:node /repo/apps/api/dist apps/api/dist
#30 DONE 0.0s

#31 [api api 8/9] COPY --chown=node:node apps/api/migrations apps/api/migrations
#31 DONE 0.0s

#32 [migrate api 9/9] RUN rm -rf     /usr/local/bin/npm /usr/local/bin/npx /usr/local/bin/corepack     /usr/local/bin/yarn /usr/local/bin/yarnpkg     /usr/local/lib/node_modules/npm /usr/local/lib/node_modules/corepack     /opt/yarn-v*   && ! command -v npm && ! command -v npx && ! command -v corepack   && ! command -v yarn && ! command -v yarnpkg
#32 DONE 0.5s

#33 [migrate] exporting to image
#33 exporting layers 1.2s done
#33 exporting manifest sha256:cd9de4409d52c5e1f57eb57e10d396539fb6b80acbf86bd4d0b9ef27692012f5 done
#33 exporting config sha256:db0d8cb55b33c9a0ab4b7bec0bef60156cc545dec5dc2477f5234226e2ef1450 done
#33 exporting attestation manifest sha256:d4757fc8d1eb354212940c52052edc75bed683f53c1ce5a93b6a022975113284 0.0s done
#33 exporting manifest list sha256:de848fd70236dd4e46dd29b2dc4b5502f3ae1f015d54084bb6e9a5109be753c0 done
#33 naming to docker.io/library/review-verify-migrate:latest done
#33 unpacking to docker.io/library/review-verify-migrate:latest
#33 unpacking to docker.io/library/review-verify-migrate:latest 0.4s done
#33 DONE 1.6s

#34 [api] exporting to image
#34 exporting layers 1.2s done
#34 exporting manifest sha256:5e37228ba9c96ec34dd3e57420420b90e26a02546a088bbb901bfeae4fa12061 done
#34 exporting config sha256:4915ad17d5aec65202289f9fceebc26ffc556e577f2a0f500075aca2ff0670b3 done
#34 exporting attestation manifest sha256:efee76ddbcb707bad1c2702017bafa3853230953c52f4b03a19852aac5c602ab 0.0s done
#34 exporting manifest list sha256:433752a9acd52346b4e703d39d41f132065e3ee84174fd8af09f604f068a2e9e done
#34 naming to docker.io/library/review-verify-api:latest done
#34 unpacking to docker.io/library/review-verify-api:latest 0.4s done
#34 DONE 1.6s

#35 [migrate] resolving provenance for metadata file
#35 DONE 0.0s

#36 [api] resolving provenance for metadata file
#36 DONE 0.0s
 Image review-verify-api Built 
 Image review-verify-migrate Built 
 Image review-verify-web Built 
