 Image review-e2e-web Building 
 Image review-e2e-migrate Building 
 Image review-e2e-api Building 
#1 [internal] load local bake definitions
#1 reading from stdin 1.53kB done
#1 DONE 0.0s

#2 [api internal] load build definition from Dockerfile
#2 DONE 0.0s

#2 [migrate internal] load build definition from Dockerfile
#2 transferring dockerfile: 3.98kB done
#2 DONE 0.0s

#3 [web] resolve image config for docker-image://docker.io/docker/dockerfile:1
#3 DONE 0.2s

#4 [api] docker-image://docker.io/docker/dockerfile:1@sha256:4edf897a3ffa55b89f906fc8cc78afdb3f1834cc9c7083565e611a8a7d5fe99e
#4 resolve docker.io/docker/dockerfile:1@sha256:4edf897a3ffa55b89f906fc8cc78afdb3f1834cc9c7083565e611a8a7d5fe99e done
#4 CACHED

#5 [web internal] load metadata for docker.io/library/node:24.21-alpine
#5 DONE 0.2s

#6 [web internal] load .dockerignore
#6 transferring context: 135B done
#6 DONE 0.0s

#7 [web internal] load metadata for docker.io/nginxinc/nginx-unprivileged:1.31-alpine
#7 DONE 0.2s

#8 [migrate base 1/2] FROM docker.io/library/node:24.21-alpine@sha256:ebfe2f90462722a7a4de65e91990e97fe0d401c70e0e762c5b53302f905ec1c1
#8 resolve docker.io/library/node:24.21-alpine@sha256:ebfe2f90462722a7a4de65e91990e97fe0d401c70e0e762c5b53302f905ec1c1 0.0s done
#8 DONE 0.0s

#9 [web web 1/3] FROM docker.io/nginxinc/nginx-unprivileged:1.31-alpine@sha256:26b0bf6fbf07297983cb341998d79c831508787de26627dd2a112321b9c3a4af
#9 resolve docker.io/nginxinc/nginx-unprivileged:1.31-alpine@sha256:26b0bf6fbf07297983cb341998d79c831508787de26627dd2a112321b9c3a4af 0.0s done
#9 DONE 0.0s

#10 [api internal] load build context
#10 transferring context: 16.84kB 0.0s done
#10 DONE 0.0s

#11 [web manifests 2/5] COPY packages/shared/package.json packages/shared/
#11 CACHED

#12 [web manifests 5/5] COPY apps/web/package.json apps/web/
#12 CACHED

#13 [web source 1/1] COPY . .
#13 CACHED

#14 [web deps 1/1] RUN --mount=type=cache,target=/root/.npm npm ci --no-audit --no-fund
#14 CACHED

#15 [web base 2/2] WORKDIR /repo
#15 CACHED

#16 [web manifests 1/5] COPY package.json package-lock.json ./
#16 CACHED

#17 [web build-web 1/1] RUN npm run build -w @foci/web
#17 CACHED

#18 [web web 2/3] COPY apps/web/nginx.conf /etc/nginx/conf.d/default.conf
#18 CACHED

#19 [web manifests 3/5] COPY packages/diagrams/package.json packages/diagrams/
#19 CACHED

#20 [web manifests 4/5] COPY apps/api/package.json apps/api/
#20 CACHED

#21 [web web 3/3] COPY --from=build-web /repo/apps/web/dist /usr/share/nginx/html
#21 CACHED

#22 [api api 3/9] COPY --from=api-prod-deps --chown=node:node /repo/node_modules ./node_modules
#22 CACHED

#23 [api api-prod-deps 1/1] RUN --mount=type=cache,target=/root/.npm     npm ci --omit=dev --no-audit --no-fund -w @foci/api -w @foci/shared
#23 CACHED

#15 [api base 2/2] WORKDIR /repo
#15 CACHED

#12 [api manifests 5/5] COPY apps/web/package.json apps/web/
#12 CACHED

#24 [api build-api 1/1] RUN npm run build -w @foci/shared -w @foci/api
#24 CACHED

#25 [api api 4/9] COPY --chown=node:node packages/shared/package.json packages/shared/
#25 CACHED

#20 [api manifests 4/5] COPY apps/api/package.json apps/api/
#20 CACHED

#14 [api deps 1/1] RUN --mount=type=cache,target=/root/.npm npm ci --no-audit --no-fund
#14 CACHED

#19 [api manifests 3/5] COPY packages/diagrams/package.json packages/diagrams/
#19 CACHED

#26 [api api 6/9] COPY --chown=node:node apps/api/package.json apps/api/
#26 CACHED

#27 [api api 5/9] COPY --from=build-api --chown=node:node /repo/packages/shared/dist packages/shared/dist
#27 CACHED

#28 [api api 8/9] COPY --chown=node:node apps/api/migrations apps/api/migrations
#28 CACHED

#16 [api manifests 1/5] COPY package.json package-lock.json ./
#16 CACHED

#11 [api manifests 2/5] COPY packages/shared/package.json packages/shared/
#11 CACHED

#13 [api source 1/1] COPY . .
#13 CACHED

#29 [api api 7/9] COPY --from=build-api --chown=node:node /repo/apps/api/dist apps/api/dist
#29 CACHED

#30 [migrate api 9/9] RUN rm -rf     /usr/local/bin/npm /usr/local/bin/npx /usr/local/bin/corepack     /usr/local/bin/yarn /usr/local/bin/yarnpkg     /usr/local/lib/node_modules/npm /usr/local/lib/node_modules/corepack     /opt/yarn-v*   && ! command -v npm && ! command -v npx && ! command -v corepack   && ! command -v yarn && ! command -v yarnpkg
#30 CACHED

#31 [api] exporting to image
#31 exporting layers done
#31 exporting manifest sha256:47507fca465a080b0ff57eb677e3112de78ea443bf2b5524b97276112e442894 done
#31 exporting config sha256:a104523f1d718a91662fc5829d771365c8193c45da6ae85dcd86164def74c518 0.0s done
#31 exporting attestation manifest sha256:55f0105f64d15bd8cf5b309c7911a825b5608615d00b334e43cafeb6daad43d0 0.0s done
#31 exporting manifest list sha256:7014eb22218895de36fe17c0f78b89f6cf8fc3f41b3535631cf7a416a7c60412 0.0s done
#31 naming to docker.io/library/review-e2e-api:latest done
#31 unpacking to docker.io/library/review-e2e-api:latest done
#31 DONE 0.1s

#32 [migrate] exporting to image
#32 exporting layers done
#32 exporting manifest sha256:6e9fb623af025aa0ebec27ab4cd55c92d306ab533da950183f02e2bc5cca65dc 0.0s done
#32 exporting config sha256:62abb1499a299e51bc43dc26f0160c2f330ae40a233b4bfe6cbf48c43615c144 0.0s done
#32 exporting attestation manifest sha256:01c1e6608e7511a5df27309de88e905b150f9ac981f13384bd06bc5af3394cf7 0.0s done
#32 exporting manifest list sha256:6f4c3fa873c0fcf53b6b88ed636fa76ea6a931a55fdb61f53cc5d863c42c77ad 0.0s done
#32 naming to docker.io/library/review-e2e-migrate:latest done
#32 unpacking to docker.io/library/review-e2e-migrate:latest done
#32 DONE 0.1s

#33 [web] exporting to image
#33 exporting layers done
#33 exporting manifest sha256:d014236cf99304c973fbc765040ec8d44d88bb1b4c86fbf774ab001f48a6b880 0.0s done
#33 exporting config sha256:857ab9041765459e6ec032510d53fa4c69f49a1c50ddeb24646d21652b2ba804 0.0s done
#33 exporting attestation manifest sha256:f43eb3c7bc5f597860cdf632e25fc1610981635f6ea9cf94bb39bbe73727091a 0.0s done
#33 exporting manifest list sha256:77fd17445bca081daed87316c91d1330c6925d80736635e6d4ff3b1df9d9ee19 0.0s done
#33 naming to docker.io/library/review-e2e-web:latest done
#33 unpacking to docker.io/library/review-e2e-web:latest 0.0s done
#33 DONE 0.1s

#34 [api] resolving provenance for metadata file
#34 DONE 0.1s

#35 [web] resolving provenance for metadata file
#35 DONE 0.1s

#36 [migrate] resolving provenance for metadata file
#36 DONE 0.0s
 Image review-e2e-api Built 
 Image review-e2e-migrate Built 
 Image review-e2e-web Built 
 Network review-e2e_default Creating 
 Network review-e2e_default Creating 
 Volume review-e2e_pgdata Creating 
 Volume review-e2e_pgdata Creating 
 Volume review-e2e_pgdata Created 
 Volume review-e2e_pgdata Created 
 Network review-e2e_default Created 
 Network review-e2e_default Created 
 Container review-e2e-db-1 Creating 
 Container review-e2e-db-1 Created 
 Container review-e2e-migrate-1 Creating 
 Container review-e2e-migrate-1 Created 
 Container review-e2e-api-1 Creating 
 Container review-e2e-api-1 Created 
 Container review-e2e-web-1 Creating 
 Container review-e2e-web-1 Created 
 Container review-e2e-db-1 Starting 
 Container review-e2e-db-1 Started 
 Container review-e2e-db-1 Waiting 
 Container review-e2e-db-1 Healthy 
 Container review-e2e-migrate-1 Starting 
 Container review-e2e-migrate-1 Started 
 Container review-e2e-migrate-1 Waiting 
 Container review-e2e-migrate-1 Exited 
 Container review-e2e-api-1 Starting 
 Container review-e2e-api-1 Started 
 Container review-e2e-api-1 Waiting 
 Container review-e2e-api-1 Healthy 
 Container review-e2e-web-1 Starting 
 Container review-e2e-web-1 Started 
 Image review-e2e-e2e Building 
#1 [internal] load local bake definitions
#1 reading from stdin 1.96kB done
#1 DONE 0.0s

#2 [internal] load build definition from Dockerfile
#2 transferring dockerfile: 3.98kB done
#2 DONE 0.0s

#3 resolve image config for docker-image://docker.io/docker/dockerfile:1
#3 DONE 0.1s

#4 docker-image://docker.io/docker/dockerfile:1@sha256:4edf897a3ffa55b89f906fc8cc78afdb3f1834cc9c7083565e611a8a7d5fe99e
#4 resolve docker.io/docker/dockerfile:1@sha256:4edf897a3ffa55b89f906fc8cc78afdb3f1834cc9c7083565e611a8a7d5fe99e 0.0s done
#4 CACHED

#5 [internal] load metadata for mcr.microsoft.com/playwright:v1.63.0-noble
#5 DONE 0.1s

#6 [internal] load .dockerignore
#6 transferring context: 135B done
#6 DONE 0.0s

#7 [internal] load build context
#7 transferring context: 212B done
#7 DONE 0.0s

#8 [e2e 1/4] FROM mcr.microsoft.com/playwright:v1.63.0-noble@sha256:eff16c30e6f3f4af0a03fa4b706120d5e9b0891c344a27d64559aff5900a4a27
#8 resolve mcr.microsoft.com/playwright:v1.63.0-noble@sha256:eff16c30e6f3f4af0a03fa4b706120d5e9b0891c344a27d64559aff5900a4a27 0.0s done
#8 DONE 0.0s

#9 [e2e 2/4] WORKDIR /e2e
#9 CACHED

#10 [e2e 3/4] RUN npm init -y >/dev/null   && npm install --no-audit --no-fund --save-exact @playwright/test@1.63.0
#10 CACHED

#11 [e2e 4/4] COPY e2e/ ./
#11 CACHED

#12 exporting to image
#12 exporting layers done
#12 exporting manifest sha256:4655982fe9616c5a3b10810f1eaae81015fe869c4bd72c870200084dc981fb06 done
#12 exporting config sha256:a851612b094d2c2dd4fd7d28964354f5d656ae4cce90e2f2ebf3add29045256d 0.0s done
#12 exporting attestation manifest sha256:bb66ab83946fad2cbe568306942ef987e0e1b29f57fe438510fc509ab8becd3b done
#12 exporting manifest list sha256:54f4831fbcdf47d8e7ddc6469a4d5578feadd1a9cc4846c616ebe41344f9d1e4 done
#12 naming to docker.io/library/review-e2e-e2e:latest done
#12 unpacking to docker.io/library/review-e2e-e2e:latest done
#12 DONE 0.1s

#13 resolving provenance for metadata file
#13 DONE 0.0s
 Image review-e2e-e2e Built 
 Container review-e2e-web-1 Waiting 
 Container review-e2e-web-1 Healthy 
 Container review-e2e-e2e-run-7fccd6daeb50 Creating 
 Container review-e2e-e2e-run-7fccd6daeb50 Created 

Running 8 tests using 2 workers

  ✓  2 [chromium] › api.spec.ts:5:7 › API through the nginx proxy › passes problem details through unchanged (69ms)
  ✓  3 [chromium] › api.spec.ts:15:7 › API through the nginx proxy › passes ETag, If-Match and Location headers (99ms)
  ✓  4 [chromium] › api.spec.ts:27:7 › API through the nginx proxy › passes the Idempotency-Key header (replay) (30ms)
  ✓  5 [chromium] › api.spec.ts:42:7 › API through the nginx proxy › serves the API explorer and deep links (29ms)
  ✓  1 [chromium] › todos.spec.ts:4:5 › create, view, edit, complete, filter and delete a task (954ms)
  ✓  6 [chromium] › todos.spec.ts:42:5 › an empty title is rejected before anything is created (256ms)
  ✓  7 [chromium] › todos.spec.ts:51:5 › a concurrent edit shows a conflict notice and keeps my edits (430ms)
  ✓  8 [chromium] › todos.spec.ts:78:5 › tasks persist across a reload (396ms)

  8 passed (3.0s)
