 Image review-acceptance-web Building 
 Image review-acceptance-api Building 
 Image review-acceptance-migrate Building 
#1 [internal] load local bake definitions
#1 reading from stdin 1.64kB done
#1 DONE 0.0s

#2 [api internal] load build definition from Dockerfile
#2 transferring dockerfile: 3.98kB done
#2 DONE 0.0s

#3 [migrate] resolve image config for docker-image://docker.io/docker/dockerfile:1
#3 DONE 0.2s

#4 [migrate] docker-image://docker.io/docker/dockerfile:1@sha256:4edf897a3ffa55b89f906fc8cc78afdb3f1834cc9c7083565e611a8a7d5fe99e
#4 resolve docker.io/docker/dockerfile:1@sha256:4edf897a3ffa55b89f906fc8cc78afdb3f1834cc9c7083565e611a8a7d5fe99e done
#4 CACHED

#5 [web internal] load metadata for docker.io/library/node:24.21-alpine
#5 DONE 0.2s

#6 [api internal] load .dockerignore
#6 transferring context: 135B done
#6 DONE 0.0s

#7 [api base 1/2] FROM docker.io/library/node:24.21-alpine@sha256:ebfe2f90462722a7a4de65e91990e97fe0d401c70e0e762c5b53302f905ec1c1
#7 resolve docker.io/library/node:24.21-alpine@sha256:ebfe2f90462722a7a4de65e91990e97fe0d401c70e0e762c5b53302f905ec1c1 done
#7 DONE 0.0s

#8 [migrate internal] load build context
#8 transferring context: 1.73MB 0.1s done
#8 transferring context: 1.73MB 0.1s done
#8 DONE 0.1s

#6 [web internal] load .dockerignore
#6 transferring context: 135B done
#6 DONE 0.0s

#7 [web base 1/2] FROM docker.io/library/node:24.21-alpine@sha256:ebfe2f90462722a7a4de65e91990e97fe0d401c70e0e762c5b53302f905ec1c1
#7 resolve docker.io/library/node:24.21-alpine@sha256:ebfe2f90462722a7a4de65e91990e97fe0d401c70e0e762c5b53302f905ec1c1 done
#7 DONE 0.0s

#9 [web internal] load metadata for docker.io/nginxinc/nginx-unprivileged:1.31-alpine
#9 DONE 0.3s

#10 [api api 5/9] COPY --from=build-api --chown=node:node /repo/packages/shared/dist packages/shared/dist
#10 CACHED

#11 [api api-prod-deps 1/1] RUN --mount=type=cache,target=/root/.npm     npm ci --omit=dev --no-audit --no-fund -w @foci/api -w @foci/shared
#11 CACHED

#12 [api api 4/9] COPY --chown=node:node packages/shared/package.json packages/shared/
#12 CACHED

#13 [api api 6/9] COPY --chown=node:node apps/api/package.json apps/api/
#13 CACHED

#14 [api api 7/9] COPY --from=build-api --chown=node:node /repo/apps/api/dist apps/api/dist
#14 CACHED

#15 [api build-api 1/1] RUN npm run build -w @foci/shared -w @foci/api
#15 CACHED

#16 [api api 8/9] COPY --chown=node:node apps/api/migrations apps/api/migrations
#16 CACHED

#17 [api api 3/9] COPY --from=api-prod-deps --chown=node:node /repo/node_modules ./node_modules
#17 CACHED

#18 [api api 9/9] RUN rm -rf     /usr/local/bin/npm /usr/local/bin/npx /usr/local/bin/corepack     /usr/local/bin/yarn /usr/local/bin/yarnpkg     /usr/local/lib/node_modules/npm /usr/local/lib/node_modules/corepack     /opt/yarn-v*   && ! command -v npm && ! command -v npx && ! command -v corepack   && ! command -v yarn && ! command -v yarnpkg
#18 CACHED

#19 [web web 1/3] FROM docker.io/nginxinc/nginx-unprivileged:1.31-alpine@sha256:26b0bf6fbf07297983cb341998d79c831508787de26627dd2a112321b9c3a4af
#19 resolve docker.io/nginxinc/nginx-unprivileged:1.31-alpine@sha256:26b0bf6fbf07297983cb341998d79c831508787de26627dd2a112321b9c3a4af 0.0s done
#19 DONE 0.0s

#20 [web base 2/2] WORKDIR /repo
#20 CACHED

#21 [web source 1/1] COPY . .
#21 CACHED

#22 [web deps 1/1] RUN --mount=type=cache,target=/root/.npm npm ci --no-audit --no-fund
#22 CACHED

#23 [web build-web 1/1] RUN npm run build -w @foci/web
#23 CACHED

#24 [web manifests 5/5] COPY apps/web/package.json apps/web/
#24 CACHED

#25 [web manifests 1/5] COPY package.json package-lock.json ./
#25 CACHED

#26 [web web 2/3] COPY apps/web/nginx.conf /etc/nginx/conf.d/default.conf
#26 CACHED

#27 [web manifests 4/5] COPY apps/api/package.json apps/api/
#27 CACHED

#28 [web manifests 3/5] COPY packages/diagrams/package.json packages/diagrams/
#28 CACHED

#29 [web manifests 2/5] COPY packages/shared/package.json packages/shared/
#29 CACHED

#30 [migrate] exporting to image
#30 exporting layers done
#30 exporting manifest sha256:00731b3b60ab89999444fea2b3a433adc2ec6b88785063db4248908caa8f845c done
#30 exporting config sha256:869187258b215779f0100f2a1b407b019e85bd1b8dd9d261bd252bc263f9d1f5 done
#30 exporting attestation manifest sha256:00eeb1058498828cbb09b1f5df7eba3673eab9b650247c940ed56b86811a07f0 0.0s done
#30 exporting manifest list sha256:b072fc93ea30462e40a296f2422da0c508afd585dafb5a16c2df114c0034f75a
#30 exporting manifest list sha256:b072fc93ea30462e40a296f2422da0c508afd585dafb5a16c2df114c0034f75a done
#30 naming to docker.io/library/review-acceptance-migrate:latest done
#30 unpacking to docker.io/library/review-acceptance-migrate:latest done
#30 DONE 0.1s

#31 [web web 3/3] COPY --from=build-web /repo/apps/web/dist /usr/share/nginx/html
#31 CACHED

#32 [api] exporting to image
#32 exporting layers done
#32 exporting manifest sha256:2de230375039db153e900e604280f082ec888757dcc33c177a41d26aec07aecb done
#32 exporting config sha256:c9d476afe700063e6f48784a15c1a25ede9f0ff35e57cd3d4545912da2d47402 done
#32 exporting attestation manifest sha256:f08c25e094a9bc47a2940b54c477a2d788c00596036fc1ab628185b4d6307e11 0.0s done
#32 exporting manifest list sha256:8a9f5cac1b0075f3ff3ebb3b4d1e2507be1d06668853da536191f5270076a904 done
#32 naming to docker.io/library/review-acceptance-api:latest done
#32 unpacking to docker.io/library/review-acceptance-api:latest done
#32 DONE 0.1s

#33 [web] exporting to image
#33 exporting layers done
#33 exporting manifest sha256:315fe21b4cd6e7203d3849e658267c961c81dd6067a8e2c6c13b1a9518e5d237 done
#33 exporting config sha256:b22b8b60d58be8194a7b3e51941996e79e930f6a04b353432d0e5f7fa1e25bcd done
#33 exporting attestation manifest sha256:f0f8fa5120fbfd33f9a8828fbcfebe6c2c0e384ac997f09fab3f50287bf6780d 0.0s done
#33 exporting manifest list sha256:288d91d5b7887d8020f24d7bc3b03f24124076617e2d97a0c50906df4cb20247 done
#33 naming to docker.io/library/review-acceptance-web:latest done
#33 unpacking to docker.io/library/review-acceptance-web:latest done
#33 DONE 0.1s

#34 [api] resolving provenance for metadata file
#34 DONE 0.0s

#35 [web] resolving provenance for metadata file
#35 DONE 0.0s

#36 [migrate] resolving provenance for metadata file
#36 DONE 0.0s
 Image review-acceptance-migrate Built 
 Image review-acceptance-api Built 
 Image review-acceptance-web Built 
 Network review-acceptance_default Creating 
 Network review-acceptance_default Creating 
 Volume review-acceptance_pgdata Creating 
 Volume review-acceptance_pgdata Creating 
 Volume review-acceptance_pgdata Created 
 Volume review-acceptance_pgdata Created 
 Network review-acceptance_default Created 
 Network review-acceptance_default Created 
 Container review-acceptance-db-1 Creating 
 Container review-acceptance-db-1 Created 
 Container review-acceptance-migrate-1 Creating 
 Container review-acceptance-migrate-1 Created 
 Container review-acceptance-api-1 Creating 
 Container review-acceptance-api-1 Created 
 Container review-acceptance-web-1 Creating 
 Container review-acceptance-web-1 Created 
 Container review-acceptance-db-1 Starting 
 Container review-acceptance-db-1 Started 
 Container review-acceptance-db-1 Waiting 
 Container review-acceptance-db-1 Healthy 
 Container review-acceptance-migrate-1 Starting 
 Container review-acceptance-migrate-1 Started 
 Container review-acceptance-migrate-1 Waiting 
 Container review-acceptance-migrate-1 Exited 
 Container review-acceptance-api-1 Starting 
 Container review-acceptance-api-1 Started 
 Container review-acceptance-api-1 Waiting 
 Container review-acceptance-api-1 Healthy 
 Container review-acceptance-web-1 Starting 
 Container review-acceptance-web-1 Started 
