 Image review-verify-web Building 
 Image review-verify-migrate Building 
 Image review-verify-api Building 
#1 [internal] load local bake definitions
#1 reading from stdin 1.69kB done
#1 DONE 0.0s

#2 [api internal] load build definition from Dockerfile
#2 transferring dockerfile:
#2 transferring dockerfile: 4.39kB done
#2 DONE 0.0s

#3 [api] resolve image config for docker-image://docker.io/docker/dockerfile:1
#3 DONE 0.2s

#4 [web] docker-image://docker.io/docker/dockerfile:1@sha256:4edf897a3ffa55b89f906fc8cc78afdb3f1834cc9c7083565e611a8a7d5fe99e
#4 resolve docker.io/docker/dockerfile:1@sha256:4edf897a3ffa55b89f906fc8cc78afdb3f1834cc9c7083565e611a8a7d5fe99e 0.0s done
#4 CACHED

#5 [web internal] load metadata for docker.io/nginxinc/nginx-unprivileged:1.31-alpine
#5 DONE 0.1s

#6 [migrate internal] load metadata for docker.io/library/node:24.21-alpine
#6 DONE 0.2s

#7 [web internal] load .dockerignore
#7 transferring context: 135B done
#7 DONE 0.0s

#8 [api base 1/2] FROM docker.io/library/node:24.21-alpine@sha256:ebfe2f90462722a7a4de65e91990e97fe0d401c70e0e762c5b53302f905ec1c1
#8 resolve docker.io/library/node:24.21-alpine@sha256:ebfe2f90462722a7a4de65e91990e97fe0d401c70e0e762c5b53302f905ec1c1 0.0s done
#8 DONE 0.0s

#9 [web base 2/2] WORKDIR /repo
#9 CACHED

#10 [web internal] load build context
#10 ...

#11 [web web 1/4] FROM docker.io/nginxinc/nginx-unprivileged:1.31-alpine@sha256:26b0bf6fbf07297983cb341998d79c831508787de26627dd2a112321b9c3a4af
#11 resolve docker.io/nginxinc/nginx-unprivileged:1.31-alpine@sha256:26b0bf6fbf07297983cb341998d79c831508787de26627dd2a112321b9c3a4af 0.0s done
#11 CACHED

#10 [web internal] load build context
#10 transferring context: 3.91MB 0.1s done
#10 DONE 0.1s

#12 [migrate manifests 1/5] COPY package.json package-lock.json ./
#12 DONE 0.0s

#13 [web manifests 2/5] COPY packages/shared/package.json packages/shared/
#13 DONE 0.0s

#14 [migrate manifests 3/5] COPY packages/diagrams/package.json packages/diagrams/
#14 DONE 0.0s

#15 [web manifests 4/5] COPY apps/api/package.json apps/api/
#15 DONE 0.0s

#16 [migrate manifests 5/5] COPY apps/web/package.json apps/web/
#16 DONE 0.0s

#17 [api deps 1/1] RUN --mount=type=cache,target=/root/.npm npm ci --no-audit --no-fund
#17 ...

#18 [web web 2/4] RUN apk upgrade --no-cache pcre2   && apk list -I pcre2 | grep -Eq '^pcre2-10\.(49|[5-9][0-9])-'
#18 0.846 (1/1) Upgrading pcre2 (10.48-r0 -> 10.49-r0)
#18 0.890 OK: 51.8 MiB in 70 packages
#18 DONE 1.0s

#19 [web web 3/4] COPY apps/web/nginx.conf /etc/nginx/conf.d/default.conf
#19 DONE 0.0s

#20 [api api-prod-deps 1/1] RUN --mount=type=cache,target=/root/.npm     npm ci --omit=dev --no-audit --no-fund -w @foci/api -w @foci/shared
#20 2.604 
#20 2.604 added 124 packages in 2s
#20 2.606 npm notice
#20 2.606 npm notice New major version of npm available! 11.19.0 -> 12.2.0
#20 2.606 npm notice Changelog: https://github.com/npm/cli/releases/tag/v12.2.0
#20 2.606 npm notice To update run: npm install -g npm@12.2.0
#20 2.606 npm notice
#20 DONE 2.8s

#17 [api deps 1/1] RUN --mount=type=cache,target=/root/.npm npm ci --no-audit --no-fund
#17 ...

#21 [api api 3/9] COPY --from=api-prod-deps --chown=node:node /repo/node_modules ./node_modules
#21 DONE 0.5s

#22 [migrate api 4/9] COPY --chown=node:node packages/shared/package.json packages/shared/
#22 DONE 0.1s

#17 [api deps 1/1] RUN --mount=type=cache,target=/root/.npm npm ci --no-audit --no-fund
#17 5.852 
#17 5.852 added 433 packages in 6s
#17 5.854 npm warn install-scripts 2 packages have install scripts not yet covered by allowScripts:
#17 5.854 npm warn install-scripts   @scarf/scarf@1.4.0 (postinstall: node ./report.js)
#17 5.854 npm warn install-scripts   unrs-resolver@1.12.2 (postinstall: node postinstall.js)
#17 5.854 npm warn install-scripts
#17 5.854 npm warn install-scripts Run `npm install-scripts ls` to review, or `npm install-scripts approve <pkg>` to allow.
#17 DONE 6.1s

#23 [migrate source 1/1] COPY . .
#23 DONE 0.1s

#24 [api build-api 1/1] RUN npm run build -w @foci/shared -w @foci/api
#24 0.415 
#24 0.415 > @foci/shared@1.0.0 build
#24 0.415 > tsc -p tsconfig.build.json
#24 0.415 
#24 ...

#25 [web build-web 1/1] RUN npm run build -w @foci/web
#25 0.415 
#25 0.415 > @foci/web@1.0.0 build
#25 0.415 > vite build
#25 0.415 
#25 0.607 vite v8.3.2 building client environment for production...
#25 0.613 transforming...
#25 0.765 ✓ 240 modules transformed.
#25 0.792 rendering chunks...
#25 0.835 computing gzip size...
#25 0.841 dist/index.html                   0.39 kB │ gzip:   0.26 kB
#25 0.841 dist/assets/index-buC8aAs2.css    3.21 kB │ gzip:   1.03 kB
#25 0.841 dist/assets/index-BmC5Kne0.js   392.47 kB │ gzip: 119.98 kB
#25 0.841 
#25 0.844 ✓ built in 237ms
#25 0.865 npm notice
#25 0.865 npm notice New major version of npm available! 11.19.0 -> 12.2.0
#25 0.865 npm notice Changelog: https://github.com/npm/cli/releases/tag/v12.2.0
#25 0.865 npm notice To update run: npm install -g npm@12.2.0
#25 0.865 npm notice
#25 DONE 0.9s

#26 [web web 4/4] COPY --from=build-web /repo/apps/web/dist /usr/share/nginx/html
#26 DONE 0.0s

#27 [web] exporting to image
#27 exporting layers 0.1s done
#27 exporting manifest sha256:8990b3e02e2f6618ce385d0648b3b8670c5f576e4b1cb56f0248ff21969fa5f9 done
#27 exporting config sha256:48cb09f773b70ad66e0137f5790037582336e090040be3a88eca4bae069ef4a4 0.0s done
#27 exporting attestation manifest sha256:6664a88adf80fcabab0d726bfb327adb93617ddd1cb27439332c36725ca75356 0.0s done
#27 exporting manifest list sha256:c1c624ea32fbdff96b2e04f9c6934b1b8aa9510fb3e95ea30440db2f97243a6a done
#27 naming to docker.io/library/review-verify-web:latest done
#27 unpacking to docker.io/library/review-verify-web:latest 0.1s done
#27 DONE 0.2s

#28 [web] resolving provenance for metadata file
#28 DONE 0.0s

#24 [api build-api 1/1] RUN npm run build -w @foci/shared -w @foci/api
#24 1.217 
#24 1.217 > @foci/api@1.0.0 build
#24 1.217 > tsc -p tsconfig.build.json
#24 1.217 
#24 2.566 npm notice
#24 2.566 npm notice New major version of npm available! 11.19.0 -> 12.2.0
#24 2.566 npm notice Changelog: https://github.com/npm/cli/releases/tag/v12.2.0
#24 2.566 npm notice To update run: npm install -g npm@12.2.0
#24 2.566 npm notice
#24 DONE 2.6s

#29 [migrate api 5/9] COPY --from=build-api --chown=node:node /repo/packages/shared/dist packages/shared/dist
#29 DONE 0.0s

#30 [migrate api 6/9] COPY --chown=node:node apps/api/package.json apps/api/
#30 DONE 0.0s

#31 [migrate api 7/9] COPY --from=build-api --chown=node:node /repo/apps/api/dist apps/api/dist
#31 DONE 0.0s

#32 [api api 8/9] COPY --chown=node:node apps/api/migrations apps/api/migrations
#32 DONE 0.0s

#33 [api api 9/9] RUN rm -rf     /usr/local/bin/npm /usr/local/bin/npx /usr/local/bin/corepack     /usr/local/bin/yarn /usr/local/bin/yarnpkg     /usr/local/lib/node_modules/npm /usr/local/lib/node_modules/corepack     /opt/yarn-v*   && ! command -v npm && ! command -v npx && ! command -v corepack   && ! command -v yarn && ! command -v yarnpkg
#33 DONE 0.4s

#34 [migrate] exporting to image
#34 exporting layers 0.6s done
#34 exporting manifest sha256:f84b49b33ebd16d28df7035f81874c0bd2dccc21a1c1853109700bbfb7930b38 done
#34 exporting config sha256:6462b200f74281f8d5c5347a5b6a47eadc1be6d65a124c847a044de339c218c2 done
#34 exporting attestation manifest sha256:f50f434ca27f55547a27be1dabf2c5033aa61e5f94e2f89635df02f29cadb534 0.0s done
#34 exporting manifest list sha256:7a5ad3cea9bf7aefe3cbb09bc961c9ee4a9e3bf3dd1811cf8ed9f8070eb99179 done
#34 naming to docker.io/library/review-verify-migrate:latest done
#34 unpacking to docker.io/library/review-verify-migrate:latest
#34 unpacking to docker.io/library/review-verify-migrate:latest 0.3s done
#34 DONE 1.0s

#35 [api] exporting to image
#35 exporting layers 0.6s done
#35 exporting manifest sha256:46d249bf059e19245beded40334f91e59d3de5617b980554c7d174f89e843ffb done
#35 exporting config sha256:26d9ccb9126b89a504b559134f16c0bb71cde6c51f85d9a06d9b7c4ed1373ad4 done
#35 exporting attestation manifest sha256:27051244a5f026e0514a604e114a4b04f5cb13e779931eda871faa4aab3e32d4 0.0s done
#35 exporting manifest list sha256:06b11b78aa741d62bd975f3c03bccb5a21289e7a4fcee6e1a2c42ef6e2100494 done
#35 naming to docker.io/library/review-verify-api:latest done
#35 unpacking to docker.io/library/review-verify-api:latest 0.3s done
#35 DONE 1.0s

#36 [api] resolving provenance for metadata file
#36 DONE 0.0s

#37 [migrate] resolving provenance for metadata file
#37 DONE 0.0s
 Image review-verify-migrate Built 
 Image review-verify-web Built 
 Image review-verify-api Built 
