 Image review-e2e-migrate Building 
 Image review-e2e-web Building 
 Image review-e2e-api Building 
#1 [internal] load local bake definitions
#1 reading from stdin 1.53kB done
#1 DONE 0.0s

#2 [web internal] load build definition from Dockerfile
#2 transferring dockerfile: 4.39kB done
#2 DONE 0.0s

#3 [migrate] resolve image config for docker-image://docker.io/docker/dockerfile:1
#3 DONE 0.3s

#4 [web] docker-image://docker.io/docker/dockerfile:1@sha256:4edf897a3ffa55b89f906fc8cc78afdb3f1834cc9c7083565e611a8a7d5fe99e
#4 resolve docker.io/docker/dockerfile:1@sha256:4edf897a3ffa55b89f906fc8cc78afdb3f1834cc9c7083565e611a8a7d5fe99e 0.0s done
#4 CACHED

#5 [migrate internal] load metadata for docker.io/library/node:24.21-alpine
#5 DONE 0.2s

#6 [web internal] load metadata for docker.io/nginxinc/nginx-unprivileged:1.31-alpine
#6 DONE 0.2s

#7 [api internal] load .dockerignore
#7 transferring context: 135B done
#7 DONE 0.0s

#8 [web web 1/4] FROM docker.io/nginxinc/nginx-unprivileged:1.31-alpine@sha256:26b0bf6fbf07297983cb341998d79c831508787de26627dd2a112321b9c3a4af
#8 resolve docker.io/nginxinc/nginx-unprivileged:1.31-alpine@sha256:26b0bf6fbf07297983cb341998d79c831508787de26627dd2a112321b9c3a4af 0.0s done
#8 DONE 0.0s

#9 [migrate base 1/2] FROM docker.io/library/node:24.21-alpine@sha256:ebfe2f90462722a7a4de65e91990e97fe0d401c70e0e762c5b53302f905ec1c1
#9 resolve docker.io/library/node:24.21-alpine@sha256:ebfe2f90462722a7a4de65e91990e97fe0d401c70e0e762c5b53302f905ec1c1 0.0s done
#9 DONE 0.0s

#10 [api internal] load build context
#10 transferring context: 19.31kB 0.0s done
#10 transferring context: 19.31kB 0.0s done
#10 DONE 0.1s

#11 [web build-web 1/1] RUN npm run build -w @foci/web
#11 CACHED

#12 [web web 3/4] COPY apps/web/nginx.conf /etc/nginx/conf.d/default.conf
#12 CACHED

#13 [web web 2/4] RUN apk upgrade --no-cache pcre2   && apk list -I pcre2 | grep -Eq '^pcre2-10\.(49|[5-9][0-9])-'
#13 CACHED

#14 [web web 4/4] COPY --from=build-web /repo/apps/web/dist /usr/share/nginx/html
#14 CACHED

#15 [api api 5/9] COPY --from=build-api --chown=node:node /repo/packages/shared/dist packages/shared/dist
#15 CACHED

#16 [api api 6/9] COPY --chown=node:node apps/api/package.json apps/api/
#16 CACHED

#17 [api api 4/9] COPY --chown=node:node packages/shared/package.json packages/shared/
#17 CACHED

#18 [api build-api 1/1] RUN npm run build -w @foci/shared -w @foci/api
#18 CACHED

#19 [api api 7/9] COPY --from=build-api --chown=node:node /repo/apps/api/dist apps/api/dist
#19 CACHED

#20 [api deps 1/1] RUN --mount=type=cache,target=/root/.npm npm ci --no-audit --no-fund
#20 CACHED

#21 [api api-prod-deps 1/1] RUN --mount=type=cache,target=/root/.npm     npm ci --omit=dev --no-audit --no-fund -w @foci/api -w @foci/shared
#21 CACHED

#22 [api manifests 3/5] COPY packages/diagrams/package.json packages/diagrams/
#22 CACHED

#23 [api manifests 4/5] COPY apps/api/package.json apps/api/
#23 CACHED

#24 [api source 1/1] COPY . .
#24 CACHED

#25 [api manifests 2/5] COPY packages/shared/package.json packages/shared/
#25 CACHED

#26 [api base 2/2] WORKDIR /repo
#26 CACHED

#27 [api api 8/9] COPY --chown=node:node apps/api/migrations apps/api/migrations
#27 CACHED

#28 [api manifests 5/5] COPY apps/web/package.json apps/web/
#28 CACHED

#29 [api api 3/9] COPY --from=api-prod-deps --chown=node:node /repo/node_modules ./node_modules
#29 CACHED

#30 [api manifests 1/5] COPY package.json package-lock.json ./
#30 CACHED

#31 [api api 9/9] RUN rm -rf     /usr/local/bin/npm /usr/local/bin/npx /usr/local/bin/corepack     /usr/local/bin/yarn /usr/local/bin/yarnpkg     /usr/local/lib/node_modules/npm /usr/local/lib/node_modules/corepack     /opt/yarn-v*   && ! command -v npm && ! command -v npx && ! command -v corepack   && ! command -v yarn && ! command -v yarnpkg
#31 CACHED

#32 [api] exporting to image
#32 exporting layers done
#32 exporting manifest sha256:114a0dbf680c3e06fe982a7f9dc90609ee028b9fe07e82548ab8948bd29991df done
#32 exporting config sha256:f21b4cd0939243a905366e2c127d9de8705bf9ca4ae5ba0dd694002d92631f2d 0.0s done
#32 exporting attestation manifest sha256:745b5b0955572f58a6feca412ecea01c2f77a001ffd6e7d313169405e44b4578 0.0s done
#32 exporting manifest list sha256:357764b59ad57f372e113058c44136b1e0eaadf9f18e28f773bc60515fa4cd98
#32 exporting manifest list sha256:357764b59ad57f372e113058c44136b1e0eaadf9f18e28f773bc60515fa4cd98 0.0s done
#32 naming to docker.io/library/review-e2e-api:latest done
#32 unpacking to docker.io/library/review-e2e-api:latest done
#32 DONE 0.1s

#33 [migrate] exporting to image
#33 exporting layers done
#33 exporting manifest sha256:de778b16528d6e636cdc8ea856d3d816cc449010f024087436acfa1ec3fe5c4d done
#33 exporting config sha256:6290d7c39a03d167d7bcbd99ce35c385f1875e793ca62d04d261d1b683780b8a 0.0s done
#33 exporting attestation manifest sha256:8b0a52a00e2ceb20b1aab876d56c4a5534daf2969804c67415bf9bb7186274cf 0.0s done
#33 exporting manifest list sha256:7c14958523801c908c0a6bb4b0a9d03de6de703cf037a9cf79bfc04f4c4930e3 0.0s done
#33 naming to docker.io/library/review-e2e-migrate:latest done
#33 unpacking to docker.io/library/review-e2e-migrate:latest done
#33 DONE 0.1s

#34 [web] exporting to image
#34 exporting layers done
#34 exporting manifest sha256:a71371e35f841e68c63d7fad0b7fb56083042439781e1200b5322f197ccd74e8 0.0s done
#34 exporting config sha256:859d95d576818c01510e041dd747a715e05a4a1ccb171885605150337eb306fb 0.0s done
#34 exporting attestation manifest sha256:095526b745a02d612e051e630bf5e0639b82cb6716b69c1883361bfd9c49653d 0.0s done
#34 exporting manifest list sha256:98d0cc401e4a05be21b7f3b4d00ac3781d52db340d0f252b6ab6b78d435a49bb 0.0s done
#34 naming to docker.io/library/review-e2e-web:latest done
#34 unpacking to docker.io/library/review-e2e-web:latest 0.0s done
#34 DONE 0.1s

#35 [api] resolving provenance for metadata file
#35 DONE 0.0s

#36 [web] resolving provenance for metadata file
#36 DONE 0.0s

#37 [migrate] resolving provenance for metadata file
#37 DONE 0.0s
 Image review-e2e-web Built 
 Image review-e2e-api Built 
 Image review-e2e-migrate Built 
 Network review-e2e_default Creating 
 Network review-e2e_default Creating 
 Volume review-e2e_pgdata Creating 
 Volume review-e2e_pgdata Creating 
 Volume review-e2e_pgdata Created 
 Volume review-e2e_pgdata Created 
 Network review-e2e_default Created 
 Network review-e2e_default Created 
 Container review-e2e-db-1 Creating 
 Container review-e2e-db-1 Created 
 Container review-e2e-migrate-1 Creating 
 Container review-e2e-migrate-1 Created 
 Container review-e2e-api-1 Creating 
 Container review-e2e-api-1 Created 
 Container review-e2e-web-1 Creating 
 Container review-e2e-web-1 Created 
 Container review-e2e-db-1 Starting 
 Container review-e2e-db-1 Started 
 Container review-e2e-db-1 Waiting 
 Container review-e2e-db-1 Healthy 
 Container review-e2e-migrate-1 Starting 
 Container review-e2e-migrate-1 Started 
 Container review-e2e-migrate-1 Waiting 
 Container review-e2e-migrate-1 Exited 
 Container review-e2e-api-1 Starting 
 Container review-e2e-api-1 Started 
 Container review-e2e-api-1 Waiting 
 Container review-e2e-api-1 Healthy 
 Container review-e2e-web-1 Starting 
 Container review-e2e-web-1 Started 
 Image review-e2e-e2e Building 
#1 [internal] load local bake definitions
#1 reading from stdin 1.96kB done
#1 DONE 0.0s

#2 [internal] load build definition from Dockerfile
#2 transferring dockerfile: 4.39kB done
#2 DONE 0.0s

#3 resolve image config for docker-image://docker.io/docker/dockerfile:1
#3 DONE 0.1s

#4 docker-image://docker.io/docker/dockerfile:1@sha256:4edf897a3ffa55b89f906fc8cc78afdb3f1834cc9c7083565e611a8a7d5fe99e
#4 resolve docker.io/docker/dockerfile:1@sha256:4edf897a3ffa55b89f906fc8cc78afdb3f1834cc9c7083565e611a8a7d5fe99e done
#4 CACHED

#5 [internal] load metadata for mcr.microsoft.com/playwright:v1.63.0-noble
#5 DONE 0.1s

#6 [internal] load .dockerignore
#6 transferring context: 135B done
#6 DONE 0.0s

#7 [internal] load build context
#7 transferring context: 253B done
#7 DONE 0.0s

#8 [e2e 1/4] FROM mcr.microsoft.com/playwright:v1.63.0-noble@sha256:eff16c30e6f3f4af0a03fa4b706120d5e9b0891c344a27d64559aff5900a4a27
#8 resolve mcr.microsoft.com/playwright:v1.63.0-noble@sha256:eff16c30e6f3f4af0a03fa4b706120d5e9b0891c344a27d64559aff5900a4a27 0.0s done
#8 DONE 0.0s

#9 [e2e 3/4] RUN npm init -y >/dev/null   && npm install --no-audit --no-fund --save-exact @playwright/test@1.63.0
#9 CACHED

#10 [e2e 2/4] WORKDIR /e2e
#10 CACHED

#11 [e2e 4/4] COPY e2e/ ./
#11 CACHED

#12 exporting to image
#12 exporting layers done
#12 exporting manifest sha256:60a454dc4dbcfdbf561bd6e4183a3b1473506860c47d83fd5eb613e45492773f done
#12 exporting config sha256:9ce57282bdce23af829b49e25e5462bb00afee6df429d04a48eb982e150b219b done
#12 exporting attestation manifest sha256:cac7b9d7ec5490edc61012142295b2c78a4b7c5b61542a0a2f59698f9e81f95a done
#12 exporting manifest list sha256:51858780e9e5ba443ba19637ebf7a7172ff38f7a240469394ee3efc4c1b70a58 done
#12 naming to docker.io/library/review-e2e-e2e:latest done
#12 unpacking to docker.io/library/review-e2e-e2e:latest done
#12 DONE 0.0s

#13 resolving provenance for metadata file
#13 DONE 0.0s
 Image review-e2e-e2e Built 
 Container review-e2e-web-1 Waiting 
 Container review-e2e-web-1 Healthy 
 Container review-e2e-e2e-run-f851f928d5d6 Creating 
 Container review-e2e-e2e-run-f851f928d5d6 Created 

Running 10 tests using 2 workers

  ✓   1 [chromium] › api.spec.ts:5:7 › API through the nginx proxy › passes problem details through unchanged (40ms)
  ✓   3 [chromium] › api.spec.ts:15:7 › API through the nginx proxy › passes ETag, If-Match and Location headers (30ms)
  ✓   4 [chromium] › api.spec.ts:27:7 › API through the nginx proxy › passes the Idempotency-Key header (replay) (21ms)
  ✓   5 [chromium] › api.spec.ts:42:7 › API through the nginx proxy › does not expose API docs, and deep links fall back to the app (23ms)
  ✓   2 [chromium] › deadlines.spec.ts:4:5 › the same deadline reads the same in New York and Tokyo (557ms)
  ✓   6 [chromium] › todos.spec.ts:4:5 › create, view, edit, complete, filter and delete a task (978ms)
  ✓   7 [chromium] › deadlines.spec.ts:33:5 › a deadline entered in New York reads as the same instant in Tokyo (569ms)
  ✓   8 [chromium] › todos.spec.ts:49:5 › an empty title is rejected before anything is created (325ms)
  ✓   9 [chromium] › todos.spec.ts:58:5 › a concurrent edit shows a conflict notice and keeps my edits (436ms)
  ✓  10 [chromium] › todos.spec.ts:85:5 › tasks persist across a reload (327ms)

  10 passed (2.7s)
