 Image review-stress-migrate Building 
 Image review-stress-api Building 
 Image review-stress-web Building 
#1 [internal] load local bake definitions
#1 reading from stdin 1.55kB done
#1 DONE 0.0s

#2 [api internal] load build definition from Dockerfile
#2 transferring dockerfile: 4.39kB done
#2 DONE 0.0s

#3 [web] resolve image config for docker-image://docker.io/docker/dockerfile:1
#3 DONE 0.1s

#4 [api] docker-image://docker.io/docker/dockerfile:1@sha256:4edf897a3ffa55b89f906fc8cc78afdb3f1834cc9c7083565e611a8a7d5fe99e
#4 resolve docker.io/docker/dockerfile:1@sha256:4edf897a3ffa55b89f906fc8cc78afdb3f1834cc9c7083565e611a8a7d5fe99e 0.0s done
#4 CACHED

#5 [web internal] load metadata for docker.io/library/node:24.21-alpine
#5 DONE 0.1s

#6 [web internal] load .dockerignore
#6 transferring context: 135B done
#6 DONE 0.0s

#7 [migrate base 1/2] FROM docker.io/library/node:24.21-alpine@sha256:ebfe2f90462722a7a4de65e91990e97fe0d401c70e0e762c5b53302f905ec1c1
#7 resolve docker.io/library/node:24.21-alpine@sha256:ebfe2f90462722a7a4de65e91990e97fe0d401c70e0e762c5b53302f905ec1c1 done
#7 DONE 0.0s

#8 [api internal] load build context
#8 transferring context: 19.31kB 0.0s done
#8 DONE 0.0s

#9 [migrate manifests 4/5] COPY apps/api/package.json apps/api/
#9 CACHED

#10 [migrate api 8/9] COPY --chown=node:node apps/api/migrations apps/api/migrations
#10 CACHED

#11 [migrate build-api 1/1] RUN npm run build -w @foci/shared -w @foci/api
#11 CACHED

#12 [migrate api 5/9] COPY --from=build-api --chown=node:node /repo/packages/shared/dist packages/shared/dist
#12 CACHED

#13 [migrate base 2/2] WORKDIR /repo
#13 CACHED

#14 [migrate api 6/9] COPY --chown=node:node apps/api/package.json apps/api/
#14 CACHED

#15 [migrate api 7/9] COPY --from=build-api --chown=node:node /repo/apps/api/dist apps/api/dist
#15 CACHED

#16 [migrate manifests 1/5] COPY package.json package-lock.json ./
#16 CACHED

#17 [migrate manifests 5/5] COPY apps/web/package.json apps/web/
#17 CACHED

#18 [migrate deps 1/1] RUN --mount=type=cache,target=/root/.npm npm ci --no-audit --no-fund
#18 CACHED

#19 [migrate api 4/9] COPY --chown=node:node packages/shared/package.json packages/shared/
#19 CACHED

#20 [migrate api 3/9] COPY --from=api-prod-deps --chown=node:node /repo/node_modules ./node_modules
#20 CACHED

#21 [migrate source 1/1] COPY . .
#21 CACHED

#22 [migrate api-prod-deps 1/1] RUN --mount=type=cache,target=/root/.npm     npm ci --omit=dev --no-audit --no-fund -w @foci/api -w @foci/shared
#22 CACHED

#23 [migrate manifests 2/5] COPY packages/shared/package.json packages/shared/
#23 CACHED

#24 [migrate manifests 3/5] COPY packages/diagrams/package.json packages/diagrams/
#24 CACHED

#25 [migrate api 9/9] RUN rm -rf     /usr/local/bin/npm /usr/local/bin/npx /usr/local/bin/corepack     /usr/local/bin/yarn /usr/local/bin/yarnpkg     /usr/local/lib/node_modules/npm /usr/local/lib/node_modules/corepack     /opt/yarn-v*   && ! command -v npm && ! command -v npx && ! command -v corepack   && ! command -v yarn && ! command -v yarnpkg
#25 CACHED

#26 [web internal] load metadata for docker.io/nginxinc/nginx-unprivileged:1.31-alpine
#26 DONE 0.2s

#27 [migrate] exporting to image
#27 exporting layers done
#27 exporting manifest sha256:a79098ae2e565fe2342e58e8329e71070d580c45558155a6c62debfe5fc560c3 done
#27 exporting config sha256:7ebe06fb259abebb32f68afd5b4a5232499b7c00c224be6f59dc8028019c92dc done
#27 exporting attestation manifest sha256:5706521c709aebdedc0ea8238ac494d765502b20f28f0b1063c05d963a80b103
#27 exporting attestation manifest sha256:5706521c709aebdedc0ea8238ac494d765502b20f28f0b1063c05d963a80b103 0.0s done
#27 exporting manifest list sha256:c965823a7e16958f241b5a6ad9d031a9e935820c8807dcd2fb31ca4a1d6d195b done
#27 naming to docker.io/library/review-stress-migrate:latest done
#27 unpacking to docker.io/library/review-stress-migrate:latest done
#27 DONE 0.1s

#7 [web base 1/2] FROM docker.io/library/node:24.21-alpine@sha256:ebfe2f90462722a7a4de65e91990e97fe0d401c70e0e762c5b53302f905ec1c1
#7 resolve docker.io/library/node:24.21-alpine@sha256:ebfe2f90462722a7a4de65e91990e97fe0d401c70e0e762c5b53302f905ec1c1 done
#7 DONE 0.0s

#8 [web internal] load build context
#8 transferring context: 19.31kB 0.0s done
#8 DONE 0.0s

#28 [web web 1/4] FROM docker.io/nginxinc/nginx-unprivileged:1.31-alpine@sha256:26b0bf6fbf07297983cb341998d79c831508787de26627dd2a112321b9c3a4af
#28 resolve docker.io/nginxinc/nginx-unprivileged:1.31-alpine@sha256:26b0bf6fbf07297983cb341998d79c831508787de26627dd2a112321b9c3a4af 0.0s done
#28 DONE 0.0s

#29 [api] exporting to image
#29 exporting layers done
#29 exporting manifest sha256:7697908fcaad173e9931b2e10cfc6a56a8c9d1baaefbdd6cbe7dfdb6f5a0801f done
#29 exporting config sha256:a302b9debc664d9e5e8bd2a4fb90c5fdd3c10d9b2182d047eef4b109a8b5271f done
#29 exporting attestation manifest sha256:8c132e5808db8f3d8bb1b176ae1b03b66cebac1965252a8a3fc5371ffa9771e1 0.0s done
#29 exporting manifest list sha256:91f8e75ae42ae712bbcfd834fccde5d855ba4869e9a7d3b93fc618e6b913df10 done
#29 naming to docker.io/library/review-stress-api:latest done
#29 unpacking to docker.io/library/review-stress-api:latest done
#29 DONE 0.1s

#17 [web manifests 5/5] COPY apps/web/package.json apps/web/
#17 CACHED

#9 [web manifests 4/5] COPY apps/api/package.json apps/api/
#9 CACHED

#24 [web manifests 3/5] COPY packages/diagrams/package.json packages/diagrams/
#24 CACHED

#23 [web manifests 2/5] COPY packages/shared/package.json packages/shared/
#23 CACHED

#30 [web web 3/4] COPY apps/web/nginx.conf /etc/nginx/conf.d/default.conf
#30 CACHED

#21 [web source 1/1] COPY . .
#21 CACHED

#31 [web build-web 1/1] RUN npm run build -w @foci/web
#31 CACHED

#18 [web deps 1/1] RUN --mount=type=cache,target=/root/.npm npm ci --no-audit --no-fund
#18 CACHED

#16 [web manifests 1/5] COPY package.json package-lock.json ./
#16 CACHED

#32 [web web 2/4] RUN apk upgrade --no-cache pcre2   && apk list -I pcre2 | grep -Eq '^pcre2-10\.(49|[5-9][0-9])-'
#32 CACHED

#13 [web base 2/2] WORKDIR /repo
#13 CACHED

#33 [web web 4/4] COPY --from=build-web /repo/apps/web/dist /usr/share/nginx/html
#33 CACHED

#34 [web] exporting to image
#34 exporting layers done
#34 exporting manifest sha256:6e52c096e491224de5c203535a67a61e24bab8c463b80f5395a4ce070b69469d done
#34 exporting config sha256:c1b580a038968f383b99ab4926ad28cf36ae42fac6e0f24df6cf6835a4fa4f1f done
#34 exporting attestation manifest sha256:d8029684eb4069c5834d1df92cba7baaf78e4a686a76429cdb56c69b5941cecd done
#34 exporting manifest list sha256:ce0e565e7045471eddd52ec3e06c4263517ce389be27ffcc33a1c68e0241e06f done
#34 naming to docker.io/library/review-stress-web:latest done
#34 unpacking to docker.io/library/review-stress-web:latest 0.0s done
#34 DONE 0.1s

#35 [migrate] resolving provenance for metadata file
#35 DONE 0.0s

#36 [api] resolving provenance for metadata file
#36 DONE 0.0s

#37 [web] resolving provenance for metadata file
#37 DONE 0.0s
 Image review-stress-migrate Built 
 Image review-stress-api Built 
 Image review-stress-web Built 
 Network review-stress_default Creating 
 Network review-stress_default Creating 
 Volume review-stress_pgdata Creating 
 Volume review-stress_pgdata Creating 
 Volume review-stress_pgdata Created 
 Volume review-stress_pgdata Created 
 Network review-stress_default Created 
 Network review-stress_default Created 
 Container review-stress-db-1 Creating 
 Container review-stress-db-1 Created 
 Container review-stress-migrate-1 Creating 
 Container review-stress-migrate-1 Created 
 Container review-stress-api-1 Creating 
 Container review-stress-api-1 Created 
 Container review-stress-web-1 Creating 
 Container review-stress-web-1 Created 
 Container review-stress-db-1 Starting 
 Container review-stress-db-1 Started 
 Container review-stress-db-1 Waiting 
 Container review-stress-db-1 Healthy 
 Container review-stress-migrate-1 Starting 
 Container review-stress-migrate-1 Started 
 Container review-stress-migrate-1 Waiting 
 Container review-stress-migrate-1 Exited 
 Container review-stress-api-1 Starting 
 Container review-stress-api-1 Started 
 Container review-stress-api-1 Waiting 
 Container review-stress-api-1 Healthy 
 Container review-stress-web-1 Starting 
 Container review-stress-web-1 Started 
