 Image review-stress-web Building 
 Image review-stress-migrate Building 
 Image review-stress-api Building 
#1 [internal] load local bake definitions
#1 reading from stdin 1.55kB done
#1 DONE 0.0s

#2 [api internal] load build definition from Dockerfile
#2 transferring dockerfile: 4.39kB done
#2 DONE 0.0s

#3 [web] resolve image config for docker-image://docker.io/docker/dockerfile:1
#3 DONE 0.1s

#4 [migrate] docker-image://docker.io/docker/dockerfile:1@sha256:4edf897a3ffa55b89f906fc8cc78afdb3f1834cc9c7083565e611a8a7d5fe99e
#4 resolve docker.io/docker/dockerfile:1@sha256:4edf897a3ffa55b89f906fc8cc78afdb3f1834cc9c7083565e611a8a7d5fe99e done
#4 CACHED

#5 [api internal] load metadata for docker.io/library/node:24.21-alpine
#5 DONE 0.1s

#6 [web internal] load metadata for docker.io/nginxinc/nginx-unprivileged:1.31-alpine
#6 DONE 0.1s

#7 [migrate internal] load .dockerignore
#7 transferring context: 135B done
#7 DONE 0.0s

#8 [migrate base 1/2] FROM docker.io/library/node:24.21-alpine@sha256:ebfe2f90462722a7a4de65e91990e97fe0d401c70e0e762c5b53302f905ec1c1
#8 resolve docker.io/library/node:24.21-alpine@sha256:ebfe2f90462722a7a4de65e91990e97fe0d401c70e0e762c5b53302f905ec1c1 done
#8 DONE 0.0s

#9 [web web 1/4] FROM docker.io/nginxinc/nginx-unprivileged:1.31-alpine@sha256:26b0bf6fbf07297983cb341998d79c831508787de26627dd2a112321b9c3a4af
#9 resolve docker.io/nginxinc/nginx-unprivileged:1.31-alpine@sha256:26b0bf6fbf07297983cb341998d79c831508787de26627dd2a112321b9c3a4af 0.0s done
#9 DONE 0.0s

#10 [api internal] load build context
#10 transferring context: 19.31kB 0.0s done
#10 DONE 0.1s

#11 [web manifests 5/5] COPY apps/web/package.json apps/web/
#11 CACHED

#12 [web manifests 3/5] COPY packages/diagrams/package.json packages/diagrams/
#12 CACHED

#13 [web manifests 4/5] COPY apps/api/package.json apps/api/
#13 CACHED

#14 [web web 3/4] COPY apps/web/nginx.conf /etc/nginx/conf.d/default.conf
#14 CACHED

#15 [web manifests 1/5] COPY package.json package-lock.json ./
#15 CACHED

#16 [web manifests 2/5] COPY packages/shared/package.json packages/shared/
#16 CACHED

#17 [web web 2/4] RUN apk upgrade --no-cache pcre2   && apk list -I pcre2 | grep -Eq '^pcre2-10\.(49|[5-9][0-9])-'
#17 CACHED

#18 [web build-web 1/1] RUN npm run build -w @foci/web
#18 CACHED

#19 [web base 2/2] WORKDIR /repo
#19 CACHED

#20 [web source 1/1] COPY . .
#20 CACHED

#21 [web deps 1/1] RUN --mount=type=cache,target=/root/.npm npm ci --no-audit --no-fund
#21 CACHED

#22 [web web 4/4] COPY --from=build-web /repo/apps/web/dist /usr/share/nginx/html
#22 CACHED

#23 [api api-prod-deps 1/1] RUN --mount=type=cache,target=/root/.npm     npm ci --omit=dev --no-audit --no-fund -w @foci/api -w @foci/shared
#23 CACHED

#24 [api api 8/9] COPY --chown=node:node apps/api/migrations apps/api/migrations
#24 CACHED

#21 [api deps 1/1] RUN --mount=type=cache,target=/root/.npm npm ci --no-audit --no-fund
#21 CACHED

#16 [api manifests 2/5] COPY packages/shared/package.json packages/shared/
#16 CACHED

#11 [api manifests 5/5] COPY apps/web/package.json apps/web/
#11 CACHED

#25 [api build-api 1/1] RUN npm run build -w @foci/shared -w @foci/api
#25 CACHED

#26 [api api 3/9] COPY --from=api-prod-deps --chown=node:node /repo/node_modules ./node_modules
#26 CACHED

#27 [api api 6/9] COPY --chown=node:node apps/api/package.json apps/api/
#27 CACHED

#13 [api manifests 4/5] COPY apps/api/package.json apps/api/
#13 CACHED

#28 [api api 4/9] COPY --chown=node:node packages/shared/package.json packages/shared/
#28 CACHED

#12 [api manifests 3/5] COPY packages/diagrams/package.json packages/diagrams/
#12 CACHED

#19 [api base 2/2] WORKDIR /repo
#19 CACHED

#29 [api api 5/9] COPY --from=build-api --chown=node:node /repo/packages/shared/dist packages/shared/dist
#29 CACHED

#30 [api api 7/9] COPY --from=build-api --chown=node:node /repo/apps/api/dist apps/api/dist
#30 CACHED

#20 [api source 1/1] COPY . .
#20 CACHED

#15 [api manifests 1/5] COPY package.json package-lock.json ./
#15 CACHED

#31 [api api 9/9] RUN rm -rf     /usr/local/bin/npm /usr/local/bin/npx /usr/local/bin/corepack     /usr/local/bin/yarn /usr/local/bin/yarnpkg     /usr/local/lib/node_modules/npm /usr/local/lib/node_modules/corepack     /opt/yarn-v*   && ! command -v npm && ! command -v npx && ! command -v corepack   && ! command -v yarn && ! command -v yarnpkg
#31 CACHED

#32 [migrate] exporting to image
#32 exporting layers done
#32 exporting manifest sha256:a79098ae2e565fe2342e58e8329e71070d580c45558155a6c62debfe5fc560c3 done
#32 exporting config sha256:7ebe06fb259abebb32f68afd5b4a5232499b7c00c224be6f59dc8028019c92dc done
#32 exporting attestation manifest sha256:cd3f4395829302df1b05818adfad9f56c0c26e8cc94bc911d3f9b9ff43c0f65c 0.0s done
#32 exporting manifest list sha256:cedf2ee5c95ab9d2eb0e0b0708b25092c0528ae60250082176ca0af1e2073cd7 done
#32 naming to docker.io/library/review-stress-migrate:latest done
#32 unpacking to docker.io/library/review-stress-migrate:latest done
#32 DONE 0.1s

#33 [api] exporting to image
#33 exporting layers done
#33 exporting manifest sha256:7697908fcaad173e9931b2e10cfc6a56a8c9d1baaefbdd6cbe7dfdb6f5a0801f done
#33 exporting config sha256:a302b9debc664d9e5e8bd2a4fb90c5fdd3c10d9b2182d047eef4b109a8b5271f done
#33 exporting attestation manifest sha256:44337ff0e1f1e0bff91cb9021dc46a9d8e1580308f5e976fb8a6e57a2fdcbd0b 0.0s done
#33 exporting manifest list sha256:e1541b31e5aa42d250e9a8851c45ec84c79ea2639b94525658e627bf9e7bc4f3 done
#33 naming to docker.io/library/review-stress-api:latest done
#33 unpacking to docker.io/library/review-stress-api:latest done
#33 DONE 0.1s

#34 [web] exporting to image
#34 exporting layers done
#34 exporting manifest sha256:6e52c096e491224de5c203535a67a61e24bab8c463b80f5395a4ce070b69469d done
#34 exporting config sha256:c1b580a038968f383b99ab4926ad28cf36ae42fac6e0f24df6cf6835a4fa4f1f done
#34 exporting attestation manifest sha256:3a8e3e7b4ee165d1dade84d83c51024c7a7804a0d1bcf325188ca801f7334c77 0.0s done
#34 exporting manifest list sha256:9ddc7b3659a2ee3c59ae75a7807c8e1865b029daf0623ae1a039de8de0fd62ce done
#34 naming to docker.io/library/review-stress-web:latest done
#34 unpacking to docker.io/library/review-stress-web:latest done
#34 DONE 0.1s

#35 [migrate] resolving provenance for metadata file
#35 DONE 0.0s

#36 [web] resolving provenance for metadata file
#36 DONE 0.0s

#37 [api] resolving provenance for metadata file
#37 DONE 0.0s
 Image review-stress-migrate Built 
 Image review-stress-api Built 
 Image review-stress-web Built 
 Network review-stress_default Creating 
 Network review-stress_default Creating 
 Volume review-stress_pgdata Creating 
 Volume review-stress_pgdata Creating 
 Volume review-stress_pgdata Created 
 Volume review-stress_pgdata Created 
 Network review-stress_default Created 
 Network review-stress_default Created 
 Container review-stress-db-1 Creating 
 Container review-stress-db-1 Created 
 Container review-stress-migrate-1 Creating 
 Container review-stress-migrate-1 Created 
 Container review-stress-api-1 Creating 
 Container review-stress-api-1 Created 
 Container review-stress-web-1 Creating 
 Container review-stress-web-1 Created 
 Container review-stress-db-1 Starting 
 Container review-stress-db-1 Started 
 Container review-stress-db-1 Waiting 
 Container review-stress-db-1 Healthy 
 Container review-stress-migrate-1 Starting 
 Container review-stress-migrate-1 Started 
 Container review-stress-migrate-1 Waiting 
 Container review-stress-migrate-1 Exited 
 Container review-stress-api-1 Starting 
 Container review-stress-api-1 Started 
 Container review-stress-api-1 Waiting 
 Container review-stress-api-1 Healthy 
 Container review-stress-web-1 Starting 
 Container review-stress-web-1 Started 
