

  █ THRESHOLDS 

    checks
    ✓ 'rate==1' rate=100.00%

    http_req_duration{name:GET /todos}
    ✓ 'p(95)<250' p(95)=10.35ms

    http_req_failed
    ✓ 'rate==0' rate=0.00%


  █ TOTAL RESULTS 

    checks_total.......: 242776  4855.357245/s
    checks_succeeded...: 100.00% 242776 out of 242776
    checks_failed......: 0.00%   0 out of 242776

    ✓ list 200
    ✓ edit 200
    ✓ complete 200
    ✓ delete 204

    HTTP
    http_req_duration..............: avg=6.5ms   min=309.49µs med=6.64ms  max=43.87ms p(90)=9.29ms  p(95)=10.78ms
      { expected_response:true }...: avg=6.5ms   min=309.49µs med=6.64ms  max=43.87ms p(90)=9.29ms  p(95)=10.78ms
      { name:GET /todos }..........: avg=6.19ms  min=309.49µs med=6.38ms  max=40.23ms p(90)=8.97ms  p(95)=10.35ms
    http_req_failed................: 0.00%  0 out of 303470
    http_reqs......................: 303470 6069.196556/s

    EXECUTION
    iteration_duration.............: avg=33.02ms min=2.37ms   med=35.23ms max=83.65ms p(90)=44.61ms p(95)=48.93ms
    iterations.....................: 60694  1213.839311/s
    vus............................: 1      min=1           max=50
    vus_max........................: 50     min=50          max=50

    NETWORK
    data_received..................: 540 MB 11 MB/s
    data_sent......................: 46 MB  926 kB/s



