 Image review-stress-migrate Building 
 Image review-stress-api Building 
 Image review-stress-web Building 
#1 [internal] load local bake definitions
#1 reading from stdin 1.55kB done
#1 DONE 0.0s

#2 [migrate internal] load build definition from Dockerfile
#2 transferring dockerfile: 4.39kB done
#2 DONE 0.0s

#3 [web] resolve image config for docker-image://docker.io/docker/dockerfile:1
#3 DONE 0.2s

#4 [web] docker-image://docker.io/docker/dockerfile:1@sha256:4edf897a3ffa55b89f906fc8cc78afdb3f1834cc9c7083565e611a8a7d5fe99e
#4 resolve docker.io/docker/dockerfile:1@sha256:4edf897a3ffa55b89f906fc8cc78afdb3f1834cc9c7083565e611a8a7d5fe99e 0.0s done
#4 CACHED

#5 [api internal] load metadata for docker.io/library/node:24.21-alpine
#5 DONE 0.2s

#6 [web internal] load metadata for docker.io/nginxinc/nginx-unprivileged:1.31-alpine
#6 DONE 0.2s

#7 [web internal] load .dockerignore
#7 transferring context: 135B done
#7 DONE 0.0s

#8 [api base 1/2] FROM docker.io/library/node:24.21-alpine@sha256:ebfe2f90462722a7a4de65e91990e97fe0d401c70e0e762c5b53302f905ec1c1
#8 resolve docker.io/library/node:24.21-alpine@sha256:ebfe2f90462722a7a4de65e91990e97fe0d401c70e0e762c5b53302f905ec1c1 0.0s done
#8 DONE 0.0s

#9 [web web 1/4] FROM docker.io/nginxinc/nginx-unprivileged:1.31-alpine@sha256:26b0bf6fbf07297983cb341998d79c831508787de26627dd2a112321b9c3a4af
#9 resolve docker.io/nginxinc/nginx-unprivileged:1.31-alpine@sha256:26b0bf6fbf07297983cb341998d79c831508787de26627dd2a112321b9c3a4af done
#9 DONE 0.0s

#10 [api internal] load build context
#10 transferring context: 19.31kB 0.0s done
#10 DONE 0.0s

#11 [web manifests 2/5] COPY packages/shared/package.json packages/shared/
#11 CACHED

#12 [web deps 1/1] RUN --mount=type=cache,target=/root/.npm npm ci --no-audit --no-fund
#12 CACHED

#13 [web build-web 1/1] RUN npm run build -w @foci/web
#13 CACHED

#14 [web source 1/1] COPY . .
#14 CACHED

#15 [web manifests 4/5] COPY apps/api/package.json apps/api/
#15 CACHED

#16 [web web 3/4] COPY apps/web/nginx.conf /etc/nginx/conf.d/default.conf
#16 CACHED

#17 [web manifests 3/5] COPY packages/diagrams/package.json packages/diagrams/
#17 CACHED

#18 [web manifests 5/5] COPY apps/web/package.json apps/web/
#18 CACHED

#19 [web web 2/4] RUN apk upgrade --no-cache pcre2   && apk list -I pcre2 | grep -Eq '^pcre2-10\.(49|[5-9][0-9])-'
#19 CACHED

#20 [web manifests 1/5] COPY package.json package-lock.json ./
#20 CACHED

#21 [web base 2/2] WORKDIR /repo
#21 CACHED

#22 [web web 4/4] COPY --from=build-web /repo/apps/web/dist /usr/share/nginx/html
#22 CACHED

#18 [api manifests 5/5] COPY apps/web/package.json apps/web/
#18 CACHED

#23 [api api 7/9] COPY --from=build-api --chown=node:node /repo/apps/api/dist apps/api/dist
#23 CACHED

#11 [api manifests 2/5] COPY packages/shared/package.json packages/shared/
#11 CACHED

#24 [api api 3/9] COPY --from=api-prod-deps --chown=node:node /repo/node_modules ./node_modules
#24 CACHED

#15 [api manifests 4/5] COPY apps/api/package.json apps/api/
#15 CACHED

#25 [api api 6/9] COPY --chown=node:node apps/api/package.json apps/api/
#25 CACHED

#14 [api source 1/1] COPY . .
#14 CACHED

#26 [api build-api 1/1] RUN npm run build -w @foci/shared -w @foci/api
#26 CACHED

#12 [api deps 1/1] RUN --mount=type=cache,target=/root/.npm npm ci --no-audit --no-fund
#12 CACHED

#21 [api base 2/2] WORKDIR /repo
#21 CACHED

#20 [api manifests 1/5] COPY package.json package-lock.json ./
#20 CACHED

#27 [api api 5/9] COPY --from=build-api --chown=node:node /repo/packages/shared/dist packages/shared/dist
#27 CACHED

#28 [api api 8/9] COPY --chown=node:node apps/api/migrations apps/api/migrations
#28 CACHED

#17 [api manifests 3/5] COPY packages/diagrams/package.json packages/diagrams/
#17 CACHED

#29 [api api 4/9] COPY --chown=node:node packages/shared/package.json packages/shared/
#29 CACHED

#30 [api api-prod-deps 1/1] RUN --mount=type=cache,target=/root/.npm     npm ci --omit=dev --no-audit --no-fund -w @foci/api -w @foci/shared
#30 CACHED

#31 [migrate api 9/9] RUN rm -rf     /usr/local/bin/npm /usr/local/bin/npx /usr/local/bin/corepack     /usr/local/bin/yarn /usr/local/bin/yarnpkg     /usr/local/lib/node_modules/npm /usr/local/lib/node_modules/corepack     /opt/yarn-v*   && ! command -v npm && ! command -v npx && ! command -v corepack   && ! command -v yarn && ! command -v yarnpkg
#31 CACHED

#32 [api] exporting to image
#32 exporting layers done
#32 exporting manifest sha256:7697908fcaad173e9931b2e10cfc6a56a8c9d1baaefbdd6cbe7dfdb6f5a0801f done
#32 exporting config sha256:a302b9debc664d9e5e8bd2a4fb90c5fdd3c10d9b2182d047eef4b109a8b5271f done
#32 exporting attestation manifest sha256:a18c21fc348d76e1f3d98b444a979d04813a87c84ee988a98c73d3724541002f 0.0s done
#32 exporting manifest list sha256:502a084d3841c11face8b6cfd15ff2a7bf806ceb1932b012df779ec62a3c9735 done
#32 naming to docker.io/library/review-stress-api:latest done
#32 unpacking to docker.io/library/review-stress-api:latest done
#32 DONE 0.1s

#33 [migrate] exporting to image
#33 exporting layers done
#33 exporting manifest sha256:a79098ae2e565fe2342e58e8329e71070d580c45558155a6c62debfe5fc560c3 done
#33 exporting config sha256:7ebe06fb259abebb32f68afd5b4a5232499b7c00c224be6f59dc8028019c92dc done
#33 exporting attestation manifest sha256:1f6919fb5728bb138816f0262e89c9e7e17ef11a0114444446fed9f2690ad359 0.0s done
#33 exporting manifest list sha256:5fb8da58acbdf4804ab7a7442b908d13007bae057908657d1dd8a071248ae6e7 done
#33 naming to docker.io/library/review-stress-migrate:latest done
#33 unpacking to docker.io/library/review-stress-migrate:latest done
#33 DONE 0.1s

#34 [web] exporting to image
#34 exporting layers done
#34 exporting manifest sha256:6e52c096e491224de5c203535a67a61e24bab8c463b80f5395a4ce070b69469d done
#34 exporting config sha256:c1b580a038968f383b99ab4926ad28cf36ae42fac6e0f24df6cf6835a4fa4f1f done
#34 exporting attestation manifest sha256:0aa30318aa6036b2b837d44dd445757b693df15784806376206c57d731608135 0.0s done
#34 exporting manifest list sha256:cdaf6305359e37788fd4e35088fa4824024e8e998b7669a8b364eea9d2a7a58b done
#34 naming to docker.io/library/review-stress-web:latest done
#34 unpacking to docker.io/library/review-stress-web:latest done
#34 DONE 0.1s

#35 [api] resolving provenance for metadata file
#35 DONE 0.0s

#36 [migrate] resolving provenance for metadata file
#36 DONE 0.0s

#37 [web] resolving provenance for metadata file
#37 DONE 0.0s
 Image review-stress-migrate Built 
 Image review-stress-api Built 
 Image review-stress-web Built 
 Network review-stress_default Creating 
 Network review-stress_default Creating 
 Volume review-stress_pgdata Creating 
 Volume review-stress_pgdata Creating 
 Volume review-stress_pgdata Created 
 Volume review-stress_pgdata Created 
 Network review-stress_default Created 
 Network review-stress_default Created 
 Container review-stress-db-1 Creating 
 Container review-stress-db-1 Created 
 Container review-stress-migrate-1 Creating 
 Container review-stress-migrate-1 Created 
 Container review-stress-api-1 Creating 
 Container review-stress-api-1 Created 
 Container review-stress-web-1 Creating 
 Container review-stress-web-1 Created 
 Container review-stress-db-1 Starting 
 Container review-stress-db-1 Started 
 Container review-stress-db-1 Waiting 
 Container review-stress-db-1 Healthy 
 Container review-stress-migrate-1 Starting 
 Container review-stress-migrate-1 Started 
 Container review-stress-migrate-1 Waiting 
 Container review-stress-migrate-1 Exited 
 Container review-stress-api-1 Starting 
 Container review-stress-api-1 Started 
 Container review-stress-api-1 Waiting 
 Container review-stress-api-1 Healthy 
 Container review-stress-web-1 Starting 
 Container review-stress-web-1 Started 
