 Image review-acceptance-migrate Building 
 Image review-acceptance-api Building 
 Image review-acceptance-web Building 
#1 [internal] load local bake definitions
#1 reading from stdin 1.64kB done
#1 DONE 0.0s

#2 [migrate internal] load build definition from Dockerfile
#2 transferring dockerfile: 4.39kB done
#2 DONE 0.0s

#3 [api] resolve image config for docker-image://docker.io/docker/dockerfile:1
#3 DONE 0.3s

#4 [migrate] docker-image://docker.io/docker/dockerfile:1@sha256:4edf897a3ffa55b89f906fc8cc78afdb3f1834cc9c7083565e611a8a7d5fe99e
#4 resolve docker.io/docker/dockerfile:1@sha256:4edf897a3ffa55b89f906fc8cc78afdb3f1834cc9c7083565e611a8a7d5fe99e done
#4 CACHED

#5 [web internal] load metadata for docker.io/library/node:24.21-alpine
#5 ...

#6 [web internal] load metadata for docker.io/nginxinc/nginx-unprivileged:1.31-alpine
#6 DONE 0.2s

#5 [web internal] load metadata for docker.io/library/node:24.21-alpine
#5 DONE 0.2s

#7 [api internal] load .dockerignore
#7 transferring context: 135B done
#7 DONE 0.0s

#8 [web base 1/2] FROM docker.io/library/node:24.21-alpine@sha256:ebfe2f90462722a7a4de65e91990e97fe0d401c70e0e762c5b53302f905ec1c1
#8 resolve docker.io/library/node:24.21-alpine@sha256:ebfe2f90462722a7a4de65e91990e97fe0d401c70e0e762c5b53302f905ec1c1 0.0s done
#8 DONE 0.0s

#9 [web web 1/4] FROM docker.io/nginxinc/nginx-unprivileged:1.31-alpine@sha256:26b0bf6fbf07297983cb341998d79c831508787de26627dd2a112321b9c3a4af
#9 resolve docker.io/nginxinc/nginx-unprivileged:1.31-alpine@sha256:26b0bf6fbf07297983cb341998d79c831508787de26627dd2a112321b9c3a4af 0.0s done
#9 DONE 0.0s

#10 [web internal] load build context
#10 transferring context: 3.91MB 0.1s done
#10 DONE 0.1s

#11 [api manifests 2/5] COPY packages/shared/package.json packages/shared/
#11 CACHED

#12 [api manifests 4/5] COPY apps/api/package.json apps/api/
#12 CACHED

#13 [api manifests 5/5] COPY apps/web/package.json apps/web/
#13 CACHED

#14 [api manifests 1/5] COPY package.json package-lock.json ./
#14 CACHED

#15 [api manifests 3/5] COPY packages/diagrams/package.json packages/diagrams/
#15 CACHED

#16 [api base 2/2] WORKDIR /repo
#16 CACHED

#17 [api deps 1/1] RUN --mount=type=cache,target=/root/.npm npm ci --no-audit --no-fund
#17 CACHED

#18 [web source 1/1] COPY . .
#18 DONE 0.1s

#19 [api build-api 1/1] RUN npm run build -w @foci/shared -w @foci/api
#19 0.611 
#19 0.611 > @foci/shared@1.0.0 build
#19 0.611 > tsc -p tsconfig.build.json
#19 0.611 
#19 ...

#20 [web build-web 1/1] RUN npm run build -w @foci/web
#20 0.612 
#20 0.612 > @foci/web@1.0.0 build
#20 0.612 > vite build
#20 0.612 
#20 0.899 vite v8.3.2 building client environment for production...
#20 0.912 transforming...
#20 1.083 ✓ 240 modules transformed.
#20 1.125 rendering chunks...
#20 1.183 computing gzip size...
#20 1.188 dist/index.html                   0.39 kB │ gzip:   0.26 kB
#20 1.188 dist/assets/index-buC8aAs2.css    3.21 kB │ gzip:   1.03 kB
#20 1.188 dist/assets/index-BmC5Kne0.js   392.47 kB │ gzip: 119.98 kB
#20 1.188 
#20 1.190 ✓ built in 288ms
#20 1.213 npm notice
#20 1.213 npm notice New major version of npm available! 11.19.0 -> 12.2.0
#20 1.213 npm notice Changelog: https://github.com/npm/cli/releases/tag/v12.2.0
#20 1.213 npm notice To update run: npm install -g npm@12.2.0
#20 1.213 npm notice
#20 DONE 1.2s

#21 [web web 2/4] RUN apk upgrade --no-cache pcre2   && apk list -I pcre2 | grep -Eq '^pcre2-10\.(49|[5-9][0-9])-'
#21 CACHED

#22 [web web 3/4] COPY apps/web/nginx.conf /etc/nginx/conf.d/default.conf
#22 CACHED

#23 [web web 4/4] COPY --from=build-web /repo/apps/web/dist /usr/share/nginx/html
#23 CACHED

#24 [web] exporting to image
#24 exporting layers done
#24 exporting manifest sha256:f2b82851840d9cd4bb92b07ff0a8b23d4018313f4aa8f72c54bc936fac9daa5a done
#24 exporting config sha256:e62ad15c2699c2a596fed3044bc4bf4ece9910ac8bc0b7f4f0d59a8ce1621f95 done
#24 exporting attestation manifest sha256:5f68deb9fe5486bf70f865385dc2eb62776c2fc66a0f34845307a02340525988 0.0s done
#24 exporting manifest list sha256:11376b8eaf5d45b493c508a0ae2734b651f0d3e60c4f51f8202a6985ed9886d3 done
#24 naming to docker.io/library/review-acceptance-web:latest done
#24 unpacking to docker.io/library/review-acceptance-web:latest 0.0s done
#24 DONE 0.1s

#19 [api build-api 1/1] RUN npm run build -w @foci/shared -w @foci/api
#19 1.407 
#19 1.407 > @foci/api@1.0.0 build
#19 1.407 > tsc -p tsconfig.build.json
#19 1.407 
#19 ...

#25 [web] resolving provenance for metadata file
#25 DONE 0.0s

#19 [api build-api 1/1] RUN npm run build -w @foci/shared -w @foci/api
#19 2.793 npm notice
#19 2.793 npm notice New major version of npm available! 11.19.0 -> 12.2.0
#19 2.793 npm notice Changelog: https://github.com/npm/cli/releases/tag/v12.2.0
#19 2.793 npm notice To update run: npm install -g npm@12.2.0
#19 2.793 npm notice
#19 DONE 2.8s

#26 [api api 7/9] COPY --from=build-api --chown=node:node /repo/apps/api/dist apps/api/dist
#26 CACHED

#27 [api api 8/9] COPY --chown=node:node apps/api/migrations apps/api/migrations
#27 CACHED

#28 [api api 3/9] COPY --from=api-prod-deps --chown=node:node /repo/node_modules ./node_modules
#28 CACHED

#29 [api api 6/9] COPY --chown=node:node apps/api/package.json apps/api/
#29 CACHED

#30 [api api-prod-deps 1/1] RUN --mount=type=cache,target=/root/.npm     npm ci --omit=dev --no-audit --no-fund -w @foci/api -w @foci/shared
#30 CACHED

#31 [api api 4/9] COPY --chown=node:node packages/shared/package.json packages/shared/
#31 CACHED

#32 [api api 5/9] COPY --from=build-api --chown=node:node /repo/packages/shared/dist packages/shared/dist
#32 CACHED

#33 [migrate api 9/9] RUN rm -rf     /usr/local/bin/npm /usr/local/bin/npx /usr/local/bin/corepack     /usr/local/bin/yarn /usr/local/bin/yarnpkg     /usr/local/lib/node_modules/npm /usr/local/lib/node_modules/corepack     /opt/yarn-v*   && ! command -v npm && ! command -v npx && ! command -v corepack   && ! command -v yarn && ! command -v yarnpkg
#33 CACHED

#34 [api] exporting to image
#34 exporting layers done
#34 exporting manifest sha256:6c5f4168c22882bd71d1654b414a74b80605cf3329e3e5e15fe33130a73c23d2 done
#34 exporting config sha256:308b758aa701d007e834cb3213c304aa597065d855644556e584f6df1f454c64 done
#34 exporting attestation manifest sha256:1fb9233faea0422140960a2746fda2db8cf948ad0055cd996af903c7c14944f4 0.0s done
#34 exporting manifest list sha256:1dd59685dddc0dd05aa6a1322fca13732524f77ca62e43a14ff8bee4b1a42146 done
#34 naming to docker.io/library/review-acceptance-api:latest done
#34 unpacking to docker.io/library/review-acceptance-api:latest done
#34 DONE 0.1s

#35 [migrate] exporting to image
#35 exporting layers done
#35 exporting manifest sha256:c9179de3ada7f9b5e490c1278d800db992b847c98d99d60f70f5c87918b83407 done
#35 exporting config sha256:948c97570d363f8e5b9fec5e0507f1dd23ea655e3809596eb031783f5f6ed12f done
#35 exporting attestation manifest sha256:8fb2353f853239f8814c696dcf30a717e8abcb467ec63d84dd55eb93678b4c03 0.0s done
#35 exporting manifest list sha256:b7a10eca8a7087bbc8125b083c1b0a0d878a4409e4fea1bfe6606827fbe67aa1 done
#35 naming to docker.io/library/review-acceptance-migrate:latest done
#35 unpacking to docker.io/library/review-acceptance-migrate:latest done
#35 DONE 0.1s

#36 [api] resolving provenance for metadata file
#36 DONE 0.0s

#37 [migrate] resolving provenance for metadata file
#37 DONE 0.0s
 Image review-acceptance-web Built 
 Image review-acceptance-migrate Built 
 Image review-acceptance-api Built 
 Network review-acceptance_default Creating 
 Network review-acceptance_default Creating 
 Volume review-acceptance_pgdata Creating 
 Volume review-acceptance_pgdata Creating 
 Volume review-acceptance_pgdata Created 
 Volume review-acceptance_pgdata Created 
 Network review-acceptance_default Created 
 Network review-acceptance_default Created 
 Container review-acceptance-db-1 Creating 
 Container review-acceptance-db-1 Created 
 Container review-acceptance-migrate-1 Creating 
 Container review-acceptance-migrate-1 Created 
 Container review-acceptance-api-1 Creating 
 Container review-acceptance-api-1 Created 
 Container review-acceptance-web-1 Creating 
 Container review-acceptance-web-1 Created 
 Container review-acceptance-db-1 Starting 
 Container review-acceptance-db-1 Started 
 Container review-acceptance-db-1 Waiting 
 Container review-acceptance-db-1 Healthy 
 Container review-acceptance-migrate-1 Starting 
 Container review-acceptance-migrate-1 Started 
 Container review-acceptance-migrate-1 Waiting 
 Container review-acceptance-migrate-1 Exited 
 Container review-acceptance-api-1 Starting 
 Container review-acceptance-api-1 Started 
 Container review-acceptance-api-1 Waiting 
 Container review-acceptance-api-1 Healthy 
 Container review-acceptance-web-1 Starting 
 Container review-acceptance-web-1 Started 
