 Image review-acceptance-migrate Building 
 Image review-acceptance-api Building 
 Image review-acceptance-web Building 
#1 [internal] load local bake definitions
#1 reading from stdin 1.64kB done
#1 DONE 0.0s

#2 [migrate internal] load build definition from Dockerfile
#2 transferring dockerfile: 3.98kB done
#2 DONE 0.0s

#3 [api] resolve image config for docker-image://docker.io/docker/dockerfile:1
#3 DONE 0.3s

#4 [api] docker-image://docker.io/docker/dockerfile:1@sha256:4edf897a3ffa55b89f906fc8cc78afdb3f1834cc9c7083565e611a8a7d5fe99e
#4 resolve docker.io/docker/dockerfile:1@sha256:4edf897a3ffa55b89f906fc8cc78afdb3f1834cc9c7083565e611a8a7d5fe99e done
#4 CACHED

#5 [api internal] load metadata for docker.io/library/node:24.21-alpine
#5 DONE 0.2s

#6 [web internal] load .dockerignore
#6 transferring context: 135B done
#6 DONE 0.0s

#7 [web internal] load metadata for docker.io/nginxinc/nginx-unprivileged:1.31-alpine
#7 DONE 0.2s

#8 [web base 1/2] FROM docker.io/library/node:24.21-alpine@sha256:ebfe2f90462722a7a4de65e91990e97fe0d401c70e0e762c5b53302f905ec1c1
#8 resolve docker.io/library/node:24.21-alpine@sha256:ebfe2f90462722a7a4de65e91990e97fe0d401c70e0e762c5b53302f905ec1c1 done
#8 DONE 0.0s

#9 [web web 1/3] FROM docker.io/nginxinc/nginx-unprivileged:1.31-alpine@sha256:26b0bf6fbf07297983cb341998d79c831508787de26627dd2a112321b9c3a4af
#9 resolve docker.io/nginxinc/nginx-unprivileged:1.31-alpine@sha256:26b0bf6fbf07297983cb341998d79c831508787de26627dd2a112321b9c3a4af 0.0s done
#9 DONE 0.0s

#10 [migrate internal] load build context
#10 transferring context: 1.73MB 0.1s done
#10 transferring context: 1.73MB 0.1s done
#10 DONE 0.1s

#11 [web build-web 1/1] RUN npm run build -w @foci/web
#11 CACHED

#12 [web web 2/3] COPY apps/web/nginx.conf /etc/nginx/conf.d/default.conf
#12 CACHED

#13 [web web 3/3] COPY --from=build-web /repo/apps/web/dist /usr/share/nginx/html
#13 CACHED

#14 [migrate manifests 4/5] COPY apps/api/package.json apps/api/
#14 CACHED

#15 [migrate api 4/9] COPY --chown=node:node packages/shared/package.json packages/shared/
#15 CACHED

#16 [migrate build-api 1/1] RUN npm run build -w @foci/shared -w @foci/api
#16 CACHED

#17 [migrate manifests 3/5] COPY packages/diagrams/package.json packages/diagrams/
#17 CACHED

#18 [migrate api 3/9] COPY --from=api-prod-deps --chown=node:node /repo/node_modules ./node_modules
#18 CACHED

#19 [migrate manifests 1/5] COPY package.json package-lock.json ./
#19 CACHED

#20 [migrate api 7/9] COPY --from=build-api --chown=node:node /repo/apps/api/dist apps/api/dist
#20 CACHED

#21 [migrate source 1/1] COPY . .
#21 CACHED

#22 [migrate manifests 5/5] COPY apps/web/package.json apps/web/
#22 CACHED

#23 [migrate deps 1/1] RUN --mount=type=cache,target=/root/.npm npm ci --no-audit --no-fund
#23 CACHED

#24 [migrate api 5/9] COPY --from=build-api --chown=node:node /repo/packages/shared/dist packages/shared/dist
#24 CACHED

#25 [migrate api-prod-deps 1/1] RUN --mount=type=cache,target=/root/.npm     npm ci --omit=dev --no-audit --no-fund -w @foci/api -w @foci/shared
#25 CACHED

#26 [migrate api 6/9] COPY --chown=node:node apps/api/package.json apps/api/
#26 CACHED

#27 [migrate base 2/2] WORKDIR /repo
#27 CACHED

#28 [migrate api 8/9] COPY --chown=node:node apps/api/migrations apps/api/migrations
#28 CACHED

#29 [migrate manifests 2/5] COPY packages/shared/package.json packages/shared/
#29 CACHED

#30 [migrate api 9/9] RUN rm -rf     /usr/local/bin/npm /usr/local/bin/npx /usr/local/bin/corepack     /usr/local/bin/yarn /usr/local/bin/yarnpkg     /usr/local/lib/node_modules/npm /usr/local/lib/node_modules/corepack     /opt/yarn-v*   && ! command -v npm && ! command -v npx && ! command -v corepack   && ! command -v yarn && ! command -v yarnpkg
#30 CACHED

#31 [web] exporting to image
#31 exporting layers done
#31 exporting manifest sha256:315fe21b4cd6e7203d3849e658267c961c81dd6067a8e2c6c13b1a9518e5d237 done
#31 exporting config sha256:b22b8b60d58be8194a7b3e51941996e79e930f6a04b353432d0e5f7fa1e25bcd done
#31 exporting attestation manifest sha256:0679fe7ec345d1a73e23712eb897e5a284741f1e22c0e5e2f6fa0e968c94e7a5 0.0s done
#31 exporting manifest list sha256:8d5b8864de417970b24ddb16f5eedb60adce82dfa98678ec482ff5e238f3320a done
#31 naming to docker.io/library/review-acceptance-web:latest done
#31 unpacking to docker.io/library/review-acceptance-web:latest
#31 unpacking to docker.io/library/review-acceptance-web:latest done
#31 DONE 0.1s

#32 [migrate] exporting to image
#32 exporting layers done
#32 exporting manifest sha256:00731b3b60ab89999444fea2b3a433adc2ec6b88785063db4248908caa8f845c done
#32 exporting config sha256:869187258b215779f0100f2a1b407b019e85bd1b8dd9d261bd252bc263f9d1f5 done
#32 exporting attestation manifest sha256:67a07a8b55c63c76a03b0c2aeaf96910810c689cb97569d9d7cc6f36936d6813 0.0s done
#32 exporting manifest list sha256:5b7693e944a30a94f65ba41b44040cb1449c541ec43accc615b1a3ac722f5afe done
#32 naming to docker.io/library/review-acceptance-migrate:latest done
#32 unpacking to docker.io/library/review-acceptance-migrate:latest done
#32 DONE 0.1s

#33 [api] exporting to image
#33 exporting layers done
#33 exporting manifest sha256:2de230375039db153e900e604280f082ec888757dcc33c177a41d26aec07aecb done
#33 exporting config sha256:c9d476afe700063e6f48784a15c1a25ede9f0ff35e57cd3d4545912da2d47402 done
#33 exporting attestation manifest sha256:5a182cad96daa3d2b4251a8ba8ed84664f3641ee9ec27bd938b57d2d3149d6db 0.0s done
#33 exporting manifest list sha256:32f63c53e0bd1a408529bf58584ee2b31a3a531ec5f4e084967095602180b067 done
#33 naming to docker.io/library/review-acceptance-api:latest done
#33 unpacking to docker.io/library/review-acceptance-api:latest done
#33 DONE 0.1s

#34 [web] resolving provenance for metadata file
#34 DONE 0.0s

#35 [api] resolving provenance for metadata file
#35 DONE 0.0s

#36 [migrate] resolving provenance for metadata file
#36 DONE 0.0s
 Image review-acceptance-api Built 
 Image review-acceptance-web Built 
 Image review-acceptance-migrate Built 
 Network review-acceptance_default Creating 
 Network review-acceptance_default Creating 
 Volume review-acceptance_pgdata Creating 
 Volume review-acceptance_pgdata Creating 
 Volume review-acceptance_pgdata Created 
 Volume review-acceptance_pgdata Created 
 Network review-acceptance_default Created 
 Network review-acceptance_default Created 
 Container review-acceptance-db-1 Creating 
 Container review-acceptance-db-1 Created 
 Container review-acceptance-migrate-1 Creating 
 Container review-acceptance-migrate-1 Created 
 Container review-acceptance-api-1 Creating 
 Container review-acceptance-api-1 Created 
 Container review-acceptance-web-1 Creating 
 Container review-acceptance-web-1 Created 
 Container review-acceptance-db-1 Starting 
 Container review-acceptance-db-1 Started 
 Container review-acceptance-db-1 Waiting 
 Container review-acceptance-db-1 Healthy 
 Container review-acceptance-migrate-1 Starting 
 Container review-acceptance-migrate-1 Started 
 Container review-acceptance-migrate-1 Waiting 
 Container review-acceptance-migrate-1 Exited 
 Container review-acceptance-api-1 Starting 
 Container review-acceptance-api-1 Started 
 Container review-acceptance-api-1 Waiting 
 Container review-acceptance-api-1 Healthy 
 Container review-acceptance-web-1 Starting 
 Container review-acceptance-web-1 Started 
