 Image review-storyboard-web Building 
 Image review-storyboard-migrate Building 
 Image review-storyboard-api Building 
#1 [internal] load local bake definitions
#1 reading from stdin 1.64kB done
#1 DONE 0.0s

#2 [migrate internal] load build definition from Dockerfile
#2 transferring dockerfile: 4.39kB done
#2 DONE 0.0s

#3 [api] resolve image config for docker-image://docker.io/docker/dockerfile:1
#3 DONE 0.2s

#4 [web] docker-image://docker.io/docker/dockerfile:1@sha256:4edf897a3ffa55b89f906fc8cc78afdb3f1834cc9c7083565e611a8a7d5fe99e
#4 resolve docker.io/docker/dockerfile:1@sha256:4edf897a3ffa55b89f906fc8cc78afdb3f1834cc9c7083565e611a8a7d5fe99e 0.0s done
#4 CACHED

#5 [web internal] load metadata for docker.io/library/node:24.21-alpine
#5 DONE 0.2s

#6 [web internal] load metadata for docker.io/nginxinc/nginx-unprivileged:1.31-alpine
#6 DONE 0.1s

#7 [migrate internal] load .dockerignore
#7 transferring context: 135B done
#7 DONE 0.0s

#8 [migrate base 1/2] FROM docker.io/library/node:24.21-alpine@sha256:ebfe2f90462722a7a4de65e91990e97fe0d401c70e0e762c5b53302f905ec1c1
#8 resolve docker.io/library/node:24.21-alpine@sha256:ebfe2f90462722a7a4de65e91990e97fe0d401c70e0e762c5b53302f905ec1c1 0.0s done
#8 DONE 0.0s

#9 [web web 1/4] FROM docker.io/nginxinc/nginx-unprivileged:1.31-alpine@sha256:26b0bf6fbf07297983cb341998d79c831508787de26627dd2a112321b9c3a4af
#9 resolve docker.io/nginxinc/nginx-unprivileged:1.31-alpine@sha256:26b0bf6fbf07297983cb341998d79c831508787de26627dd2a112321b9c3a4af 0.0s done
#9 DONE 0.0s

#10 [api internal] load build context
#10 transferring context: 3.91MB 0.1s done
#10 transferring context: 3.91MB 0.1s done
#10 DONE 0.1s

#11 [web web 2/4] RUN apk upgrade --no-cache pcre2   && apk list -I pcre2 | grep -Eq '^pcre2-10\.(49|[5-9][0-9])-'
#11 CACHED

#12 [web web 3/4] COPY apps/web/nginx.conf /etc/nginx/conf.d/default.conf
#12 CACHED

#13 [web build-web 1/1] RUN npm run build -w @foci/web
#13 CACHED

#14 [web web 4/4] COPY --from=build-web /repo/apps/web/dist /usr/share/nginx/html
#14 CACHED

#15 [migrate manifests 5/5] COPY apps/web/package.json apps/web/
#15 CACHED

#16 [migrate api 5/9] COPY --from=build-api --chown=node:node /repo/packages/shared/dist packages/shared/dist
#16 CACHED

#17 [migrate api 3/9] COPY --from=api-prod-deps --chown=node:node /repo/node_modules ./node_modules
#17 CACHED

#18 [migrate source 1/1] COPY . .
#18 CACHED

#19 [migrate api 4/9] COPY --chown=node:node packages/shared/package.json packages/shared/
#19 CACHED

#20 [migrate api 6/9] COPY --chown=node:node apps/api/package.json apps/api/
#20 CACHED

#21 [migrate base 2/2] WORKDIR /repo
#21 CACHED

#22 [migrate deps 1/1] RUN --mount=type=cache,target=/root/.npm npm ci --no-audit --no-fund
#22 CACHED

#23 [migrate manifests 1/5] COPY package.json package-lock.json ./
#23 CACHED

#24 [migrate api-prod-deps 1/1] RUN --mount=type=cache,target=/root/.npm     npm ci --omit=dev --no-audit --no-fund -w @foci/api -w @foci/shared
#24 CACHED

#25 [migrate manifests 3/5] COPY packages/diagrams/package.json packages/diagrams/
#25 CACHED

#26 [migrate build-api 1/1] RUN npm run build -w @foci/shared -w @foci/api
#26 CACHED

#27 [migrate api 8/9] COPY --chown=node:node apps/api/migrations apps/api/migrations
#27 CACHED

#28 [migrate manifests 2/5] COPY packages/shared/package.json packages/shared/
#28 CACHED

#29 [migrate api 7/9] COPY --from=build-api --chown=node:node /repo/apps/api/dist apps/api/dist
#29 CACHED

#30 [migrate manifests 4/5] COPY apps/api/package.json apps/api/
#30 CACHED

#31 [api api 9/9] RUN rm -rf     /usr/local/bin/npm /usr/local/bin/npx /usr/local/bin/corepack     /usr/local/bin/yarn /usr/local/bin/yarnpkg     /usr/local/lib/node_modules/npm /usr/local/lib/node_modules/corepack     /opt/yarn-v*   && ! command -v npm && ! command -v npx && ! command -v corepack   && ! command -v yarn && ! command -v yarnpkg
#31 CACHED

#32 [migrate] exporting to image
#32 exporting layers done
#32 exporting manifest sha256:ddd6822252db3d817a69bba4d2bb35bbd1a4ad7a678e12a8aab188f83737ee9f done
#32 exporting config sha256:f1972f54095e76c52d79eab5647d5b14df870c0385696af0af3a708df2fce7f1 done
#32 exporting attestation manifest sha256:bd41f871c530bb25db22ed83fe1d4fca9b17cf2287f14d4fb3008ad665e63a06 0.0s done
#32 exporting manifest list sha256:a15ce1ee64eed7b0b0bd272bbb964e98decc05a7036c133aa2e78e0ec40fa93a done
#32 naming to docker.io/library/review-storyboard-migrate:latest done
#32 unpacking to docker.io/library/review-storyboard-migrate:latest done
#32 DONE 0.1s

#33 [api] exporting to image
#33 exporting layers done
#33 exporting manifest sha256:e312b2a955fc0904ca2b8edb79fa0d922f17b333941946faa8472a8e51c9c59b done
#33 exporting config sha256:cccb72f69c379fe3498aee2e294f52aac2f688b47ee1d0a39e6e28fc238ab13e done
#33 exporting attestation manifest sha256:c5a6e220a411fc407d5984b7cb879f770362c3468c9fba11214411c968b6c8e9 0.0s done
#33 exporting manifest list sha256:d1818edb0839bb3e1228fec2d81d3d589291d2ecf3ef3c3fc2ba84cb6e497986 done
#33 naming to docker.io/library/review-storyboard-api:latest done
#33 unpacking to docker.io/library/review-storyboard-api:latest done
#33 DONE 0.1s

#34 [web] exporting to image
#34 exporting layers done
#34 exporting manifest sha256:01ca879d7d2d5181832e24f71ac3829868252c7fd1410dd0c929c4688b618253 done
#34 exporting config sha256:5691ef72a68776f7fb4d7e98769b2b42a35ad85c8c3c6b31ed0a6d88d9b107d7 done
#34 exporting attestation manifest sha256:972be8eaf5f30770305370b68280750805adc2db0c54a07601df79e5f16c7f12 0.0s done
#34 exporting manifest list sha256:f503483d45aea21d3c52a6ca1cc9e815277f1c9db9280da67b502fc409ee8752 done
#34 naming to docker.io/library/review-storyboard-web:latest done
#34 unpacking to docker.io/library/review-storyboard-web:latest done
#34 DONE 0.1s

#35 [web] resolving provenance for metadata file
#35 DONE 0.0s

#36 [api] resolving provenance for metadata file
#36 DONE 0.0s

#37 [migrate] resolving provenance for metadata file
#37 DONE 0.0s
 Image review-storyboard-migrate Built 
 Image review-storyboard-api Built 
 Image review-storyboard-web Built 
 Network review-storyboard_default Creating 
 Network review-storyboard_default Creating 
 Volume review-storyboard_pgdata Creating 
 Volume review-storyboard_pgdata Creating 
 Volume review-storyboard_pgdata Created 
 Volume review-storyboard_pgdata Created 
 Network review-storyboard_default Created 
 Network review-storyboard_default Created 
 Container review-storyboard-db-1 Creating 
 Container review-storyboard-db-1 Created 
 Container review-storyboard-migrate-1 Creating 
 Container review-storyboard-migrate-1 Created 
 Container review-storyboard-api-1 Creating 
 Container review-storyboard-api-1 Created 
 Container review-storyboard-web-1 Creating 
 Container review-storyboard-web-1 Created 
 Container review-storyboard-db-1 Starting 
 Container review-storyboard-db-1 Started 
 Container review-storyboard-db-1 Waiting 
 Container review-storyboard-db-1 Healthy 
 Container review-storyboard-migrate-1 Starting 
 Container review-storyboard-migrate-1 Started 
 Container review-storyboard-migrate-1 Waiting 
 Container review-storyboard-migrate-1 Exited 
 Container review-storyboard-api-1 Starting 
 Container review-storyboard-api-1 Started 
 Container review-storyboard-api-1 Waiting 
 Container review-storyboard-api-1 Healthy 
 Container review-storyboard-web-1 Starting 
 Container review-storyboard-web-1 Started 
