 Image review-e2e-web Building 
 Image review-e2e-migrate Building 
 Image review-e2e-api Building 
#1 [internal] load local bake definitions
#1 reading from stdin 1.65kB done
#1 DONE 0.0s

#2 [migrate internal] load build definition from Dockerfile
#2 transferring dockerfile: 3.67kB done
#2 DONE 0.0s

#3 [migrate] resolve image config for docker-image://docker.io/docker/dockerfile:1
#3 DONE 0.2s

#4 [migrate] docker-image://docker.io/docker/dockerfile:1@sha256:4edf897a3ffa55b89f906fc8cc78afdb3f1834cc9c7083565e611a8a7d5fe99e
#4 resolve docker.io/docker/dockerfile:1@sha256:4edf897a3ffa55b89f906fc8cc78afdb3f1834cc9c7083565e611a8a7d5fe99e 0.0s done
#4 CACHED

#5 [web internal] load metadata for docker.io/nginxinc/nginx-unprivileged:1.31-alpine
#5 DONE 0.1s

#6 [web internal] load metadata for docker.io/library/node:24.21-alpine
#6 DONE 0.2s

#7 [migrate internal] load .dockerignore
#7 transferring context: 135B done
#7 DONE 0.0s

#8 [api base 1/2] FROM docker.io/library/node:24.21-alpine@sha256:ebfe2f90462722a7a4de65e91990e97fe0d401c70e0e762c5b53302f905ec1c1
#8 resolve docker.io/library/node:24.21-alpine@sha256:ebfe2f90462722a7a4de65e91990e97fe0d401c70e0e762c5b53302f905ec1c1 done
#8 DONE 0.0s

#9 [web web 1/3] FROM docker.io/nginxinc/nginx-unprivileged:1.31-alpine@sha256:26b0bf6fbf07297983cb341998d79c831508787de26627dd2a112321b9c3a4af
#9 resolve docker.io/nginxinc/nginx-unprivileged:1.31-alpine@sha256:26b0bf6fbf07297983cb341998d79c831508787de26627dd2a112321b9c3a4af 0.0s done
#9 DONE 0.0s

#10 [api internal] load build context
#10 transferring context: 14.04kB 0.0s done
#10 DONE 0.0s

#11 [web source 1/1] COPY . .
#11 CACHED

#12 [web manifests 3/4] COPY apps/api/package.json apps/api/
#12 CACHED

#13 [web manifests 1/4] COPY package.json package-lock.json ./
#13 CACHED

#14 [web build-web 1/1] RUN BUILD_DATE="$(date -u +%Y-%m-%d)" npm run build -w @foci/web
#14 CACHED

#15 [web web 2/3] COPY apps/web/nginx.conf /etc/nginx/conf.d/default.conf
#15 CACHED

#16 [web manifests 4/4] COPY apps/web/package.json apps/web/
#16 CACHED

#17 [web deps 1/1] RUN --mount=type=cache,target=/root/.npm npm ci --no-audit --no-fund
#17 CACHED

#18 [web manifests 2/4] COPY packages/shared/package.json packages/shared/
#18 CACHED

#19 [web base 2/2] WORKDIR /repo
#19 CACHED

#20 [web web 3/3] COPY --from=build-web /repo/apps/web/dist /usr/share/nginx/html
#20 CACHED

#11 [migrate source 1/1] COPY . .
#11 CACHED

#16 [migrate manifests 4/4] COPY apps/web/package.json apps/web/
#16 CACHED

#21 [migrate api-prod-deps 1/1] RUN --mount=type=cache,target=/root/.npm     npm ci --omit=dev --no-audit --no-fund -w @foci/api -w @foci/shared
#21 CACHED

#22 [migrate api 8/9] COPY --chown=node:node apps/api/migrations apps/api/migrations
#22 CACHED

#13 [migrate manifests 1/4] COPY package.json package-lock.json ./
#13 CACHED

#17 [migrate deps 1/1] RUN --mount=type=cache,target=/root/.npm npm ci --no-audit --no-fund
#17 CACHED

#23 [migrate api 7/9] COPY --from=build-api --chown=node:node /repo/apps/api/dist apps/api/dist
#23 CACHED

#24 [migrate api 3/9] COPY --from=api-prod-deps --chown=node:node /repo/node_modules ./node_modules
#24 CACHED

#25 [migrate api 5/9] COPY --from=build-api --chown=node:node /repo/packages/shared/dist packages/shared/dist
#25 CACHED

#18 [migrate manifests 2/4] COPY packages/shared/package.json packages/shared/
#18 CACHED

#26 [migrate api 4/9] COPY --chown=node:node packages/shared/package.json packages/shared/
#26 CACHED

#27 [migrate build-api 1/1] RUN npm run build -w @foci/shared -w @foci/api
#27 CACHED

#28 [migrate api 6/9] COPY --chown=node:node apps/api/package.json apps/api/
#28 CACHED

#19 [migrate base 2/2] WORKDIR /repo
#19 CACHED

#12 [migrate manifests 3/4] COPY apps/api/package.json apps/api/
#12 CACHED

#29 [api api 9/9] RUN rm -rf     /usr/local/bin/npm /usr/local/bin/npx /usr/local/bin/corepack     /usr/local/bin/yarn /usr/local/bin/yarnpkg     /usr/local/lib/node_modules/npm /usr/local/lib/node_modules/corepack     /opt/yarn-v*   && ! command -v npm && ! command -v npx && ! command -v corepack   && ! command -v yarn && ! command -v yarnpkg
#29 CACHED

#30 [web] exporting to image
#30 exporting layers done
#30 exporting manifest sha256:5e3468ca01b7ab3323247638f17e45371ede6c424edd07b69d0e16918176b966 0.0s done
#30 exporting config sha256:d849373472332276b85eafb61659ad75ecf5b424cc1e281b4fdde1d0af1b26ab 0.0s done
#30 exporting attestation manifest sha256:e322d5931f17a845371791a2650d95a8d9d631cda18a9932e2f1c09a6fb0ebb0 0.0s done
#30 exporting manifest list sha256:89640418b957d43c36a2308015f033f30fe2044c0959dc2d01898cdc87aec734 done
#30 naming to docker.io/library/review-e2e-web:latest 0.0s done
#30 unpacking to docker.io/library/review-e2e-web:latest
#30 unpacking to docker.io/library/review-e2e-web:latest 0.0s done
#30 DONE 0.1s

#31 [migrate] exporting to image
#31 exporting layers done
#31 exporting manifest sha256:25eca8976b979de8f2e3df599315f935085e09a83edcc127ff12ded413e9d1b8 0.0s done
#31 exporting config sha256:7efc4718d87adf797227c08dbe03714ccc973ac74d092df859d78e80271d3685 0.0s done
#31 exporting attestation manifest sha256:20e69357f83ed25d48e6bb5afd09e232e385a49884d15f8c9b72e7d9ca8ec14d 0.0s done
#31 exporting manifest list sha256:d6283249ab92d753abc182a12628692d0e3963302bee4cefda65ea71b601a5ef 0.0s done
#31 naming to docker.io/library/review-e2e-migrate:latest done
#31 unpacking to docker.io/library/review-e2e-migrate:latest done
#31 DONE 0.1s

#32 [api] exporting to image
#32 exporting layers done
#32 exporting manifest sha256:b39256031a5c14de0ee31ba592c21eac99aa3ea5e24727c268a1e872a12f0405 0.0s done
#32 exporting config sha256:0cdebc3a26bd017cb83ea2169373aedf87dfc63b139a95ef81672e595230ba86 done
#32 exporting attestation manifest sha256:7bae10b4e9d9bf64c347039e705c639d931db50fd11dd530f270280bddc13cfc 0.0s done
#32 exporting manifest list sha256:7a4881da8182462b471d76afdf3ca649b8dc985d3413316253b5c8dbb436f1d8 0.0s done
#32 naming to docker.io/library/review-e2e-api:latest done
#32 unpacking to docker.io/library/review-e2e-api:latest 0.0s done
#32 DONE 0.1s

#33 [api] resolving provenance for metadata file
#33 DONE 0.0s

#34 [migrate] resolving provenance for metadata file
#34 DONE 0.0s

#35 [web] resolving provenance for metadata file
#35 DONE 0.0s
 Image review-e2e-api Built 
 Image review-e2e-migrate Built 
 Image review-e2e-web Built 
 Network review-e2e_default Creating 
 Network review-e2e_default Creating 
 Volume review-e2e_pgdata Creating 
 Volume review-e2e_pgdata Creating 
 Volume review-e2e_pgdata Created 
 Volume review-e2e_pgdata Created 
 Network review-e2e_default Created 
 Network review-e2e_default Created 
 Container review-e2e-db-1 Creating 
 Container review-e2e-db-1 Created 
 Container review-e2e-migrate-1 Creating 
 Container review-e2e-migrate-1 Created 
 Container review-e2e-api-1 Creating 
 Container review-e2e-api-1 Created 
 Container review-e2e-web-1 Creating 
 Container review-e2e-web-1 Created 
 Container review-e2e-db-1 Starting 
 Container review-e2e-db-1 Started 
 Container review-e2e-db-1 Waiting 
 Container review-e2e-db-1 Healthy 
 Container review-e2e-migrate-1 Starting 
 Container review-e2e-migrate-1 Started 
 Container review-e2e-migrate-1 Waiting 
 Container review-e2e-migrate-1 Exited 
 Container review-e2e-api-1 Starting 
 Container review-e2e-api-1 Started 
 Container review-e2e-api-1 Waiting 
 Container review-e2e-api-1 Healthy 
 Container review-e2e-web-1 Starting 
 Container review-e2e-web-1 Started 
 Image review-e2e-e2e Building 
#1 [internal] load local bake definitions
#1 reading from stdin 2.07kB done
#1 DONE 0.0s

#2 [internal] load build definition from Dockerfile
#2 transferring dockerfile: 3.67kB done
#2 DONE 0.0s

#3 resolve image config for docker-image://docker.io/docker/dockerfile:1
#3 DONE 0.1s

#4 docker-image://docker.io/docker/dockerfile:1@sha256:4edf897a3ffa55b89f906fc8cc78afdb3f1834cc9c7083565e611a8a7d5fe99e
#4 resolve docker.io/docker/dockerfile:1@sha256:4edf897a3ffa55b89f906fc8cc78afdb3f1834cc9c7083565e611a8a7d5fe99e done
#4 CACHED

#5 [internal] load metadata for mcr.microsoft.com/playwright:v1.63.0-noble
#5 DONE 0.1s

#6 [internal] load .dockerignore
#6 transferring context: 135B done
#6 DONE 0.0s

#7 [internal] load build context
#7 transferring context: 212B done
#7 DONE 0.0s

#8 [e2e 1/4] FROM mcr.microsoft.com/playwright:v1.63.0-noble@sha256:eff16c30e6f3f4af0a03fa4b706120d5e9b0891c344a27d64559aff5900a4a27
#8 resolve mcr.microsoft.com/playwright:v1.63.0-noble@sha256:eff16c30e6f3f4af0a03fa4b706120d5e9b0891c344a27d64559aff5900a4a27 done
#8 DONE 0.0s

#9 [e2e 3/4] RUN npm init -y >/dev/null   && npm install --no-audit --no-fund --save-exact @playwright/test@1.63.0
#9 CACHED

#10 [e2e 2/4] WORKDIR /e2e
#10 CACHED

#11 [e2e 4/4] COPY e2e/ ./
#11 CACHED

#12 exporting to image
#12 exporting layers done
#12 exporting manifest sha256:1f113ae1b48713132681c3eb3b80ecaa8630fd6a6274f404ae85007e20e5d788 done
#12 exporting config sha256:600b59de9f0bc7b9828d787d4ff2a6ce7d01883b98626f91812ecdb6c110fbe4 done
#12 exporting attestation manifest sha256:406fdfcc8440d92ca4dd813004897003d73636389382c929ff503cd4694093a9 done
#12 exporting manifest list sha256:01b066c7e702345a41309a7b755e2180ac5a8925ea34d257ec2e90a5918e73a1 done
#12 naming to docker.io/library/review-e2e-e2e:latest done
#12 unpacking to docker.io/library/review-e2e-e2e:latest done
#12 DONE 0.0s

#13 resolving provenance for metadata file
#13 DONE 0.0s
 Image review-e2e-e2e Built 
 Container review-e2e-web-1 Waiting 
 Container review-e2e-web-1 Healthy 
 Container review-e2e-e2e-run-9b89f1e4205c Creating 
 Container review-e2e-e2e-run-9b89f1e4205c Created 

Running 9 tests using 2 workers

  ✓  1 [chromium] › api.spec.ts:5:7 › API through the nginx proxy › passes problem details through unchanged (38ms)
  ✓  3 [chromium] › api.spec.ts:15:7 › API through the nginx proxy › passes ETag, If-Match and Location headers (35ms)
  ✓  4 [chromium] › api.spec.ts:27:7 › API through the nginx proxy › passes the Idempotency-Key header (replay) (27ms)
  ✓  5 [chromium] › api.spec.ts:42:7 › API through the nginx proxy › serves the API explorer and deep links (15ms)
  ✓  2 [chromium] › todos.spec.ts:4:5 › create, view, edit, complete, filter and delete a task (767ms)
  ✓  6 [chromium] › todos.spec.ts:42:5 › an empty title is rejected before anything is created (254ms)
  ✓  7 [chromium] › todos.spec.ts:51:5 › a concurrent edit shows a conflict notice and keeps my edits (447ms)
  ✓  8 [chromium] › todos.spec.ts:78:5 › tasks persist across a reload (323ms)
  ✓  9 [chromium] › todos.spec.ts:90:5 › the developer portal renders the docs with diagrams (1.1s)

  9 passed (3.7s)
