 Image review-verify-migrate Building 
 Image review-verify-web Building 
 Image review-verify-api Building 
#1 [internal] load local bake definitions
#1 reading from stdin 1.69kB done
#1 DONE 0.0s

#2 [api internal] load build definition from Dockerfile
#2 transferring dockerfile: 4.26kB done
#2 DONE 0.0s

#3 [api] resolve image config for docker-image://docker.io/docker/dockerfile:1
#3 DONE 0.2s

#4 [web] docker-image://docker.io/docker/dockerfile:1@sha256:4edf897a3ffa55b89f906fc8cc78afdb3f1834cc9c7083565e611a8a7d5fe99e
#4 resolve docker.io/docker/dockerfile:1@sha256:4edf897a3ffa55b89f906fc8cc78afdb3f1834cc9c7083565e611a8a7d5fe99e done
#4 CACHED

#5 [web internal] load metadata for docker.io/library/node:24.21-alpine
#5 DONE 0.2s

#6 [web internal] load metadata for docker.io/nginxinc/nginx-unprivileged:1.31-alpine
#6 DONE 0.2s

#7 [web internal] load .dockerignore
#7 transferring context: 135B done
#7 DONE 0.0s

#8 [web base 1/2] FROM docker.io/library/node:24.21-alpine@sha256:ebfe2f90462722a7a4de65e91990e97fe0d401c70e0e762c5b53302f905ec1c1
#8 resolve docker.io/library/node:24.21-alpine@sha256:ebfe2f90462722a7a4de65e91990e97fe0d401c70e0e762c5b53302f905ec1c1 0.0s done
#8 DONE 0.0s

#9 [web base 2/2] WORKDIR /repo
#9 CACHED

#10 [web internal] load build context
#10 transferring context: 1.99MB 0.1s done
#10 DONE 0.1s

#11 [web web 1/4] FROM docker.io/nginxinc/nginx-unprivileged:1.31-alpine@sha256:26b0bf6fbf07297983cb341998d79c831508787de26627dd2a112321b9c3a4af
#11 resolve docker.io/nginxinc/nginx-unprivileged:1.31-alpine@sha256:26b0bf6fbf07297983cb341998d79c831508787de26627dd2a112321b9c3a4af 0.0s done
#11 CACHED

#12 [web manifests 1/5] COPY package.json package-lock.json ./
#12 DONE 0.0s

#13 [migrate manifests 2/5] COPY packages/shared/package.json packages/shared/
#13 DONE 0.0s

#14 [api manifests 3/5] COPY packages/diagrams/package.json packages/diagrams/
#14 DONE 0.0s

#15 [api manifests 4/5] COPY apps/api/package.json apps/api/
#15 DONE 0.0s

#16 [api manifests 5/5] COPY apps/web/package.json apps/web/
#16 DONE 0.0s

#17 [web deps 1/1] RUN --mount=type=cache,target=/root/.npm npm ci --no-audit --no-fund
#17 ...

#18 [web web 2/4] RUN apk upgrade --no-cache pcre2   && apk list -I pcre2 | grep -Eq '^pcre2-10\.(49|[5-9][0-9])-'
#18 0.656 (1/1) Upgrading pcre2 (10.48-r0 -> 10.49-r0)
#18 0.709 OK: 51.8 MiB in 70 packages
#18 DONE 0.8s

#19 [web web 3/4] COPY apps/web/nginx.conf /etc/nginx/conf.d/default.conf
#19 DONE 0.0s

#20 [api api-prod-deps 1/1] RUN --mount=type=cache,target=/root/.npm     npm ci --omit=dev --no-audit --no-fund -w @foci/api -w @foci/shared
#20 2.925 
#20 2.925 added 127 packages in 3s
#20 2.927 npm warn install-scripts 1 package has install scripts not yet covered by allowScripts:
#20 2.927 npm warn install-scripts   @scarf/scarf@1.4.0 (postinstall: node ./report.js)
#20 2.927 npm warn install-scripts
#20 2.927 npm warn install-scripts Run `npm install-scripts ls` to review, or `npm install-scripts approve <pkg>` to allow.
#20 2.928 npm notice
#20 2.928 npm notice New major version of npm available! 11.19.0 -> 12.2.0
#20 2.928 npm notice Changelog: https://github.com/npm/cli/releases/tag/v12.2.0
#20 2.928 npm notice To update run: npm install -g npm@12.2.0
#20 2.928 npm notice
#20 DONE 3.2s

#17 [web deps 1/1] RUN --mount=type=cache,target=/root/.npm npm ci --no-audit --no-fund
#17 ...

#21 [api api 3/9] COPY --from=api-prod-deps --chown=node:node /repo/node_modules ./node_modules
#21 DONE 0.5s

#22 [migrate api 4/9] COPY --chown=node:node packages/shared/package.json packages/shared/
#22 DONE 0.1s

#17 [web deps 1/1] RUN --mount=type=cache,target=/root/.npm npm ci --no-audit --no-fund
#17 5.577 
#17 5.577 added 435 packages in 5s
#17 5.579 npm warn install-scripts 2 packages have install scripts not yet covered by allowScripts:
#17 5.579 npm warn install-scripts   @scarf/scarf@1.4.0 (postinstall: node ./report.js)
#17 5.579 npm warn install-scripts   unrs-resolver@1.12.2 (postinstall: node postinstall.js)
#17 5.579 npm warn install-scripts
#17 5.579 npm warn install-scripts Run `npm install-scripts ls` to review, or `npm install-scripts approve <pkg>` to allow.
#17 5.581 npm notice
#17 5.581 npm notice New major version of npm available! 11.19.0 -> 12.2.0
#17 5.581 npm notice Changelog: https://github.com/npm/cli/releases/tag/v12.2.0
#17 5.581 npm notice To update run: npm install -g npm@12.2.0
#17 5.581 npm notice
#17 DONE 5.8s

#23 [api source 1/1] COPY . .
#23 DONE 0.1s

#24 [migrate build-api 1/1] RUN npm run build -w @foci/shared -w @foci/api
#24 0.407 
#24 0.407 > @foci/shared@1.0.0 build
#24 0.407 > tsc -p tsconfig.build.json
#24 0.407 
#24 ...

#25 [web build-web 1/1] RUN npm run build -w @foci/web
#25 0.408 
#25 0.408 > @foci/web@1.0.0 build
#25 0.408 > vite build
#25 0.408 
#25 0.634 vite v8.3.2 building client environment for production...
#25 0.647 transforming...
#25 0.779 ✓ 240 modules transformed.
#25 0.842 rendering chunks...
#25 0.886 computing gzip size...
#25 0.891 dist/index.html                   0.39 kB │ gzip:   0.26 kB
#25 0.891 dist/assets/index-C9oxDQ5v.css    2.93 kB │ gzip:   0.98 kB
#25 0.891 dist/assets/index-Dhb3rBmD.js   390.51 kB │ gzip: 119.23 kB
#25 0.891 
#25 0.894 ✓ built in 258ms
#25 0.918 npm notice
#25 0.918 npm notice New major version of npm available! 11.19.0 -> 12.2.0
#25 0.918 npm notice Changelog: https://github.com/npm/cli/releases/tag/v12.2.0
#25 0.918 npm notice To update run: npm install -g npm@12.2.0
#25 0.918 npm notice
#25 DONE 1.0s

#26 [web web 4/4] COPY --from=build-web /repo/apps/web/dist /usr/share/nginx/html
#26 DONE 0.0s

#27 [web] exporting to image
#27 exporting layers 0.1s done
#27 exporting manifest sha256:91d592379287e9e7c0c765448a7c7c38512b718f3e50ebba24f95c05cff8b0f4 done
#27 exporting config sha256:129fe9190461686fe3d2a058c4c2b4b4ac80c8e9825b219c9f8235f2d84ae585 done
#27 exporting attestation manifest sha256:07e2835ccdf34aa448cb652d7398bce653fb8ae464991b285bf9a7d6b657cea7 0.0s done
#27 exporting manifest list sha256:371b73b2bef7bf18eacad5895959763d07b43c71b9c25e55205f6943b63deb06
#27 exporting manifest list sha256:371b73b2bef7bf18eacad5895959763d07b43c71b9c25e55205f6943b63deb06 done
#27 naming to docker.io/library/review-verify-web:latest done
#27 unpacking to docker.io/library/review-verify-web:latest 0.0s done
#27 DONE 0.2s

#28 [web] resolving provenance for metadata file
#28 DONE 0.0s

#24 [migrate build-api 1/1] RUN npm run build -w @foci/shared -w @foci/api
#24 1.186 
#24 1.186 > @foci/api@1.0.0 build
#24 1.186 > tsc -p tsconfig.build.json
#24 1.186 
#24 2.535 npm notice
#24 2.535 npm notice New major version of npm available! 11.19.0 -> 12.2.0
#24 2.535 npm notice Changelog: https://github.com/npm/cli/releases/tag/v12.2.0
#24 2.535 npm notice To update run: npm install -g npm@12.2.0
#24 2.535 npm notice
#24 DONE 2.6s

#29 [migrate api 5/9] COPY --from=build-api --chown=node:node /repo/packages/shared/dist packages/shared/dist
#29 DONE 0.0s

#30 [api api 6/9] COPY --chown=node:node apps/api/package.json apps/api/
#30 DONE 0.0s

#31 [api api 7/9] COPY --from=build-api --chown=node:node /repo/apps/api/dist apps/api/dist
#31 DONE 0.0s

#32 [migrate api 8/9] COPY --chown=node:node apps/api/migrations apps/api/migrations
#32 DONE 0.0s

#33 [api api 9/9] RUN rm -rf     /usr/local/bin/npm /usr/local/bin/npx /usr/local/bin/corepack     /usr/local/bin/yarn /usr/local/bin/yarnpkg     /usr/local/lib/node_modules/npm /usr/local/lib/node_modules/corepack     /opt/yarn-v*   && ! command -v npm && ! command -v npx && ! command -v corepack   && ! command -v yarn && ! command -v yarnpkg
#33 DONE 0.4s

#34 [migrate] exporting to image
#34 exporting layers 1.0s done
#34 exporting manifest sha256:13aedb7223b1947ade8c0da4b143baf6440adffe0b680ee9948ff159f216b476 0.0s done
#34 exporting config sha256:6d5dabbafc578ff83da380498e6f2f8ea322158e3705ce03586b00a1d1fe5b97 done
#34 exporting attestation manifest sha256:b8db516189fd0ff913bf8e647dff99b5283a591b838abdde6da3cb7ca24a0e61 0.0s done
#34 exporting manifest list sha256:3e5065a2d8bbbb89ba9059367048558fdc593ba02a76af157b1fb50d4cd152c3 done
#34 naming to docker.io/library/review-verify-migrate:latest done
#34 unpacking to docker.io/library/review-verify-migrate:latest
#34 unpacking to docker.io/library/review-verify-migrate:latest 0.4s done
#34 DONE 1.4s

#35 [api] exporting to image
#35 exporting layers 1.0s done
#35 exporting manifest sha256:fff2417c8ae9303ec6bf8edb3d3793cf37b153e1019a25a9b2d9529ffe0034ac 0.0s done
#35 exporting config sha256:9fb240e1db054516f4574d479a9915ba23b1cb18f048075199fc1932734eebd1 done
#35 exporting attestation manifest sha256:37dd8092e72a6782aecccc2ee70c27e39afd47694e647dcdc220b2006b465e62 0.0s done
#35 exporting manifest list sha256:0ad86d471e9d303c7ce022112bdabf009b830cf93dd507b4713ee2599f6777bf done
#35 naming to docker.io/library/review-verify-api:latest done
#35 unpacking to docker.io/library/review-verify-api:latest 0.4s done
#35 DONE 1.4s

#36 [migrate] resolving provenance for metadata file
#36 DONE 0.0s

#37 [api] resolving provenance for metadata file
#37 DONE 0.0s
 Image review-verify-migrate Built 
 Image review-verify-web Built 
 Image review-verify-api Built 
