 Image review-e2e-web Building 
 Image review-e2e-api Building 
 Image review-e2e-migrate Building 
#1 [internal] load local bake definitions
#1 reading from stdin 1.53kB done
#1 DONE 0.0s

#2 [api internal] load build definition from Dockerfile
#2 transferring dockerfile: 4.26kB done
#2 DONE 0.0s

#3 [web] resolve image config for docker-image://docker.io/docker/dockerfile:1
#3 DONE 0.2s

#4 [web] docker-image://docker.io/docker/dockerfile:1@sha256:4edf897a3ffa55b89f906fc8cc78afdb3f1834cc9c7083565e611a8a7d5fe99e
#4 resolve docker.io/docker/dockerfile:1@sha256:4edf897a3ffa55b89f906fc8cc78afdb3f1834cc9c7083565e611a8a7d5fe99e done
#4 CACHED

#5 [api internal] load metadata for docker.io/library/node:24.21-alpine
#5 DONE 0.2s

#6 [web internal] load metadata for docker.io/nginxinc/nginx-unprivileged:1.31-alpine
#6 DONE 0.2s

#7 [web internal] load .dockerignore
#7 transferring context: 135B done
#7 DONE 0.0s

#8 [migrate base 1/2] FROM docker.io/library/node:24.21-alpine@sha256:ebfe2f90462722a7a4de65e91990e97fe0d401c70e0e762c5b53302f905ec1c1
#8 resolve docker.io/library/node:24.21-alpine@sha256:ebfe2f90462722a7a4de65e91990e97fe0d401c70e0e762c5b53302f905ec1c1 done
#8 DONE 0.0s

#9 [web web 1/4] FROM docker.io/nginxinc/nginx-unprivileged:1.31-alpine@sha256:26b0bf6fbf07297983cb341998d79c831508787de26627dd2a112321b9c3a4af
#9 resolve docker.io/nginxinc/nginx-unprivileged:1.31-alpine@sha256:26b0bf6fbf07297983cb341998d79c831508787de26627dd2a112321b9c3a4af 0.0s done
#9 DONE 0.0s

#10 [migrate internal] load build context
#10 transferring context: 18.14kB 0.1s done
#10 transferring context: 18.14kB 0.1s done
#10 DONE 0.1s

#11 [web web 3/4] COPY apps/web/nginx.conf /etc/nginx/conf.d/default.conf
#11 CACHED

#12 [web web 2/4] RUN apk upgrade --no-cache pcre2   && apk list -I pcre2 | grep -Eq '^pcre2-10\.(49|[5-9][0-9])-'
#12 CACHED

#13 [web build-web 1/1] RUN npm run build -w @foci/web
#13 CACHED

#14 [web web 4/4] COPY --from=build-web /repo/apps/web/dist /usr/share/nginx/html
#14 CACHED

#15 [api api 7/9] COPY --from=build-api --chown=node:node /repo/apps/api/dist apps/api/dist
#15 CACHED

#16 [api build-api 1/1] RUN npm run build -w @foci/shared -w @foci/api
#16 CACHED

#17 [api api 4/9] COPY --chown=node:node packages/shared/package.json packages/shared/
#17 CACHED

#18 [api manifests 3/5] COPY packages/diagrams/package.json packages/diagrams/
#18 CACHED

#19 [api manifests 1/5] COPY package.json package-lock.json ./
#19 CACHED

#20 [api api 5/9] COPY --from=build-api --chown=node:node /repo/packages/shared/dist packages/shared/dist
#20 CACHED

#21 [api base 2/2] WORKDIR /repo
#21 CACHED

#22 [api manifests 2/5] COPY packages/shared/package.json packages/shared/
#22 CACHED

#23 [api api 3/9] COPY --from=api-prod-deps --chown=node:node /repo/node_modules ./node_modules
#23 CACHED

#24 [api api-prod-deps 1/1] RUN --mount=type=cache,target=/root/.npm     npm ci --omit=dev --no-audit --no-fund -w @foci/api -w @foci/shared
#24 CACHED

#25 [api api 8/9] COPY --chown=node:node apps/api/migrations apps/api/migrations
#25 CACHED

#26 [api manifests 4/5] COPY apps/api/package.json apps/api/
#26 CACHED

#27 [api manifests 5/5] COPY apps/web/package.json apps/web/
#27 CACHED

#28 [api deps 1/1] RUN --mount=type=cache,target=/root/.npm npm ci --no-audit --no-fund
#28 CACHED

#29 [api source 1/1] COPY . .
#29 CACHED

#30 [api api 6/9] COPY --chown=node:node apps/api/package.json apps/api/
#30 CACHED

#31 [api api 9/9] RUN rm -rf     /usr/local/bin/npm /usr/local/bin/npx /usr/local/bin/corepack     /usr/local/bin/yarn /usr/local/bin/yarnpkg     /usr/local/lib/node_modules/npm /usr/local/lib/node_modules/corepack     /opt/yarn-v*   && ! command -v npm && ! command -v npx && ! command -v corepack   && ! command -v yarn && ! command -v yarnpkg
#31 CACHED

#32 [web] exporting to image
#32 exporting layers done
#32 exporting manifest sha256:a679ffb8b63d5a44e2d38ba3123f7d6e091ab11ca4496163dfecc25053eaced2 done
#32 exporting config sha256:7dd8b8495936e87ab8d0987398af6ac4fedb52f359665ee70049de5f40f958cc done
#32 exporting attestation manifest sha256:fa5fa573610792d1e522faa0abea6a43355647d9583b37316a1bae685e92d6e9 0.0s done
#32 exporting manifest list sha256:419e113799f9384a3986eca8e407dd415721501484fb617e12a0270ff255b716 done
#32 naming to docker.io/library/review-e2e-web:latest done
#32 unpacking to docker.io/library/review-e2e-web:latest
#32 unpacking to docker.io/library/review-e2e-web:latest 0.0s done
#32 DONE 0.1s

#33 [api] exporting to image
#33 exporting layers done
#33 exporting manifest sha256:7717320521fd63c4908ff970e27743dae8c6d94349316ca7737d9455ed9b2837 done
#33 exporting config sha256:3773381180481cc676b39cf18a08f2c2afc40aa630d54cfdfb04e4399ffa0191 done
#33 exporting attestation manifest sha256:3220a1a63482a065e16207e935cfdc8aa3aadb5bfe12233e18d0a1cb5a8ed40d 0.0s done
#33 exporting manifest list sha256:ba8c285a9f3fd156f015bca1cc877df0de651f599a7852d58f3b82c4f7be5f1e done
#33 naming to docker.io/library/review-e2e-api:latest done
#33 unpacking to docker.io/library/review-e2e-api:latest done
#33 DONE 0.1s

#34 [migrate] exporting to image
#34 exporting layers done
#34 exporting manifest sha256:89d0d3e5ec4fe61ed2fba26e7a36b1a903e8a8f403f8e76e255565b27bf6b3f1 done
#34 exporting config sha256:164119d88e949296d5e6a01cf527747222dcca4ed3c28cc65acc477c1762edbe done
#34 exporting attestation manifest sha256:d055673185bd1352c565f032a246736c3ce88a626769e6c9c99454cfcc82fa38 0.0s done
#34 exporting manifest list sha256:6d6a877688fbf107876dcf58ff821dec161f6abc9e768d21a8f51194cf501614 done
#34 naming to docker.io/library/review-e2e-migrate:latest done
#34 unpacking to docker.io/library/review-e2e-migrate:latest done
#34 DONE 0.1s

#35 [api] resolving provenance for metadata file
#35 DONE 0.0s

#36 [migrate] resolving provenance for metadata file
#36 DONE 0.0s

#37 [web] resolving provenance for metadata file
#37 DONE 0.0s
 Image review-e2e-migrate Built 
 Image review-e2e-web Built 
 Image review-e2e-api Built 
 Network review-e2e_default Creating 
 Network review-e2e_default Creating 
 Volume review-e2e_pgdata Creating 
 Volume review-e2e_pgdata Creating 
 Volume review-e2e_pgdata Created 
 Volume review-e2e_pgdata Created 
 Network review-e2e_default Created 
 Network review-e2e_default Created 
 Container review-e2e-db-1 Creating 
 Container review-e2e-db-1 Created 
 Container review-e2e-migrate-1 Creating 
 Container review-e2e-migrate-1 Created 
 Container review-e2e-api-1 Creating 
 Container review-e2e-api-1 Created 
 Container review-e2e-web-1 Creating 
 Container review-e2e-web-1 Created 
 Container review-e2e-db-1 Starting 
 Container review-e2e-db-1 Started 
 Container review-e2e-db-1 Waiting 
 Container review-e2e-db-1 Healthy 
 Container review-e2e-migrate-1 Starting 
 Container review-e2e-migrate-1 Started 
 Container review-e2e-migrate-1 Waiting 
 Container review-e2e-migrate-1 Exited 
 Container review-e2e-api-1 Starting 
 Container review-e2e-api-1 Started 
 Container review-e2e-api-1 Waiting 
 Container review-e2e-api-1 Healthy 
 Container review-e2e-web-1 Starting 
 Container review-e2e-web-1 Started 
 Image review-e2e-e2e Building 
#1 [internal] load local bake definitions
#1 reading from stdin 1.96kB done
#1 DONE 0.0s

#2 [internal] load build definition from Dockerfile
#2 transferring dockerfile: 4.26kB done
#2 DONE 0.0s

#3 resolve image config for docker-image://docker.io/docker/dockerfile:1
#3 DONE 0.1s

#4 docker-image://docker.io/docker/dockerfile:1@sha256:4edf897a3ffa55b89f906fc8cc78afdb3f1834cc9c7083565e611a8a7d5fe99e
#4 resolve docker.io/docker/dockerfile:1@sha256:4edf897a3ffa55b89f906fc8cc78afdb3f1834cc9c7083565e611a8a7d5fe99e done
#4 CACHED

#5 [internal] load metadata for mcr.microsoft.com/playwright:v1.63.0-noble
#5 DONE 0.1s

#6 [internal] load .dockerignore
#6 transferring context: 135B done
#6 DONE 0.0s

#7 [internal] load build context
#7 transferring context: 212B done
#7 DONE 0.0s

#8 [e2e 1/4] FROM mcr.microsoft.com/playwright:v1.63.0-noble@sha256:eff16c30e6f3f4af0a03fa4b706120d5e9b0891c344a27d64559aff5900a4a27
#8 resolve mcr.microsoft.com/playwright:v1.63.0-noble@sha256:eff16c30e6f3f4af0a03fa4b706120d5e9b0891c344a27d64559aff5900a4a27 0.0s done
#8 DONE 0.0s

#9 [e2e 2/4] WORKDIR /e2e
#9 CACHED

#10 [e2e 3/4] RUN npm init -y >/dev/null   && npm install --no-audit --no-fund --save-exact @playwright/test@1.63.0
#10 CACHED

#11 [e2e 4/4] COPY e2e/ ./
#11 CACHED

#12 exporting to image
#12 exporting layers done
#12 exporting manifest sha256:4655982fe9616c5a3b10810f1eaae81015fe869c4bd72c870200084dc981fb06 done
#12 exporting config sha256:a851612b094d2c2dd4fd7d28964354f5d656ae4cce90e2f2ebf3add29045256d done
#12 exporting attestation manifest sha256:9df21fe07b97e245bc3cec807706fb95051e4e462828c3e30deeaae8e2c0b617 done
#12 exporting manifest list sha256:dc670dfbe7c1e8821a573d6383b73a386dcb2e4fbec1a28ef56fd5f181da5ee2 done
#12 naming to docker.io/library/review-e2e-e2e:latest done
#12 unpacking to docker.io/library/review-e2e-e2e:latest done
#12 DONE 0.0s

#13 resolving provenance for metadata file
#13 DONE 0.0s
 Image review-e2e-e2e Built 
 Container review-e2e-web-1 Waiting 
 Container review-e2e-web-1 Healthy 
 Container review-e2e-e2e-run-870ae8c14127 Creating 
 Container review-e2e-e2e-run-870ae8c14127 Created 

Running 8 tests using 2 workers

  ✓  2 [chromium] › api.spec.ts:5:7 › API through the nginx proxy › passes problem details through unchanged (34ms)
  ✓  3 [chromium] › api.spec.ts:15:7 › API through the nginx proxy › passes ETag, If-Match and Location headers (27ms)
  ✓  4 [chromium] › api.spec.ts:27:7 › API through the nginx proxy › passes the Idempotency-Key header (replay) (20ms)
  ✓  5 [chromium] › api.spec.ts:42:7 › API through the nginx proxy › serves the API explorer and deep links (13ms)
  ✓  1 [chromium] › todos.spec.ts:4:5 › create, view, edit, complete, filter and delete a task (763ms)
  ✓  6 [chromium] › todos.spec.ts:42:5 › an empty title is rejected before anything is created (244ms)
  ✓  7 [chromium] › todos.spec.ts:51:5 › a concurrent edit shows a conflict notice and keeps my edits (439ms)
  ✓  8 [chromium] › todos.spec.ts:78:5 › tasks persist across a reload (332ms)

  8 passed (2.4s)
