 Image review-storyboard-migrate Building 
 Image review-storyboard-web Building 
 Image review-storyboard-api Building 
#1 [internal] load local bake definitions
#1 reading from stdin 1.64kB done
#1 DONE 0.0s

#2 [migrate internal] load build definition from Dockerfile
#2 transferring dockerfile: 4.26kB done
#2 DONE 0.0s

#3 [migrate] resolve image config for docker-image://docker.io/docker/dockerfile:1
#3 DONE 0.2s

#4 [migrate] docker-image://docker.io/docker/dockerfile:1@sha256:4edf897a3ffa55b89f906fc8cc78afdb3f1834cc9c7083565e611a8a7d5fe99e
#4 resolve docker.io/docker/dockerfile:1@sha256:4edf897a3ffa55b89f906fc8cc78afdb3f1834cc9c7083565e611a8a7d5fe99e 0.1s done
#4 resolve docker.io/docker/dockerfile:1@sha256:4edf897a3ffa55b89f906fc8cc78afdb3f1834cc9c7083565e611a8a7d5fe99e 0.1s done
#4 CACHED

#5 [web internal] load metadata for docker.io/library/node:24.21-alpine
#5 ...

#6 [web internal] load metadata for docker.io/nginxinc/nginx-unprivileged:1.31-alpine
#6 DONE 0.2s

#5 [api internal] load metadata for docker.io/library/node:24.21-alpine
#5 DONE 0.2s

#7 [web internal] load .dockerignore
#7 transferring context: 135B done
#7 DONE 0.0s

#8 [web base 1/2] FROM docker.io/library/node:24.21-alpine@sha256:ebfe2f90462722a7a4de65e91990e97fe0d401c70e0e762c5b53302f905ec1c1
#8 resolve docker.io/library/node:24.21-alpine@sha256:ebfe2f90462722a7a4de65e91990e97fe0d401c70e0e762c5b53302f905ec1c1 0.0s done
#8 DONE 0.0s

#9 [web web 1/4] FROM docker.io/nginxinc/nginx-unprivileged:1.31-alpine@sha256:26b0bf6fbf07297983cb341998d79c831508787de26627dd2a112321b9c3a4af
#9 resolve docker.io/nginxinc/nginx-unprivileged:1.31-alpine@sha256:26b0bf6fbf07297983cb341998d79c831508787de26627dd2a112321b9c3a4af 0.0s done
#9 DONE 0.0s

#10 [web internal] load build context
#10 transferring context: 1.99MB 0.1s done
#10 transferring context: 1.99MB 0.1s done
#10 DONE 0.1s

#11 [web build-web 1/1] RUN npm run build -w @foci/web
#11 CACHED

#12 [web web 3/4] COPY apps/web/nginx.conf /etc/nginx/conf.d/default.conf
#12 CACHED

#13 [web web 2/4] RUN apk upgrade --no-cache pcre2   && apk list -I pcre2 | grep -Eq '^pcre2-10\.(49|[5-9][0-9])-'
#13 CACHED

#14 [web web 4/4] COPY --from=build-web /repo/apps/web/dist /usr/share/nginx/html
#14 CACHED

#15 [api api 3/9] COPY --from=api-prod-deps --chown=node:node /repo/node_modules ./node_modules
#15 CACHED

#16 [api api 5/9] COPY --from=build-api --chown=node:node /repo/packages/shared/dist packages/shared/dist
#16 CACHED

#17 [api manifests 2/5] COPY packages/shared/package.json packages/shared/
#17 CACHED

#18 [api api 8/9] COPY --chown=node:node apps/api/migrations apps/api/migrations
#18 CACHED

#19 [api api 4/9] COPY --chown=node:node packages/shared/package.json packages/shared/
#19 CACHED

#20 [api manifests 5/5] COPY apps/web/package.json apps/web/
#20 CACHED

#21 [api api 6/9] COPY --chown=node:node apps/api/package.json apps/api/
#21 CACHED

#22 [api base 2/2] WORKDIR /repo
#22 CACHED

#23 [api manifests 1/5] COPY package.json package-lock.json ./
#23 CACHED

#24 [api source 1/1] COPY . .
#24 CACHED

#25 [api api-prod-deps 1/1] RUN --mount=type=cache,target=/root/.npm     npm ci --omit=dev --no-audit --no-fund -w @foci/api -w @foci/shared
#25 CACHED

#26 [api deps 1/1] RUN --mount=type=cache,target=/root/.npm npm ci --no-audit --no-fund
#26 CACHED

#27 [api manifests 4/5] COPY apps/api/package.json apps/api/
#27 CACHED

#28 [api build-api 1/1] RUN npm run build -w @foci/shared -w @foci/api
#28 CACHED

#29 [api manifests 3/5] COPY packages/diagrams/package.json packages/diagrams/
#29 CACHED

#30 [api api 7/9] COPY --from=build-api --chown=node:node /repo/apps/api/dist apps/api/dist
#30 CACHED

#31 [api api 9/9] RUN rm -rf     /usr/local/bin/npm /usr/local/bin/npx /usr/local/bin/corepack     /usr/local/bin/yarn /usr/local/bin/yarnpkg     /usr/local/lib/node_modules/npm /usr/local/lib/node_modules/corepack     /opt/yarn-v*   && ! command -v npm && ! command -v npx && ! command -v corepack   && ! command -v yarn && ! command -v yarnpkg
#31 CACHED

#32 [api] exporting to image
#32 exporting layers done
#32 exporting manifest sha256:cd3bca0f43e3010510a715de92ace915ddefb22b8e9d4dc0b7a248c90c5d58a8 0.0s done
#32 exporting config sha256:0132004a6e605d41d1b965abae2e3ad14abfbc2b2b46ba76b0d6629ed366dfab 0.0s done
#32 exporting attestation manifest sha256:5905d0b9fe8082af2ff9c37b3a1e862693dd74c58ef776b6be987dd0923adc9c 0.0s done
#32 exporting manifest list sha256:c4171a1caf2209f84fe2c4ab19613a7811b3ffbee0dcb709101888a71a68b8ae
#32 exporting manifest list sha256:c4171a1caf2209f84fe2c4ab19613a7811b3ffbee0dcb709101888a71a68b8ae done
#32 naming to docker.io/library/review-storyboard-api:latest done
#32 unpacking to docker.io/library/review-storyboard-api:latest done
#32 DONE 0.1s

#33 [migrate] exporting to image
#33 exporting layers done
#33 exporting manifest sha256:1b8698868d22949b91579e9e46ca350e916c232d380802763373271a7f1f00e8 0.0s done
#33 exporting config sha256:d086ea308c9ff5b6c3f25f0ba8dbabf93e5dd0952e857238359c5c194f2855e1 0.0s done
#33 exporting attestation manifest sha256:2e252d4c47848e48cd6fb7aaa315d17f371b048d9a1f5c52a6996b071bdb75e6 0.0s done
#33 exporting manifest list sha256:ed71afb59ff8b5b4c3bdbb14368d6e93451e9a2fe893063bdbc7a2ccb7a5b8c0 done
#33 naming to docker.io/library/review-storyboard-migrate:latest done
#33 unpacking to docker.io/library/review-storyboard-migrate:latest done
#33 DONE 0.1s

#34 [web] exporting to image
#34 exporting layers done
#34 exporting manifest sha256:2728b5002a23e13495e66453c8a8a96fce0ef2a2b6c8ebc2fab71f7ae330ba9c 0.0s done
#34 exporting config sha256:af3b2f96da306ddf3e5b12bcdfc2702fcfe34b9e1c974d95b4a7c1a3e8a5e0ed 0.0s done
#34 exporting attestation manifest sha256:f0324293fde26413c640337babaa40dd78249c7cff4e1c29accb04ff7c696e5e 0.0s done
#34 exporting manifest list sha256:f0e2735a096014dce6b6f113b638ae25cbb76054bf4254bb8afb58acfdddbebd done
#34 naming to docker.io/library/review-storyboard-web:latest done
#34 unpacking to docker.io/library/review-storyboard-web:latest done
#34 DONE 0.1s

#35 [api] resolving provenance for metadata file
#35 DONE 0.0s

#36 [web] resolving provenance for metadata file
#36 DONE 0.0s

#37 [migrate] resolving provenance for metadata file
#37 DONE 0.0s
 Image review-storyboard-web Built 
 Image review-storyboard-migrate Built 
 Image review-storyboard-api Built 
 Network review-storyboard_default Creating 
 Network review-storyboard_default Creating 
 Volume review-storyboard_pgdata Creating 
 Volume review-storyboard_pgdata Creating 
 Volume review-storyboard_pgdata Created 
 Volume review-storyboard_pgdata Created 
 Network review-storyboard_default Created 
 Network review-storyboard_default Created 
 Container review-storyboard-db-1 Creating 
 Container review-storyboard-db-1 Created 
 Container review-storyboard-migrate-1 Creating 
 Container review-storyboard-migrate-1 Created 
 Container review-storyboard-api-1 Creating 
 Container review-storyboard-api-1 Created 
 Container review-storyboard-web-1 Creating 
 Container review-storyboard-web-1 Created 
 Container review-storyboard-db-1 Starting 
 Container review-storyboard-db-1 Started 
 Container review-storyboard-db-1 Waiting 
 Container review-storyboard-db-1 Healthy 
 Container review-storyboard-migrate-1 Starting 
 Container review-storyboard-migrate-1 Started 
 Container review-storyboard-migrate-1 Waiting 
 Container review-storyboard-migrate-1 Exited 
 Container review-storyboard-api-1 Starting 
 Container review-storyboard-api-1 Started 
 Container review-storyboard-api-1 Waiting 
 Container review-storyboard-api-1 Healthy 
 Container review-storyboard-web-1 Starting 
 Container review-storyboard-web-1 Started 
