

  █ THRESHOLDS 

    checks
    ✓ 'rate==1' rate=100.00%


  █ TOTAL RESULTS 

    checks_total.......: 600     1856.305036/s
    checks_succeeded...: 100.00% 600 out of 600
    checks_failed......: 0.00%   0 out of 600

    ✓ DELETE is 204 or 404

    CUSTOM
    deleted........................: 20     61.876835/s

    HTTP
    http_req_duration..............: avg=13.6ms  min=840.32µs med=12.24ms max=42.41ms p(90)=19.4ms  p(95)=21.63ms
      { expected_response:true }...: avg=13.6ms  min=840.32µs med=12.24ms max=42.41ms p(90)=19.4ms  p(95)=21.63ms
    http_req_failed................: 0.00%  0 out of 620
    http_reqs......................: 620    1918.18187/s

    EXECUTION
    iteration_duration.............: avg=14.07ms min=4.05ms   med=12.54ms max=42.62ms p(90)=19.61ms p(95)=22.1ms 
    iterations.....................: 600    1856.305036/s

    NETWORK
    data_received..................: 229 kB 708 kB/s
    data_sent......................: 80 kB  247 kB/s



