 Image review-stress-api Building 
 Image review-stress-migrate Building 
 Image review-stress-web Building 
#1 [internal] load local bake definitions
#1 reading from stdin 1.55kB done
#1 DONE 0.0s

#2 [migrate internal] load build definition from Dockerfile
#2 transferring dockerfile: 3.98kB done
#2 DONE 0.0s

#3 [web] resolve image config for docker-image://docker.io/docker/dockerfile:1
#3 DONE 0.1s

#4 [web] docker-image://docker.io/docker/dockerfile:1@sha256:4edf897a3ffa55b89f906fc8cc78afdb3f1834cc9c7083565e611a8a7d5fe99e
#4 resolve docker.io/docker/dockerfile:1@sha256:4edf897a3ffa55b89f906fc8cc78afdb3f1834cc9c7083565e611a8a7d5fe99e done
#4 CACHED

#5 [web internal] load metadata for docker.io/nginxinc/nginx-unprivileged:1.31-alpine
#5 DONE 0.1s

#6 [web internal] load metadata for docker.io/library/node:24.21-alpine
#6 DONE 0.1s

#7 [api internal] load .dockerignore
#7 transferring context: 135B done
#7 DONE 0.0s

#8 [migrate base 1/2] FROM docker.io/library/node:24.21-alpine@sha256:ebfe2f90462722a7a4de65e91990e97fe0d401c70e0e762c5b53302f905ec1c1
#8 resolve docker.io/library/node:24.21-alpine@sha256:ebfe2f90462722a7a4de65e91990e97fe0d401c70e0e762c5b53302f905ec1c1 0.0s done
#8 DONE 0.0s

#9 [web web 1/3] FROM docker.io/nginxinc/nginx-unprivileged:1.31-alpine@sha256:26b0bf6fbf07297983cb341998d79c831508787de26627dd2a112321b9c3a4af
#9 resolve docker.io/nginxinc/nginx-unprivileged:1.31-alpine@sha256:26b0bf6fbf07297983cb341998d79c831508787de26627dd2a112321b9c3a4af 0.0s done
#9 DONE 0.0s

#10 [migrate internal] load build context
#10 transferring context: 16.84kB 0.0s done
#10 DONE 0.0s

#11 [web source 1/1] COPY . .
#11 CACHED

#12 [web manifests 2/5] COPY packages/shared/package.json packages/shared/
#12 CACHED

#13 [web manifests 3/5] COPY packages/diagrams/package.json packages/diagrams/
#13 CACHED

#14 [web manifests 5/5] COPY apps/web/package.json apps/web/
#14 CACHED

#15 [web web 2/3] COPY apps/web/nginx.conf /etc/nginx/conf.d/default.conf
#15 CACHED

#16 [web base 2/2] WORKDIR /repo
#16 CACHED

#17 [web manifests 4/5] COPY apps/api/package.json apps/api/
#17 CACHED

#18 [web deps 1/1] RUN --mount=type=cache,target=/root/.npm npm ci --no-audit --no-fund
#18 CACHED

#19 [web manifests 1/5] COPY package.json package-lock.json ./
#19 CACHED

#20 [web build-web 1/1] RUN npm run build -w @foci/web
#20 CACHED

#21 [web web 3/3] COPY --from=build-web /repo/apps/web/dist /usr/share/nginx/html
#21 CACHED

#22 [api build-api 1/1] RUN npm run build -w @foci/shared -w @foci/api
#22 CACHED

#19 [api manifests 1/5] COPY package.json package-lock.json ./
#19 CACHED

#23 [api api 8/9] COPY --chown=node:node apps/api/migrations apps/api/migrations
#23 CACHED

#24 [api api 4/9] COPY --chown=node:node packages/shared/package.json packages/shared/
#24 CACHED

#25 [api api 6/9] COPY --chown=node:node apps/api/package.json apps/api/
#25 CACHED

#12 [api manifests 2/5] COPY packages/shared/package.json packages/shared/
#12 CACHED

#13 [api manifests 3/5] COPY packages/diagrams/package.json packages/diagrams/
#13 CACHED

#17 [api manifests 4/5] COPY apps/api/package.json apps/api/
#17 CACHED

#26 [api api 7/9] COPY --from=build-api --chown=node:node /repo/apps/api/dist apps/api/dist
#26 CACHED

#18 [api deps 1/1] RUN --mount=type=cache,target=/root/.npm npm ci --no-audit --no-fund
#18 CACHED

#11 [api source 1/1] COPY . .
#11 CACHED

#27 [api api 3/9] COPY --from=api-prod-deps --chown=node:node /repo/node_modules ./node_modules
#27 CACHED

#28 [api api 5/9] COPY --from=build-api --chown=node:node /repo/packages/shared/dist packages/shared/dist
#28 CACHED

#29 [api api-prod-deps 1/1] RUN --mount=type=cache,target=/root/.npm     npm ci --omit=dev --no-audit --no-fund -w @foci/api -w @foci/shared
#29 CACHED

#16 [api base 2/2] WORKDIR /repo
#16 CACHED

#14 [api manifests 5/5] COPY apps/web/package.json apps/web/
#14 CACHED

#30 [migrate api 9/9] RUN rm -rf     /usr/local/bin/npm /usr/local/bin/npx /usr/local/bin/corepack     /usr/local/bin/yarn /usr/local/bin/yarnpkg     /usr/local/lib/node_modules/npm /usr/local/lib/node_modules/corepack     /opt/yarn-v*   && ! command -v npm && ! command -v npx && ! command -v corepack   && ! command -v yarn && ! command -v yarnpkg
#30 CACHED

#31 [web] exporting to image
#31 exporting layers 0.0s done
#31 exporting manifest sha256:f3936c2d7446585070f00cfc51242c1720dec8004cd8cbac9d672f1ccdda2c48 done
#31 exporting config sha256:4b84eb06c1a1bd507aaa403bff3496d49b1c8572c6a4942837880b12b7e1f52a done
#31 exporting attestation manifest sha256:a556e26fa4648700e15cf84b8e940e67016c78094df8952686a1871b0fb70d51 0.0s done
#31 exporting manifest list sha256:bd8900653879696164013d18e93b4bdb3e733f4f68433a72233a32ddf01e4cfa 0.0s done
#31 naming to docker.io/library/review-stress-web:latest done
#31 unpacking to docker.io/library/review-stress-web:latest 0.0s done
#31 DONE 0.1s

#32 [migrate] exporting to image
#32 exporting layers done
#32 exporting manifest sha256:a5f07997d694460b11b114bb2e6e5009953e206010a52d95ea25f5306a739098 done
#32 exporting config sha256:b7cfc86a1b0510bf3378974f7466033d45705d70b8c13c46020c645bd9e76602 done
#32 exporting attestation manifest sha256:9849b759505180abffff3e14a8346fd5f1658aed377dcea3b6ee75b34635eca5 0.0s done
#32 exporting manifest list sha256:c2c3b9ef9d9e2f80d2053bfa18e20353ed9826ab663905d06e38ee54523b8dc8 done
#32 naming to docker.io/library/review-stress-migrate:latest done
#32 unpacking to docker.io/library/review-stress-migrate:latest done
#32 DONE 0.1s

#33 [api] exporting to image
#33 exporting layers done
#33 exporting manifest sha256:8d8be51ec6cfe72e4baeeb80691f84c3b852904d7aa074f3e7211523de4619b6 done
#33 exporting config sha256:82f9df3326d9bb1c792195250d8c1794be3a08cb7297bb0401658b7c68a5cd45 done
#33 exporting attestation manifest sha256:c200258417db782d51342e078a5384ffc2df84e3dc15d11d788070fcbf3ba3fd 0.0s done
#33 exporting manifest list sha256:e60b96d487e39f5900aa23b1754f9a436e5906ecb416da5dd56108611894aca3 done
#33 naming to docker.io/library/review-stress-api:latest done
#33 unpacking to docker.io/library/review-stress-api:latest done
#33 DONE 0.1s

#34 [web] resolving provenance for metadata file
#34 DONE 0.0s

#35 [migrate] resolving provenance for metadata file
#35 DONE 0.0s

#36 [api] resolving provenance for metadata file
#36 DONE 0.0s
 Image review-stress-migrate Built 
 Image review-stress-api Built 
 Image review-stress-web Built 
 Network review-stress_default Creating 
 Network review-stress_default Creating 
 Volume review-stress_pgdata Creating 
 Volume review-stress_pgdata Creating 
 Volume review-stress_pgdata Created 
 Volume review-stress_pgdata Created 
 Network review-stress_default Created 
 Network review-stress_default Created 
 Container review-stress-db-1 Creating 
 Container review-stress-db-1 Created 
 Container review-stress-migrate-1 Creating 
 Container review-stress-migrate-1 Created 
 Container review-stress-api-1 Creating 
 Container review-stress-api-1 Created 
 Container review-stress-web-1 Creating 
 Container review-stress-web-1 Created 
 Container review-stress-db-1 Starting 
 Container review-stress-db-1 Started 
 Container review-stress-db-1 Waiting 
 Container review-stress-db-1 Healthy 
 Container review-stress-migrate-1 Starting 
 Container review-stress-migrate-1 Started 
 Container review-stress-migrate-1 Waiting 
 Container review-stress-migrate-1 Exited 
 Container review-stress-api-1 Starting 
 Container review-stress-api-1 Started 
 Container review-stress-api-1 Waiting 
 Container review-stress-api-1 Healthy 
 Container review-stress-web-1 Starting 
 Container review-stress-web-1 Started 
