 Image review-stress-migrate Building 
 Image review-stress-api Building 
 Image review-stress-web Building 
#1 [internal] load local bake definitions
#1 reading from stdin 1.55kB done
#1 DONE 0.0s

#2 [api internal] load build definition from Dockerfile
#2 transferring dockerfile: 3.98kB done
#2 DONE 0.0s

#3 [web] resolve image config for docker-image://docker.io/docker/dockerfile:1
#3 DONE 0.1s

#4 [migrate] docker-image://docker.io/docker/dockerfile:1@sha256:4edf897a3ffa55b89f906fc8cc78afdb3f1834cc9c7083565e611a8a7d5fe99e
#4 resolve docker.io/docker/dockerfile:1@sha256:4edf897a3ffa55b89f906fc8cc78afdb3f1834cc9c7083565e611a8a7d5fe99e done
#4 CACHED

#5 [api internal] load metadata for docker.io/library/node:24.21-alpine
#5 DONE 0.1s

#6 [web internal] load metadata for docker.io/nginxinc/nginx-unprivileged:1.31-alpine
#6 DONE 0.1s

#7 [migrate internal] load .dockerignore
#7 transferring context: 135B done
#7 DONE 0.0s

#8 [api base 1/2] FROM docker.io/library/node:24.21-alpine@sha256:ebfe2f90462722a7a4de65e91990e97fe0d401c70e0e762c5b53302f905ec1c1
#8 resolve docker.io/library/node:24.21-alpine@sha256:ebfe2f90462722a7a4de65e91990e97fe0d401c70e0e762c5b53302f905ec1c1 0.0s done
#8 DONE 0.0s

#9 [web web 1/3] FROM docker.io/nginxinc/nginx-unprivileged:1.31-alpine@sha256:26b0bf6fbf07297983cb341998d79c831508787de26627dd2a112321b9c3a4af
#9 resolve docker.io/nginxinc/nginx-unprivileged:1.31-alpine@sha256:26b0bf6fbf07297983cb341998d79c831508787de26627dd2a112321b9c3a4af 0.0s done
#9 DONE 0.0s

#10 [migrate internal] load build context
#10 transferring context: 16.84kB 0.0s done
#10 DONE 0.0s

#11 [web manifests 5/5] COPY apps/web/package.json apps/web/
#11 CACHED

#12 [web manifests 2/5] COPY packages/shared/package.json packages/shared/
#12 CACHED

#13 [web manifests 3/5] COPY packages/diagrams/package.json packages/diagrams/
#13 CACHED

#14 [web manifests 4/5] COPY apps/api/package.json apps/api/
#14 CACHED

#15 [web build-web 1/1] RUN npm run build -w @foci/web
#15 CACHED

#16 [web manifests 1/5] COPY package.json package-lock.json ./
#16 CACHED

#17 [web deps 1/1] RUN --mount=type=cache,target=/root/.npm npm ci --no-audit --no-fund
#17 CACHED

#18 [web base 2/2] WORKDIR /repo
#18 CACHED

#19 [web source 1/1] COPY . .
#19 CACHED

#20 [web web 2/3] COPY apps/web/nginx.conf /etc/nginx/conf.d/default.conf
#20 CACHED

#21 [web web 3/3] COPY --from=build-web /repo/apps/web/dist /usr/share/nginx/html
#21 CACHED

#22 [migrate api 4/9] COPY --chown=node:node packages/shared/package.json packages/shared/
#22 CACHED

#23 [migrate api 8/9] COPY --chown=node:node apps/api/migrations apps/api/migrations
#23 CACHED

#14 [migrate manifests 4/5] COPY apps/api/package.json apps/api/
#14 CACHED

#24 [migrate build-api 1/1] RUN npm run build -w @foci/shared -w @foci/api
#24 CACHED

#25 [migrate api 7/9] COPY --from=build-api --chown=node:node /repo/apps/api/dist apps/api/dist
#25 CACHED

#26 [migrate api 5/9] COPY --from=build-api --chown=node:node /repo/packages/shared/dist packages/shared/dist
#26 CACHED

#27 [migrate api 6/9] COPY --chown=node:node apps/api/package.json apps/api/
#27 CACHED

#11 [migrate manifests 5/5] COPY apps/web/package.json apps/web/
#11 CACHED

#28 [migrate api-prod-deps 1/1] RUN --mount=type=cache,target=/root/.npm     npm ci --omit=dev --no-audit --no-fund -w @foci/api -w @foci/shared
#28 CACHED

#29 [migrate api 3/9] COPY --from=api-prod-deps --chown=node:node /repo/node_modules ./node_modules
#29 CACHED

#16 [migrate manifests 1/5] COPY package.json package-lock.json ./
#16 CACHED

#19 [migrate source 1/1] COPY . .
#19 CACHED

#13 [migrate manifests 3/5] COPY packages/diagrams/package.json packages/diagrams/
#13 CACHED

#12 [migrate manifests 2/5] COPY packages/shared/package.json packages/shared/
#12 CACHED

#18 [migrate base 2/2] WORKDIR /repo
#18 CACHED

#17 [migrate deps 1/1] RUN --mount=type=cache,target=/root/.npm npm ci --no-audit --no-fund
#17 CACHED

#30 [migrate api 9/9] RUN rm -rf     /usr/local/bin/npm /usr/local/bin/npx /usr/local/bin/corepack     /usr/local/bin/yarn /usr/local/bin/yarnpkg     /usr/local/lib/node_modules/npm /usr/local/lib/node_modules/corepack     /opt/yarn-v*   && ! command -v npm && ! command -v npx && ! command -v corepack   && ! command -v yarn && ! command -v yarnpkg
#30 CACHED

#31 [web] exporting to image
#31 exporting layers done
#31 exporting manifest sha256:f3936c2d7446585070f00cfc51242c1720dec8004cd8cbac9d672f1ccdda2c48 done
#31 exporting config sha256:4b84eb06c1a1bd507aaa403bff3496d49b1c8572c6a4942837880b12b7e1f52a done
#31 exporting attestation manifest sha256:2919c8bf038356f096ef99e7f8556607e2042d6f4cda0130c79c1203cabf5a7a 0.0s done
#31 exporting manifest list sha256:1d26f4e93d19e4b69861e8a822b77e78a3a97dde7f74b6603fd8b137b60f9ad8 0.0s done
#31 naming to docker.io/library/review-stress-web:latest done
#31 unpacking to docker.io/library/review-stress-web:latest done
#31 DONE 0.1s

#32 [api] exporting to image
#32 exporting layers done
#32 exporting manifest sha256:8d8be51ec6cfe72e4baeeb80691f84c3b852904d7aa074f3e7211523de4619b6 done
#32 exporting config sha256:82f9df3326d9bb1c792195250d8c1794be3a08cb7297bb0401658b7c68a5cd45 done
#32 exporting attestation manifest sha256:5c898e8a42d4fd583eb9cdaece517cb722f0acbc13e4895793b659739ab50dbe 0.0s done
#32 exporting manifest list sha256:659b150f96418c012fd22df8b17fc8720c404a17ce332463a3ba03030ceff1cd 0.0s done
#32 naming to docker.io/library/review-stress-api:latest done
#32 unpacking to docker.io/library/review-stress-api:latest done
#32 DONE 0.1s

#33 [migrate] exporting to image
#33 exporting layers done
#33 exporting manifest sha256:a5f07997d694460b11b114bb2e6e5009953e206010a52d95ea25f5306a739098 done
#33 exporting config sha256:b7cfc86a1b0510bf3378974f7466033d45705d70b8c13c46020c645bd9e76602 done
#33 exporting attestation manifest sha256:b21a26d0127f3e278afdd02ea1a52ee06c84419e0e72f7ceafa8246a2f6f6aca 0.0s done
#33 exporting manifest list sha256:42f6220aafa9c23843c35ecd5e4051024eb4e34a5e9129d892eb1492f04cee51 done
#33 naming to docker.io/library/review-stress-migrate:latest done
#33 unpacking to docker.io/library/review-stress-migrate:latest done
#33 DONE 0.1s

#34 [web] resolving provenance for metadata file
#34 DONE 0.0s

#35 [api] resolving provenance for metadata file
#35 DONE 0.0s

#36 [migrate] resolving provenance for metadata file
#36 DONE 0.0s
 Image review-stress-migrate Built 
 Image review-stress-api Built 
 Image review-stress-web Built 
 Network review-stress_default Creating 
 Network review-stress_default Creating 
 Volume review-stress_pgdata Creating 
 Volume review-stress_pgdata Creating 
 Volume review-stress_pgdata Created 
 Volume review-stress_pgdata Created 
 Network review-stress_default Created 
 Network review-stress_default Created 
 Container review-stress-db-1 Creating 
 Container review-stress-db-1 Created 
 Container review-stress-migrate-1 Creating 
 Container review-stress-migrate-1 Created 
 Container review-stress-api-1 Creating 
 Container review-stress-api-1 Created 
 Container review-stress-web-1 Creating 
 Container review-stress-web-1 Created 
 Container review-stress-db-1 Starting 
 Container review-stress-db-1 Started 
 Container review-stress-db-1 Waiting 
 Container review-stress-db-1 Healthy 
 Container review-stress-migrate-1 Starting 
 Container review-stress-migrate-1 Started 
 Container review-stress-migrate-1 Waiting 
 Container review-stress-migrate-1 Exited 
 Container review-stress-api-1 Starting 
 Container review-stress-api-1 Started 
 Container review-stress-api-1 Waiting 
 Container review-stress-api-1 Healthy 
 Container review-stress-web-1 Starting 
 Container review-stress-web-1 Started 
