

  █ THRESHOLDS 

    checks
    ✓ 'rate==1' rate=100.00%

    http_req_failed
    ✓ 'rate==0' rate=0.00%


  █ TOTAL RESULTS 

    checks_total.......: 100673  3365.431928/s
    checks_succeeded...: 100.00% 100673 out of 100673
    checks_failed......: 0.00%   0 out of 100673

    ✓ PATCH is 200 or 412

    CUSTOM
    successful_patches.............: 19727  659.460587/s

    HTTP
    http_req_duration..............: avg=7.32ms  min=9µs    med=6.43ms max=162.43ms p(90)=10.96ms p(95)=13.14ms
      { expected_response:true }...: avg=7.32ms  min=9µs    med=6.43ms max=162.43ms p(90)=10.96ms p(95)=13.14ms
    http_req_failed................: 0.00%  0 out of 201351
    http_reqs......................: 201351 6731.031003/s

    EXECUTION
    iteration_duration.............: avg=14.88ms min=1.47ms med=14ms   max=182.86ms p(90)=20ms    p(95)=23.38ms
    iterations.....................: 100673 3365.431928/s
    vus............................: 50     min=50          max=50
    vus_max........................: 50     min=50          max=50

    NETWORK
    data_received..................: 82 MB  2.7 MB/s
    data_sent......................: 32 MB  1.1 MB/s



