 Image review-acceptance-web Building 
 Image review-acceptance-api Building 
 Image review-acceptance-migrate Building 
#1 [internal] load local bake definitions
#1 reading from stdin 1.64kB done
#1 DONE 0.0s

#2 [web internal] load build definition from Dockerfile
#2 transferring dockerfile: 30B
#2 transferring dockerfile: 4.39kB done
#2 DONE 0.0s

#3 [api] resolve image config for docker-image://docker.io/docker/dockerfile:1
#3 DONE 0.2s

#4 [api] docker-image://docker.io/docker/dockerfile:1@sha256:4edf897a3ffa55b89f906fc8cc78afdb3f1834cc9c7083565e611a8a7d5fe99e
#4 resolve docker.io/docker/dockerfile:1@sha256:4edf897a3ffa55b89f906fc8cc78afdb3f1834cc9c7083565e611a8a7d5fe99e done
#4 CACHED

#5 [web internal] load metadata for docker.io/library/node:24.21-alpine
#5 DONE 0.2s

#6 [web internal] load metadata for docker.io/nginxinc/nginx-unprivileged:1.31-alpine
#6 DONE 0.2s

#7 [migrate internal] load .dockerignore
#7 transferring context: 135B done
#7 DONE 0.0s

#8 [web base 1/2] FROM docker.io/library/node:24.21-alpine@sha256:ebfe2f90462722a7a4de65e91990e97fe0d401c70e0e762c5b53302f905ec1c1
#8 resolve docker.io/library/node:24.21-alpine@sha256:ebfe2f90462722a7a4de65e91990e97fe0d401c70e0e762c5b53302f905ec1c1 0.0s done
#8 DONE 0.0s

#9 [web web 1/4] FROM docker.io/nginxinc/nginx-unprivileged:1.31-alpine@sha256:26b0bf6fbf07297983cb341998d79c831508787de26627dd2a112321b9c3a4af
#9 resolve docker.io/nginxinc/nginx-unprivileged:1.31-alpine@sha256:26b0bf6fbf07297983cb341998d79c831508787de26627dd2a112321b9c3a4af 0.0s done
#9 DONE 0.0s

#10 [web internal] load build context
#10 transferring context: 3.91MB 0.1s done
#10 transferring context: 3.91MB 0.1s done
#10 DONE 0.1s

#11 [web build-web 1/1] RUN npm run build -w @foci/web
#11 CACHED

#12 [web web 2/4] RUN apk upgrade --no-cache pcre2   && apk list -I pcre2 | grep -Eq '^pcre2-10\.(49|[5-9][0-9])-'
#12 CACHED

#13 [web web 3/4] COPY apps/web/nginx.conf /etc/nginx/conf.d/default.conf
#13 CACHED

#14 [api manifests 5/5] COPY apps/web/package.json apps/web/
#14 CACHED

#15 [api manifests 2/5] COPY packages/shared/package.json packages/shared/
#15 CACHED

#16 [api base 2/2] WORKDIR /repo
#16 CACHED

#17 [api api-prod-deps 1/1] RUN --mount=type=cache,target=/root/.npm     npm ci --omit=dev --no-audit --no-fund -w @foci/api -w @foci/shared
#17 CACHED

#18 [api api 3/9] COPY --from=api-prod-deps --chown=node:node /repo/node_modules ./node_modules
#18 CACHED

#19 [api manifests 4/5] COPY apps/api/package.json apps/api/
#19 CACHED

#20 [api api 4/9] COPY --chown=node:node packages/shared/package.json packages/shared/
#20 CACHED

#21 [api build-api 1/1] RUN npm run build -w @foci/shared -w @foci/api
#21 CACHED

#22 [api manifests 3/5] COPY packages/diagrams/package.json packages/diagrams/
#22 CACHED

#23 [api api 8/9] COPY --chown=node:node apps/api/migrations apps/api/migrations
#23 CACHED

#24 [api api 7/9] COPY --from=build-api --chown=node:node /repo/apps/api/dist apps/api/dist
#24 CACHED

#25 [api deps 1/1] RUN --mount=type=cache,target=/root/.npm npm ci --no-audit --no-fund
#25 CACHED

#26 [api manifests 1/5] COPY package.json package-lock.json ./
#26 CACHED

#27 [api api 5/9] COPY --from=build-api --chown=node:node /repo/packages/shared/dist packages/shared/dist
#27 CACHED

#28 [api api 6/9] COPY --chown=node:node apps/api/package.json apps/api/
#28 CACHED

#29 [api source 1/1] COPY . .
#29 CACHED

#30 [web web 4/4] COPY --from=build-web /repo/apps/web/dist /usr/share/nginx/html
#30 CACHED

#31 [migrate api 9/9] RUN rm -rf     /usr/local/bin/npm /usr/local/bin/npx /usr/local/bin/corepack     /usr/local/bin/yarn /usr/local/bin/yarnpkg     /usr/local/lib/node_modules/npm /usr/local/lib/node_modules/corepack     /opt/yarn-v*   && ! command -v npm && ! command -v npx && ! command -v corepack   && ! command -v yarn && ! command -v yarnpkg
#31 CACHED

#32 [migrate] exporting to image
#32 exporting layers done
#32 exporting manifest sha256:c9179de3ada7f9b5e490c1278d800db992b847c98d99d60f70f5c87918b83407 done
#32 exporting config sha256:948c97570d363f8e5b9fec5e0507f1dd23ea655e3809596eb031783f5f6ed12f done
#32 exporting attestation manifest sha256:b0c508c289805621bed1f742b1539cf0e2e7b1701accaa78ff5196ae68f4cbee 0.0s done
#32 exporting manifest list sha256:a6b52abecb9066ed20dd704ab78e0ff8b68cf3e7d7700ad8cd4d1b28bbfae90f 0.0s done
#32 naming to docker.io/library/review-acceptance-migrate:latest done
#32 unpacking to docker.io/library/review-acceptance-migrate:latest 0.0s done
#32 DONE 0.1s

#33 [api] exporting to image
#33 exporting layers done
#33 exporting manifest sha256:6c5f4168c22882bd71d1654b414a74b80605cf3329e3e5e15fe33130a73c23d2 done
#33 exporting config sha256:308b758aa701d007e834cb3213c304aa597065d855644556e584f6df1f454c64 done
#33 exporting attestation manifest sha256:326860b3916673750f8fed26a812a5cf327a8956edc19d58dfded739f3ac666f 0.0s done
#33 exporting manifest list sha256:043af9aed27e2266a825480d0c2c8c80977c3b29d20116f941e20e0de8330ce8 0.0s done
#33 naming to docker.io/library/review-acceptance-api:latest done
#33 unpacking to docker.io/library/review-acceptance-api:latest done
#33 DONE 0.1s

#34 [web] exporting to image
#34 exporting layers done
#34 exporting manifest sha256:f2b82851840d9cd4bb92b07ff0a8b23d4018313f4aa8f72c54bc936fac9daa5a done
#34 exporting config sha256:e62ad15c2699c2a596fed3044bc4bf4ece9910ac8bc0b7f4f0d59a8ce1621f95 done
#34 exporting attestation manifest sha256:d099295f4a245b66a88ba086f57a323ba801ddb7cc2d2ad0d65060b6937cfa3d 0.0s done
#34 exporting manifest list sha256:d2ab0f0ed9c5dd33387e654c09e91833b55d65880615e253fa1685d00645fdf6 0.0s done
#34 naming to docker.io/library/review-acceptance-web:latest done
#34 unpacking to docker.io/library/review-acceptance-web:latest done
#34 DONE 0.1s

#35 [web] resolving provenance for metadata file
#35 DONE 0.0s

#36 [migrate] resolving provenance for metadata file
#36 DONE 0.0s

#37 [api] resolving provenance for metadata file
#37 DONE 0.0s
 Image review-acceptance-web Built 
 Image review-acceptance-migrate Built 
 Image review-acceptance-api Built 
 Network review-acceptance_default Creating 
 Network review-acceptance_default Creating 
 Volume review-acceptance_pgdata Creating 
 Volume review-acceptance_pgdata Creating 
 Volume review-acceptance_pgdata Created 
 Volume review-acceptance_pgdata Created 
 Network review-acceptance_default Created 
 Network review-acceptance_default Created 
 Container review-acceptance-db-1 Creating 
 Container review-acceptance-db-1 Created 
 Container review-acceptance-migrate-1 Creating 
 Container review-acceptance-migrate-1 Created 
 Container review-acceptance-api-1 Creating 
 Container review-acceptance-api-1 Created 
 Container review-acceptance-web-1 Creating 
 Container review-acceptance-web-1 Created 
 Container review-acceptance-db-1 Starting 
 Container review-acceptance-db-1 Started 
 Container review-acceptance-db-1 Waiting 
 Container review-acceptance-db-1 Healthy 
 Container review-acceptance-migrate-1 Starting 
 Container review-acceptance-migrate-1 Started 
 Container review-acceptance-migrate-1 Waiting 
 Container review-acceptance-migrate-1 Exited 
 Container review-acceptance-api-1 Starting 
 Container review-acceptance-api-1 Started 
 Container review-acceptance-api-1 Waiting 
 Container review-acceptance-api-1 Healthy 
 Container review-acceptance-web-1 Starting 
 Container review-acceptance-web-1 Started 
